Component: ARM Compiler 6.10.1 Tool: armlink [5d142800]

==============================================================================

Section Cross References

    stm32h7xx_hal_msp.o(.ARM.exidx.text.HAL_MspInit) refers to stm32h7xx_hal_msp.o(.text.HAL_MspInit) for [Anonymous Symbol]
    stm32h7xx_hal_msp.o(.ARM.exidx.text.HAL_MspDeInit) refers to stm32h7xx_hal_msp.o(.text.HAL_MspDeInit) for [Anonymous Symbol]
    system_stm32h7xx.o(.ARM.exidx.text.SystemInit) refers to system_stm32h7xx.o(.text.SystemInit) for [Anonymous Symbol]
    system_stm32h7xx.o(.text.SystemCoreClockUpdate) refers to system_stm32h7xx.o(.data.SystemCoreClock) for SystemCoreClock
    system_stm32h7xx.o(.text.SystemCoreClockUpdate) refers to system_stm32h7xx.o(.rodata.D1CorePrescTable) for D1CorePrescTable
    system_stm32h7xx.o(.ARM.exidx.text.SystemCoreClockUpdate) refers to system_stm32h7xx.o(.text.SystemCoreClockUpdate) for [Anonymous Symbol]
    main.o(.text.main) refers to hardware_init.o(.text.HardwareInit) for HardwareInit
    main.o(.text.main) refers to os_core.o(.text.OSInit) for OSInit
    main.o(.text.main) refers to cpu_a.o(.text) for CPU_SR_Save
    main.o(.text.main) refers to cpu_core.o(.text.CPU_IntDisMeasStart) for CPU_IntDisMeasStart
    main.o(.text.main) refers to app.o(.bss.START_TASK_STK) for START_TASK_STK
    main.o(.text.main) refers to app.o(.bss.StartTaskTCB) for StartTaskTCB
    main.o(.text.main) refers to app.o(.text.StartTask) for StartTask
    main.o(.text.main) refers to os_task.o(.text.OSTaskCreate) for OSTaskCreate
    main.o(.text.main) refers to cpu_core.o(.text.CPU_IntDisMeasStop) for CPU_IntDisMeasStop
    main.o(.text.main) refers to os_core.o(.text.OSStart) for OSStart
    main.o(.ARM.exidx.text.main) refers to main.o(.text.main) for [Anonymous Symbol]
    stm32h7xx_it.o(.ARM.exidx.text.NMI_Handler) refers to stm32h7xx_it.o(.text.NMI_Handler) for [Anonymous Symbol]
    stm32h7xx_it.o(.ARM.exidx.text.HardFault_Handler) refers to stm32h7xx_it.o(.text.HardFault_Handler) for [Anonymous Symbol]
    stm32h7xx_it.o(.ARM.exidx.text.MemManage_Handler) refers to stm32h7xx_it.o(.text.MemManage_Handler) for [Anonymous Symbol]
    stm32h7xx_it.o(.ARM.exidx.text.BusFault_Handler) refers to stm32h7xx_it.o(.text.BusFault_Handler) for [Anonymous Symbol]
    stm32h7xx_it.o(.ARM.exidx.text.UsageFault_Handler) refers to stm32h7xx_it.o(.text.UsageFault_Handler) for [Anonymous Symbol]
    stm32h7xx_it.o(.ARM.exidx.text.SVC_Handler) refers to stm32h7xx_it.o(.text.SVC_Handler) for [Anonymous Symbol]
    stm32h7xx_it.o(.ARM.exidx.text.DebugMon_Handler) refers to stm32h7xx_it.o(.text.DebugMon_Handler) for [Anonymous Symbol]
    stm32h7xx_it.o(.text.SysTick_Handler) refers to stm32h7xx_hal.o(.text.HAL_IncTick) for HAL_IncTick
    stm32h7xx_it.o(.text.SysTick_Handler) refers to os_var.o(.bss.OSRunning) for OSRunning
    stm32h7xx_it.o(.text.SysTick_Handler) refers to os_core.o(.text.OSIntEnter) for OSIntEnter
    stm32h7xx_it.o(.text.SysTick_Handler) refers to os_time.o(.text.OSTimeTick) for OSTimeTick
    stm32h7xx_it.o(.text.SysTick_Handler) refers to os_core.o(.text.OSIntExit) for OSIntExit
    stm32h7xx_it.o(.ARM.exidx.text.SysTick_Handler) refers to stm32h7xx_it.o(.text.SysTick_Handler) for [Anonymous Symbol]
    stm32h7xx_it.o(.text.USART1_IRQHandler) refers to os_core.o(.text.OSIntEnter) for OSIntEnter
    stm32h7xx_it.o(.text.USART1_IRQHandler) refers to usart.o(.bss.UART1_Handler) for UART1_Handler
    stm32h7xx_it.o(.text.USART1_IRQHandler) refers to stm32h7xx_hal_uart.o(.text.HAL_UART_IRQHandler) for HAL_UART_IRQHandler
    stm32h7xx_it.o(.text.USART1_IRQHandler) refers to os_core.o(.text.OSIntExit) for OSIntExit
    stm32h7xx_it.o(.ARM.exidx.text.USART1_IRQHandler) refers to stm32h7xx_it.o(.text.USART1_IRQHandler) for [Anonymous Symbol]
    stm32h7xx_it.o(.text.USART2_IRQHandler) refers to os_core.o(.text.OSIntEnter) for OSIntEnter
    stm32h7xx_it.o(.text.USART2_IRQHandler) refers to usart.o(.bss.UART2_Handler) for UART2_Handler
    stm32h7xx_it.o(.text.USART2_IRQHandler) refers to stm32h7xx_hal_uart.o(.text.HAL_UART_IRQHandler) for HAL_UART_IRQHandler
    stm32h7xx_it.o(.text.USART2_IRQHandler) refers to os_core.o(.text.OSIntExit) for OSIntExit
    stm32h7xx_it.o(.ARM.exidx.text.USART2_IRQHandler) refers to stm32h7xx_it.o(.text.USART2_IRQHandler) for [Anonymous Symbol]
    app.o(.text) refers (Special) to _printf_d.o(.ARM.Collect$$_printf_percent$$00000009) for _printf_d
    app.o(.text) refers (Special) to _printf_f.o(.ARM.Collect$$_printf_percent$$00000003) for _printf_f
    app.o(.text) refers (Special) to printf1.o(x$fpl$printf1) for _printf_fp_dec
    app.o(.text) refers (Special) to _printf_dec.o(.text) for _printf_int_dec
    app.o(.text) refers (Special) to _printf_percent.o(.ARM.Collect$$_printf_percent$$00000000) for _printf_percent
    app.o(.text.StartTask) refers (Special) to _printf_d.o(.ARM.Collect$$_printf_percent$$00000009) for _printf_d
[...]
    HAL_UART_MspInit                         0x08002449   Thumb Code   308  usart.o(.text.HAL_UART_MspInit)
    HAL_UART_Receive_IT                      0x08002581   Thumb Code   166  stm32h7xx_hal_uart.o(.text.HAL_UART_Receive_IT)
    HAL_UART_RxCpltCallback                  0x08002629   Thumb Code   300  transportlayer.o(.text.HAL_UART_RxCpltCallback)
    HAL_UART_TxCpltCallback                  0x08002759   Thumb Code     2  stm32h7xx_hal_uart.o(.text.HAL_UART_TxCpltCallback)
    HardFault_Handler                        0x08002761   Thumb Code     2  stm32h7xx_it.o(.text.HardFault_Handler)
    HardwareInit                             0x08002769   Thumb Code    46  hardware_init.o(.text.HardwareInit)
    LEDInit                                  0x08002799   Thumb Code   200  led.o(.text.LEDInit)
    MemManage_Handler                        0x08002861   Thumb Code     2  stm32h7xx_it.o(.text.MemManage_Handler)
    Mem_Clr                                  0x08002869   Thumb Code     8  lib_mem.o(.text.Mem_Clr)
    Mem_Set                                  0x08002871   Thumb Code   130  lib_mem.o(.text.Mem_Set)
    NMI_Handler                              0x080028f9   Thumb Code     2  stm32h7xx_it.o(.text.NMI_Handler)
    OSCfg_Init                               0x08002939   Thumb Code     2  os_cfg_app.o(.text.OSCfg_Init)
    OSIdleTaskHook                           0x08002941   Thumb Code    18  os_cpu_c.o(.text.OSIdleTaskHook)
    OSInit                                   0x08002959   Thumb Code   382  os_core.o(.text.OSInit)
    OSInitHook                               0x08002ad9   Thumb Code    40  os_cpu_c.o(.text.OSInitHook)
    OSIntEnter                               0x08002b01   Thumb Code    36  os_core.o(.text.OSIntEnter)
    OSIntExit                                0x08002b29   Thumb Code   150  os_core.o(.text.OSIntExit)
    OSMutexCreate                            0x08002bc1   Thumb Code    88  os_mutex.o(.text.OSMutexCreate)
    OSMutexPend                              0x08002c19   Thumb Code   378  os_mutex.o(.text.OSMutexPend)
    OSMutexPost                              0x08002d99   Thumb Code   302  os_mutex.o(.text.OSMutexPost)
    OSSched                                  0x08002ec9   Thumb Code   138  os_core.o(.text.OSSched)
    OSSchedLock                              0x08002f59   Thumb Code    80  os_core.o(.text.OSSchedLock)
    OSSchedRoundRobinCfg                     0x08002fa9   Thumb Code    92  os_core.o(.text.OSSchedRoundRobinCfg)
    OSSchedUnlock                            0x08003009   Thumb Code    94  os_core.o(.text.OSSchedUnlock)
    OSStart                                  0x08003069   Thumb Code   102  os_core.o(.text.OSStart)
    OSStatReset                              0x080030d1   Thumb Code   232  os_stat.o(.text.OSStatReset)
    OSStatTaskCPUUsageInit                   0x080031b9   Thumb Code   214  os_stat.o(.text.OSStatTaskCPUUsageInit)
    OSStatTaskHook                           0x08003291   Thumb Code    18  os_cpu_c.o(.text.OSStatTaskHook)
    OSTaskCreate                             0x080032a9   Thumb Code   294  os_task.o(.text.OSTaskCreate)
    OSTaskCreateHook                         0x080033d1   Thumb Code    18  os_cpu_c.o(.text.OSTaskCreateHook)
    OSTaskDel                                0x080033e9   Thumb Code   324  os_task.o(.text.OSTaskDel)
    OSTaskDelHook                            0x08003531   Thumb Code    18  os_cpu_c.o(.text.OSTaskDelHook)
    OSTaskQPend                              0x08003549   Thumb Code   336  os_task.o(.text.OSTaskQPend)
    OSTaskQPost                              0x08003699   Thumb Code    38  os_task.o(.text.OSTaskQPost)
    OSTaskResume                             0x080036c1   Thumb Code    38  os_task.o(.text.OSTaskResume)
    OSTaskReturnHook                         0x080036e9   Thumb Code    18  os_cpu_c.o(.text.OSTaskReturnHook)
    OSTaskSemPend                            0x08003701   Thumb Code   322  os_task.o(.text.OSTaskSemPend)
    OSTaskSemPost                            0x08003849   Thumb Code    28  os_task.o(.text.OSTaskSemPost)
    OSTaskStkChk                             0x08003869   Thumb Code   140  os_task.o(.text.OSTaskStkChk)
    OSTaskStkInit                            0x080038f9   Thumb Code   338  os_cpu_c.o(.text.OSTaskStkInit)
    OSTaskSuspend                            0x08003a51   Thumb Code    24  os_task.o(.text.OSTaskSuspend)
    OSTaskSwHook                             0x08003a69   Thumb Code   120  os_cpu_c.o(.text.OSTaskSwHook)
    OSTimeDly                                0x08003ae1   Thumb Code   156  os_time.o(.text.OSTimeDly)
    OSTimeDlyHMSM                            0x08003b81   Thumb Code   228  os_time.o(.text.OSTimeDlyHMSM)
    OSTimeTick                               0x08003c69   Thumb Code   110  os_time.o(.text.OSTimeTick)
    OSTimeTickHook                           0x08003cd9   Thumb Code    18  os_cpu_c.o(.text.OSTimeTickHook)
    OS_Dbg_Init                              0x08003cf1   Thumb Code     2  os_dbg.o(.text.OS_Dbg_Init)
    OS_FlagInit                              0x08003cf9   Thumb Code    26  os_flag.o(.text.OS_FlagInit)
    OS_IdleTask                              0x08003d19   Thumb Code    58  os_core.o(.text.OS_IdleTask)
    OS_IdleTaskInit                          0x08003d59   Thumb Code   116  os_core.o(.text.OS_IdleTaskInit)
    OS_MemInit                               0x08003dd1   Thumb Code    26  os_mem.o(.text.OS_MemInit)
    OS_MsgPoolInit                           0x08003df1   Thumb Code   124  os_msg.o(.text.OS_MsgPoolInit)
    OS_MsgQFreeAll                           0x08003e71   Thumb Code    56  os_msg.o(.text.OS_MsgQFreeAll)
    OS_MsgQGet                               0x08003ea9   Thumb Code   118  os_msg.o(.text.OS_MsgQGet)
    OS_MsgQInit                              0x08003f21   Thumb Code    14  os_msg.o(.text.OS_MsgQInit)
    OS_MsgQPut                               0x08003f31   Thumb Code   174  os_msg.o(.text.OS_MsgQPut)
    OS_MutexDbgListAdd                       0x08003fe1   Thumb Code    36  os_mutex.o(.text.OS_MutexDbgListAdd)
    OS_MutexGrpAdd                           0x08004009   Thumb Code     8  os_mutex.o(.text.OS_MutexGrpAdd)
    OS_MutexGrpPostAll                       0x08004011   Thumb Code   100  os_mutex.o(.text.OS_MutexGrpPostAll)
    OS_MutexGrpPrioFindHighest               0x08004079   Thumb Code    40  os_mutex.o(.text.OS_MutexGrpPrioFindHighest)
    OS_MutexGrpRemove                        0x080040a1   Thumb Code    22  os_mutex.o(.text.OS_MutexGrpRemove)
    OS_MutexInit                             0x080040b9   Thumb Code    26  os_mutex.o(.text.OS_MutexInit)
    OS_Pend                                  0x080040d9   Thumb Code    82  os_core.o(.text.OS_Pend)
    OS_PendDataInit                          0x08004131   Thumb Code    58  os_core.o(.text.OS_PendDataInit)
    OS_PendDbgNameAdd                        0x08004171   Thumb Code    76  os_core.o(.text.OS_PendDbgNameAdd)
    OS_PendDbgNameRemove                     0x080041c1   Thumb Code    28  os_core.o(.text.OS_PendDbgNameRemove)
    OS_PendListChangePrio                    0x080041e1   Thumb Code    56  os_core.o(.text.OS_PendListChangePrio)
    OS_PendListInit                          0x08004219   Thumb Code    10  os_core.o(.text.OS_PendListInit)
    OS_PendListInsertPrio                    0x08004229   Thumb Code    96  os_core.o(.text.OS_PendListInsertPrio)
    OS_PendListRemove                        0x08004289   Thumb Code    50  os_core.o(.text.OS_PendListRemove)
    OS_PendListRemove1                       0x080042c1   Thumb Code    76  os_core.o(.text.OS_PendListRemove1)
    OS_Post                                  0x08004311   Thumb Code   180  os_core.o(.text.OS_Post)
    OS_Post1                                 0x080043c9   Thumb Code    62  os_core.o(.text.OS_Post1)
    OS_PrioGetHighest                        0x08004409   Thumb Code    48  os_prio.o(.text.OS_PrioGetHighest)
    OS_PrioInit                              0x08004439   Thumb Code    16  os_prio.o(.text.OS_PrioInit)
    OS_PrioInsert                            0x08004449   Thumb Code    36  os_prio.o(.text.OS_PrioInsert)
    OS_PrioRemove                            0x08004471   Thumb Code    38  os_prio.o(.text.OS_PrioRemove)
    OS_QInit                                 0x08004499   Thumb Code    26  os_q.o(.text.OS_QInit)
    OS_RdyListInit                           0x080044b9   Thumb Code    30  os_core.o(.text.OS_RdyListInit)
    OS_RdyListInsert                         0x080044d9   Thumb Code    50  os_core.o(.text.OS_RdyListInsert)
    OS_RdyListInsertHead                     0x08004511   Thumb Code    66  os_core.o(.text.OS_RdyListInsertHead)
    OS_RdyListInsertTail                     0x08004559   Thumb Code    66  os_core.o(.text.OS_RdyListInsertTail)
    OS_RdyListMoveHeadToTail                 0x080045a1   Thumb Code    56  os_core.o(.text.OS_RdyListMoveHeadToTail)
    OS_RdyListRemove                         0x080045d9   Thumb Code    88  os_core.o(.text.OS_RdyListRemove)
    OS_SchedRoundRobin                       0x08004631   Thumb Code   116  os_core.o(.text.OS_SchedRoundRobin)
    OS_SemInit                               0x080046a9   Thumb Code    26  os_sem.o(.text.OS_SemInit)
    OS_StatTask                              0x080046c9   Thumb Code   764  os_stat.o(.text.OS_StatTask)
    OS_StatTaskInit                          0x080049c9   Thumb Code   212  os_stat.o(.text.OS_StatTaskInit)
    OS_TaskBlock                             0x08004aa1   Thumb Code    42  os_core.o(.text.OS_TaskBlock)
    OS_TaskChangePrio                        0x08004ad1   Thumb Code   220  os_task.o(.text.OS_TaskChangePrio)
    OS_TaskDbgListAdd                        0x08004bb1   Thumb Code    36  os_task.o(.text.OS_TaskDbgListAdd)
    OS_TaskDbgListRemove                     0x08004bd9   Thumb Code    58  os_task.o(.text.OS_TaskDbgListRemove)
    OS_TaskInit                              0x08004c19   Thumb Code    36  os_task.o(.text.OS_TaskInit)
    OS_TaskInitTCB                           0x08004c41   Thumb Code   156  os_task.o(.text.OS_TaskInitTCB)
    OS_TaskQPost                             0x08004ce1   Thumb Code   172  os_task.o(.text.OS_TaskQPost)
    OS_TaskResume                            0x08004d91   Thumb Code   200  os_task.o(.text.OS_TaskResume)
    OS_TaskReturn                            0x08004e59   Thumb Code    32  os_task.o(.text.OS_TaskReturn)
    OS_TaskSemPost                           0x08004e79   Thumb Code   220  os_task.o(.text.OS_TaskSemPost)
    OS_TaskSuspend                           0x08004f59   Thumb Code   190  os_task.o(.text.OS_TaskSuspend)
    OS_TickListInsert                        0x08005019   Thumb Code   130  os_tick.o(.text.OS_TickListInsert)
    OS_TickListInsertDly                     0x080050a1   Thumb Code   142  os_tick.o(.text.OS_TickListInsertDly)
    OS_TickListRemove                        0x08005131   Thumb Code    96  os_tick.o(.text.OS_TickListRemove)
    OS_TickTask                              0x08005319   Thumb Code    96  os_tick.o(.text.OS_TickTask)
    OS_TickTaskInit                          0x08005379   Thumb Code   196  os_tick.o(.text.OS_TickTaskInit)
    OS_TmrInit                               0x08005441   Thumb Code   304  os_tmr.o(.text.OS_TmrInit)
    OS_TmrTask                               0x08005591   Thumb Code   176  os_tmr.o(.text.OS_TmrTask)
    OS_TmrUnlink                             0x08005641   Thumb Code    68  os_tmr.o(.text.OS_TmrUnlink)
    ReceiveDataTask                          0x080056a9   Thumb Code   172  app.o(.text.ReceiveDataTask)
    SVC_Handler                              0x080057f1   Thumb Code     2  stm32h7xx_it.o(.text.SVC_Handler)
    StartTask                                0x080057f9   Thumb Code   324  app.o(.text.StartTask)
    SysTick_Handler                          0x08005971   Thumb Code    38  stm32h7xx_it.o(.text.SysTick_Handler)
    SystemInit                               0x08005a71   Thumb Code   108  system_stm32h7xx.o(.text.SystemInit)
    SystickInit                              0x08005ae1   Thumb Code    62  hardware_init.o(.text.SystickInit)
    UART_AdvFeatureConfig                    0x08005b21   Thumb Code   232  stm32h7xx_hal_uart.o(.text.UART_AdvFeatureConfig)
    UART_CheckIdleState                      0x08005c09   Thumb Code   110  stm32h7xx_hal_uart.o(.text.UART_CheckIdleState)
    UART_SetConfig                           0x08005d39   Thumb Code  2148  stm32h7xx_hal_uart.o(.text.UART_SetConfig)
    UART_WaitOnFlagUntilTimeout              0x08006619   Thumb Code   130  stm32h7xx_hal_uart.o(.text.UART_WaitOnFlagUntilTimeout)
    USART1_IRQHandler                        0x080066a1   Thumb Code    26  stm32h7xx_it.o(.text.USART1_IRQHandler)
    USART2_IRQHandler                        0x080066c1   Thumb Code    26  stm32h7xx_it.o(.text.USART2_IRQHandler)
    Uart1Init                                0x080066e1   Thumb Code    62  usart.o(.text.Uart1Init)
    Uart2Init                                0x08006721   Thumb Code    42  usart.o(.text.Uart2Init)
    UploadDataTask                           0x08006751   Thumb Code    62  app.o(.text.UploadDataTask)
    UsageFault_Handler                       0x08006791   Thumb Code     2  stm32h7xx_it.o(.text.UsageFault_Handler)
    Method::ModbusCRC16(unsigned char*, unsigned char) 0x08006799   Thumb Code    72  method.o(.text._ZN6Method11ModbusCRC16EPhh)
    Method::BytewiseShiftLeft(unsigned char*, int) 0x080067e1   Thumb Code    32  method.o(.text._ZN6Method17BytewiseShiftLeftEPhi)
    delay_ms                                 0x08006879   Thumb Code    48  delay.o(.text.delay_ms)
    delay_osschedlock                        0x080068a9   Thumb Code    16  delay.o(.text.delay_osschedlock)
    delay_osschedunlock                      0x080068b9   Thumb Code    16  delay.o(.text.delay_osschedunlock)
    delay_ostimedly                          0x080068c9   Thumb Code    18  delay.o(.text.delay_ostimedly)
    delay_us                                 0x080068e1   Thumb Code    62  delay.o(.text.delay_us)
    fputc                                    0x08006921   Thumb Code    38  itm.o(.text.fputc)
    main                                     0x08006949   Thumb Code   124  main.o(.text.main)
    _btod_d2e                                0x080069c5   Thumb Code    62  btod.o(CL$$btod_d2e)
    _d2e_denorm_low                          0x08006a03   Thumb Code    70  btod.o(CL$$btod_d2e_denorm_low)
    _d2e_norm_op1                            0x08006a49   Thumb Code    96  btod.o(CL$$btod_d2e_norm_op1)
    __btod_div_common                        0x08006aa9   Thumb Code   696  btod.o(CL$$btod_div_common)
    _e2e                                     0x08006de1   Thumb Code   220  btod.o(CL$$btod_e2e)
    _btod_ediv                               0x08006ebd   Thumb Code    42  btod.o(CL$$btod_ediv)
    _btod_emul                               0x08006ee7   Thumb Code    42  btod.o(CL$$btod_emul)
    __btod_mult_common                       0x08006f11   Thumb Code   580  btod.o(CL$$btod_mult_common)
    OS_CPU_FP_Reg_Push                       0x08007155   Thumb Code     0  os_cpu_a.o(CODE)
    OS_CPU_FP_Reg_Pop                        0x0800716f   Thumb Code     0  os_cpu_a.o(CODE)
    OSStartHighRdy                           0x08007181   Thumb Code     0  os_cpu_a.o(CODE)
    OSCtxSw                                  0x080071fd   Thumb Code     0  os_cpu_a.o(CODE)
    OSIntCtxSw                               0x08007207   Thumb Code     0  os_cpu_a.o(CODE)
    PendSV_Handler                           0x08007211   Thumb Code     0  os_cpu_a.o(CODE)
    __ARM_fpclassify                         0x0800726d   Thumb Code    48  fpclassify.o(i.__ARM_fpclassify)
    _get_lc_numeric                          0x0800729d   Thumb Code    44  lc_numeric_c.o(locale$$code)
    _fp_init                                 0x080072c9   Thumb Code    26  fpinit.o(x$fpl$fpinit)
    __fplib_config_fpu_vfp                   0x080072e1   Thumb Code     0  fpinit.o(x$fpl$fpinit)
    __fplib_config_pureend_doubles           0x080072e1   Thumb Code     0  fpinit.o(x$fpl$fpinit)
    _printf_fp_dec                           0x080072e3   Thumb Code     4  printf1.o(x$fpl$printf1)
    __I$use$fp                               0x080072e6   Number         0  usenofp.o(x$fpl$usenofp)
    D1CorePrescTable                         0x0800737c   Data          16  system_stm32h7xx.o(.rodata.D1CorePrescTable)
    OSCfg_ISRStkBasePtr                      0x0800738c   Data           4  os_cfg_app.o(.rodata.OSCfg_ISRStkBasePtr)
    OSCfg_ISRStkSize                         0x08007390   Data           4  os_cfg_app.o(.rodata.OSCfg_ISRStkSize)
    OSCfg_IdleTaskStkBasePtr                 0x08007394   Data           4  os_cfg_app.o(.rodata.OSCfg_IdleTaskStkBasePtr)
    OSCfg_IdleTaskStkLimit                   0x08007398   Data           4  os_cfg_app.o(.rodata.OSCfg_IdleTaskStkLimit)
    OSCfg_IdleTaskStkSize                    0x0800739c   Data           4  os_cfg_app.o(.rodata.OSCfg_IdleTaskStkSize)
    OSCfg_MsgPoolBasePtr                     0x080073a0   Data           4  os_cfg_app.o(.rodata.OSCfg_MsgPoolBasePtr)
    OSCfg_MsgPoolSize                        0x080073a4   Data           2  os_cfg_app.o(.rodata.OSCfg_MsgPoolSize)
    OSCfg_StatTaskPrio                       0x080073a6   Data           1  os_cfg_app.o(.rodata.OSCfg_StatTaskPrio)
    OSCfg_StatTaskRate_Hz                    0x080073a8   Data           4  os_cfg_app.o(.rodata.OSCfg_StatTaskRate_Hz)
    OSCfg_StatTaskStkBasePtr                 0x080073ac   Data           4  os_cfg_app.o(.rodata.OSCfg_StatTaskStkBasePtr)
    OSCfg_StatTaskStkLimit                   0x080073b0   Data           4  os_cfg_app.o(.rodata.OSCfg_StatTaskStkLimit)
    OSCfg_StatTaskStkSize                    0x080073b4   Data           4  os_cfg_app.o(.rodata.OSCfg_StatTaskStkSize)
    OSCfg_StkSizeMin                         0x080073b8   Data           4  os_cfg_app.o(.rodata.OSCfg_StkSizeMin)
    OSCfg_TickRate_Hz                        0x080073bc   Data           4  os_cfg_app.o(.rodata.OSCfg_TickRate_Hz)
    OSCfg_TickTaskPrio                       0x080073c0   Data           1  os_cfg_app.o(.rodata.OSCfg_TickTaskPrio)
    OSCfg_TickTaskStkBasePtr                 0x080073c4   Data           4  os_cfg_app.o(.rodata.OSCfg_TickTaskStkBasePtr)
    OSCfg_TickTaskStkLimit                   0x080073c8   Data           4  os_cfg_app.o(.rodata.OSCfg_TickTaskStkLimit)
    OSCfg_TickTaskStkSize                    0x080073cc   Data           4  os_cfg_app.o(.rodata.OSCfg_TickTaskStkSize)
    OSCfg_TmrTaskPrio                        0x080073d0   Data           1  os_cfg_app.o(.rodata.OSCfg_TmrTaskPrio)
    OSCfg_TmrTaskRate_Hz                     0x080073d4   Data           4  os_cfg_app.o(.rodata.OSCfg_TmrTaskRate_Hz)
    OSCfg_TmrTaskStkBasePtr                  0x080073d8   Data           4  os_cfg_app.o(.rodata.OSCfg_TmrTaskStkBasePtr)
    OSCfg_TmrTaskStkLimit                    0x080073dc   Data           4  os_cfg_app.o(.rodata.OSCfg_TmrTaskStkLimit)
    OSCfg_TmrTaskStkSize                     0x080073e0   Data           4  os_cfg_app.o(.rodata.OSCfg_TmrTaskStkSize)
    Region$$Table$$Base                      0x08007400   Number         0  anon$$obj.o(Region$$Table)
    Region$$Table$$Limit                     0x08007420   Number         0  anon$$obj.o(Region$$Table)
    SystemCoreClock                          0x24000000   Data           4  system_stm32h7xx.o(.data.SystemCoreClock)
    SystemD2Clock                            0x24000004   Data           4  system_stm32h7xx.o(.data.SystemD2Clock)
    __libspace_start                         0x24000010   Data          96  libspace.o(.bss)
    CPU_IntDisMeasCtr                        0x24000070   Data           2  cpu_core.o(.bss.CPU_IntDisMeasCtr)
    __temporary_stack_top$libspace           0x24000070   Data           0  libspace.o(.bss)
    CPU_IntDisMeasMaxCur_cnts                0x24000074   Data           4  cpu_core.o(.bss.CPU_IntDisMeasMaxCur_cnts)
    CPU_IntDisMeasMax_cnts                   0x24000078   Data           4  cpu_core.o(.bss.CPU_IntDisMeasMax_cnts)
    CPU_IntDisMeasOvrhd_cnts                 0x2400007c   Data           4  cpu_core.o(.bss.CPU_IntDisMeasOvrhd_cnts)
    CPU_IntDisMeasStart_cnts                 0x24000080   Data           4  cpu_core.o(.bss.CPU_IntDisMeasStart_cnts)
    CPU_IntDisMeasStop_cnts                  0x24000084   Data           4  cpu_core.o(.bss.CPU_IntDisMeasStop_cnts)
    CPU_IntDisNestCtr                        0x24000088   Data           2  cpu_core.o(.bss.CPU_IntDisNestCtr)
    CPU_Name                                 0x2400008a   Data          16  cpu_core.o(.bss.CPU_Name)
    CPU_TS_TmrFreq_Hz                        0x2400009c   Data           4  cpu_core.o(.bss.CPU_TS_TmrFreq_Hz)
    DISPLAY_TASK_STK                         0x240000a0   Data         512  app.o(.bss.DISPLAY_TASK_STK)
    DisplayTaskTCB                           0x240002a0   Data         200  app.o(.bss.DisplayTaskTCB)
    OSCfg_ISRStk                             0x24000368   Data         400  os_cfg_app.o(.bss.OSCfg_ISRStk)
    OSCfg_IdleTaskStk                        0x240004f8   Data         512  os_cfg_app.o(.bss.OSCfg_IdleTaskStk)
    OSCfg_MsgPool                            0x240006f8   Data        1600  os_cfg_app.o(.bss.OSCfg_MsgPool)
    OSCfg_StatTaskStk                        0x24000d38   Data         400  os_cfg_app.o(.bss.OSCfg_StatTaskStk)
    OSCfg_TickTaskStk                        0x24000ec8   Data         512  os_cfg_app.o(.bss.OSCfg_TickTaskStk)
    OSCfg_TmrTaskStk                         0x240010c8   Data         512  os_cfg_app.o(.bss.OSCfg_TmrTaskStk)
    OSFlagDbgListPtr                         0x240012c8   Data           4  os_var.o(.bss.OSFlagDbgListPtr)
    OSFlagQty                                0x240012cc   Data           2  os_var.o(.bss.OSFlagQty)
    OSIdleTaskCtr                            0x240012d0   Data           4  os_var.o(.bss.OSIdleTaskCtr)
    OSIdleTaskTCB                            0x240012d4   Data         200  os_var.o(.bss.OSIdleTaskTCB)
    OSIntDisTimeMax                          0x2400139c   Data           4  os_var.o(.bss.OSIntDisTimeMax)
    OSIntNestingCtr                          0x240013a0   Data           1  os_var.o(.bss.OSIntNestingCtr)
    OSMemDbgListPtr                          0x240013a4   Data           4  os_var.o(.bss.OSMemDbgListPtr)
    OSMemQty                                 0x240013a8   Data           2  os_var.o(.bss.OSMemQty)
    OSMsgPool                                0x240013ac   Data          12  os_var.o(.bss.OSMsgPool)
    OSMutexDbgListPtr                        0x240013b8   Data           4  os_var.o(.bss.OSMutexDbgListPtr)
    OSMutexQty                               0x240013bc   Data           2  os_var.o(.bss.OSMutexQty)
    OSPrioCur                                0x240013be   Data           1  os_var.o(.bss.OSPrioCur)
    OSPrioHighRdy                            0x240013bf   Data           1  os_var.o(.bss.OSPrioHighRdy)
    OSPrioSaved                              0x240013c0   Data           1  os_var.o(.bss.OSPrioSaved)
    OSPrioTbl                                0x240013c8   Data           8  os_prio.o(.bss.OSPrioTbl)
    OSQDbgListPtr                            0x240013d0   Data           4  os_var.o(.bss.OSQDbgListPtr)
    OSQQty                                   0x240013d4   Data           2  os_var.o(.bss.OSQQty)
    OSRdyList                                0x240013d8   Data         768  os_var.o(.bss.OSRdyList)
    OSRunning                                0x240016d8   Data           1  os_var.o(.bss.OSRunning)
    OSSchedLockNestingCtr                    0x240016d9   Data           1  os_var.o(.bss.OSSchedLockNestingCtr)
    OSSchedRoundRobinDfltTimeQuanta          0x240016dc   Data           4  os_var.o(.bss.OSSchedRoundRobinDfltTimeQuanta)
    OSSchedRoundRobinEn                      0x240016e0   Data           1  os_var.o(.bss.OSSchedRoundRobinEn)
    OSSemDbgListPtr                          0x240016e4   Data           4  os_var.o(.bss.OSSemDbgListPtr)
    OSSemQty                                 0x240016e8   Data           2  os_var.o(.bss.OSSemQty)
    OSStatResetFlag                          0x240016ea   Data           1  os_var.o(.bss.OSStatResetFlag)
    OSStatTaskCPUUsage                       0x240016ec   Data           2  os_var.o(.bss.OSStatTaskCPUUsage)
    OSStatTaskCPUUsageMax                    0x240016ee   Data           2  os_var.o(.bss.OSStatTaskCPUUsageMax)
    OSStatTaskCtr                            0x240016f0   Data           4  os_var.o(.bss.OSStatTaskCtr)
    OSStatTaskCtrMax                         0x240016f4   Data           4  os_var.o(.bss.OSStatTaskCtrMax)
    OSStatTaskCtrRun                         0x240016f8   Data           4  os_var.o(.bss.OSStatTaskCtrRun)
    OSStatTaskRdy                            0x240016fc   Data           1  os_var.o(.bss.OSStatTaskRdy)
    OSStatTaskTCB                            0x24001700   Data         200  os_var.o(.bss.OSStatTaskTCB)
    OSStatTaskTimeMax                        0x240017c8   Data           4  os_var.o(.bss.OSStatTaskTimeMax)
    OSTCBCurPtr                              0x240017cc   Data           4  os_var.o(.bss.OSTCBCurPtr)
    OSTCBHighRdyPtr                          0x240017d0   Data           4  os_var.o(.bss.OSTCBHighRdyPtr)
    OSTaskCtxSwCtr                           0x240017d4   Data           4  os_var.o(.bss.OSTaskCtxSwCtr)
    OSTaskDbgListPtr                         0x240017d8   Data           4  os_var.o(.bss.OSTaskDbgListPtr)
    OSTaskQty                                0x240017dc   Data           2  os_var.o(.bss.OSTaskQty)
    OSTaskRegNextAvailID                     0x240017de   Data           1  os_var.o(.bss.OSTaskRegNextAvailID)
    OSTickCtr                                0x240017e0   Data           4  os_var.o(.bss.OSTickCtr)
    OSTickListDly                            0x240017e4   Data           8  os_var.o(.bss.OSTickListDly)
    OSTickListTimeout                        0x240017ec   Data           8  os_var.o(.bss.OSTickListTimeout)
    OSTickTaskTCB                            0x240017f4   Data         200  os_var.o(.bss.OSTickTaskTCB)
    OSTickTaskTimeMax                        0x240018bc   Data           4  os_var.o(.bss.OSTickTaskTimeMax)
    OSTmrDbgListPtr                          0x240018c0   Data           4  os_var.o(.bss.OSTmrDbgListPtr)
    OSTmrListEntries                         0x240018c4   Data           2  os_var.o(.bss.OSTmrListEntries)
    OSTmrListPtr                             0x240018c8   Data           4  os_var.o(.bss.OSTmrListPtr)
    OSTmrMutex                               0x240018cc   Data          48  os_var.o(.bss.OSTmrMutex)
    OSTmrTaskTCB                             0x240018fc   Data         200  os_var.o(.bss.OSTmrTaskTCB)
    OSTmrTaskTimeMax                         0x240019c4   Data           4  os_var.o(.bss.OSTmrTaskTimeMax)
    OSTmrTickCtr                             0x240019c8   Data           4  os_var.o(.bss.OSTmrTickCtr)
    OSTmrUpdateCnt                           0x240019cc   Data           4  os_var.o(.bss.OSTmrUpdateCnt)
    OSTmrUpdateCtr                           0x240019d0   Data           4  os_var.o(.bss.OSTmrUpdateCtr)
    OS_AppIdleTaskHookPtr                    0x240019d4   Data           4  os_var.o(.bss.OS_AppIdleTaskHookPtr)
    OS_AppStatTaskHookPtr                    0x240019d8   Data           4  os_var.o(.bss.OS_AppStatTaskHookPtr)
    OS_AppTaskCreateHookPtr                  0x240019dc   Data           4  os_var.o(.bss.OS_AppTaskCreateHookPtr)
    OS_AppTaskDelHookPtr                     0x240019e0   Data           4  os_var.o(.bss.OS_AppTaskDelHookPtr)
    OS_AppTaskReturnHookPtr                  0x240019e4   Data           4  os_var.o(.bss.OS_AppTaskReturnHookPtr)
    OS_AppTaskSwHookPtr                      0x240019e8   Data           4  os_var.o(.bss.OS_AppTaskSwHookPtr)
    OS_AppTimeTickHookPtr                    0x240019ec   Data           4  os_var.o(.bss.OS_AppTimeTickHookPtr)
    OS_CPU_ExceptStkBase                     0x240019f0   Data           4  os_cpu_c.o(.bss.OS_CPU_ExceptStkBase)
    RECEIVE_DATA_TASK_STK                    0x240019f8   Data        1024  app.o(.bss.RECEIVE_DATA_TASK_STK)
    ReceiveDataTaskTCB                       0x24001df8   Data         200  app.o(.bss.ReceiveDataTaskTCB)
    START_TASK_STK                           0x24001ec0   Data        1024  app.o(.bss.START_TASK_STK)
    StartTaskTCB                             0x240022c0   Data         200  app.o(.bss.StartTaskTCB)
    UART1_Handler                            0x24002388   Data         128  usart.o(.bss.UART1_Handler)
    UART2_Handler                            0x24002408   Data         128  usart.o(.bss.UART2_Handler)
    UPLOAD_DATA_TASK_STK                     0x24002488   Data        1024  app.o(.bss.UPLOAD_DATA_TASK_STK)
    UploadDataTaskTCB                        0x24002888   Data         200  app.o(.bss.UploadDataTaskTCB)
    Usart1RxBuffer                           0x24002950   Data           3  usart.o(.bss.Usart1RxBuffer)
    Usart2RxBuffer                           0x24002953   Data         256  usart.o(.bss.Usart2RxBuffer)
    __stdout                                 0x24002a54   Data          84  itm.o(.bss.__stdout)
    fixedFrameArray                          0x24002aa8   Data           6  transportlayer.o(.bss.fixedFrameArray)
    nodeDataBuffer                           0x24002ab0   Data         160  app.o(.bss.nodeDataBuffer)
    nodeDataBufferPointer                    0x24002b50   Data           1  app.o(.bss.nodeDataBufferPointer)
    receiveStatus                            0x24002b51   Data           1  transportlayer.o(.bss.receiveStatus)



==============================================================================

Memory Map of the image

  Image Entry point : 0x08000299

  Load Region LR_IROM1 (Base: 0x08000000, Size: 0x00007450, Max: 0x00200000, ABSOLUTE)

    Execution Region ER_IROM1 (Exec base: 0x08000000, Load base: 0x08000000, Size: 0x0000743c, Max: 0x00200000, ABSOLUTE)

    Exec Addr    Load Addr    Size         Type   Attr      Idx    E Section Name        Object

    0x08000000   0x08000000   0x00000298   Data   RO          275    RESET               startup_stm32h743xx.o
    0x08000298   0x08000298   0x00000008   Code   RO         2180  * !!!main             c_w.l(__main.o)
    0x080002a0   0x080002a0   0x00000034   Code   RO         2543    !!!scatter          c_w.l(__scatter.o)
    0x080002d4   0x080002d4   0x0000001a   Code   RO         2545    !!handler_copy      c_w.l(__scatter_copy.o)
    0x080002ee   0x080002ee   0x00000002   PAD
    0x080002f0   0x080002f0   0x0000001c   Code   RO         2547    !!handler_zi        c_w.l(__scatter_zi.o)
    0x0800030c   0x0800030c   0x00000000   Code   RO         2169    .ARM.Collect$$_printf_percent$$00000000  c_w.l(_printf_percent.o)
    0x0800030c   0x0800030c   0x00000006   Code   RO         2168    .ARM.Collect$$_printf_percent$$00000003  c_w.l(_printf_f.o)
    0x08000312   0x08000312   0x00000006   Code   RO         2167    .ARM.Collect$$_printf_percent$$00000009  c_w.l(_printf_d.o)
    0x08000318   0x08000318   0x00000004   Code   RO         2233    .ARM.Collect$$_printf_percent$$00000017  c_w.l(_printf_percent_end.o)
    0x0800031c   0x0800031c   0x00000002   Code   RO         2421    .ARM.Collect$$libinit$$00000000  c_w.l(libinit.o)
    0x0800031e   0x0800031e   0x00000004   Code   RO         2422    .ARM.Collect$$libinit$$00000001  c_w.l(libinit2.o)
    0x08000322   0x08000322   0x00000000   Code   RO         2425    .ARM.Collect$$libinit$$00000004  c_w.l(libinit2.o)
    0x08000322   0x08000322   0x00000000   Code   RO         2428    .ARM.Collect$$libinit$$0000000A  c_w.l(libinit2.o)
    0x08000322   0x08000322   0x00000000   Code   RO         2430    .ARM.Collect$$libinit$$0000000C  c_w.l(libinit2.o)
    0x08000322   0x08000322   0x00000000   Code   RO         2432    .ARM.Collect$$libinit$$0000000E  c_w.l(libinit2.o)
    0x08000322   0x08000322   0x00000006   Code   RO         2433    .ARM.Collect$$libinit$$0000000F  c_w.l(libinit2.o)
    0x08000328   0x08000328   0x00000000   Code   RO         2435    .ARM.Collect$$libinit$$00000011  c_w.l(libinit2.o)
    0x08000328   0x08000328   0x00000000   Code   RO         2437    .ARM.Collect$$libinit$$00000013  c_w.l(libinit2.o)
    0x08000328   0x08000328   0x00000000   Code   RO         2439    .ARM.Collect$$libinit$$00000015  c_w.l(libinit2.o)
    0x08000328   0x08000328   0x0000000a   Code   RO         2440    .ARM.Collect$$libinit$$00000016  c_w.l(libinit2.o)
    0x08000332   0x08000332   0x00000000   Code   RO         2441    .ARM.Collect$$libinit$$00000017  c_w.l(libinit2.o)
    0x08000332   0x08000332   0x00000000   Code   RO         2443    .ARM.Collect$$libinit$$00000019  c_w.l(libinit2.o)
    0x08000332   0x08000332   0x00000000   Code   RO         2445    .ARM.Collect$$libinit$$0000001B  c_w.l(libinit2.o)
    0x08000332   0x08000332   0x00000000   Code   RO         2447    .ARM.Collect$$libinit$$0000001D  c_w.l(libinit2.o)
    0x08000332   0x08000332   0x00000000   Code   RO         2449    .ARM.Collect$$libinit$$0000001F  c_w.l(libinit2.o)
    0x08000332   0x08000332   0x00000000   Code   RO         2451    .ARM.Collect$$libinit$$00000021  c_w.l(libinit2.o)
    0x08000332   0x08000332   0x00000000   Code   RO         2453    .ARM.Collect$$libinit$$00000023  c_w.l(libinit2.o)
    0x08000332   0x08000332   0x00000000   Code   RO         2455    .ARM.Collect$$libinit$$00000025  c_w.l(libinit2.o)
    0x08000332   0x08000332   0x00000000   Code   RO         2459    .ARM.Collect$$libinit$$0000002C  c_w.l(libinit2.o)
    0x08000332   0x08000332   0x00000000   Code   RO         2461    .ARM.Collect$$libinit$$0000002E  c_w.l(libinit2.o)
    0x08000332   0x08000332   0x00000000   Code   RO         2463    .ARM.Collect$$libinit$$00000030  c_w.l(libinit2.o)
    0x08000332   0x08000332   0x00000000   Code   RO         2465    .ARM.Collect$$libinit$$00000032  c_w.l(libinit2.o)
    0x08000332   0x08000332   0x00000002   Code   RO         2466    .ARM.Collect$$libinit$$00000033  c_w.l(libinit2.o)
    0x08000334   0x08000334   0x00000002   Code   RO         2524    .ARM.Collect$$libshutdown$$00000000  c_w.l(libshutdown.o)
    0x08000336   0x08000336   0x00000000   Code   RO         2526    .ARM.Collect$$libshutdown$$00000002  c_w.l(libshutdown2.o)
    0x08000336   0x08000336   0x00000000   Code   RO         2528    .ARM.Collect$$libshutdown$$00000004  c_w.l(libshutdown2.o)
    0x08000336   0x08000336   0x00000000   Code   RO         2531    .ARM.Collect$$libshutdown$$00000007  c_w.l(libshutdown2.o)
    0x08000336   0x08000336   0x00000000   Code   RO         2534    .ARM.Collect$$libshutdown$$0000000A  c_w.l(libshutdown2.o)
    0x08000336   0x08000336   0x00000000   Code   RO         2536    .ARM.Collect$$libshutdown$$0000000C  c_w.l(libshutdown2.o)
    0x08000336   0x08000336   0x00000000   Code   RO         2539    .ARM.Collect$$libshutdown$$0000000F  c_w.l(libshutdown2.o)
    0x08000336   0x08000336   0x00000002   Code   RO         2540    .ARM.Collect$$libshutdown$$00000010  c_w.l(libshutdown2.o)
    0x08000338   0x08000338   0x00000000   Code   RO         2220    .ARM.Collect$$rtentry$$00000000  c_w.l(__rtentry.o)
    0x08000338   0x08000338   0x00000000   Code   RO         2319    .ARM.Collect$$rtentry$$00000002  c_w.l(__rtentry2.o)
    0x08000338   0x08000338   0x00000006   Code   RO         2331    .ARM.Collect$$rtentry$$00000004  c_w.l(__rtentry4.o)
    0x0800033e   0x0800033e   0x00000000   Code   RO         2321    .ARM.Collect$$rtentry$$00000009  c_w.l(__rtentry2.o)
    0x0800033e   0x0800033e   0x00000004   Code   RO         2322    .ARM.Collect$$rtentry$$0000000A  c_w.l(__rtentry2.o)
    0x08000342   0x08000342   0x00000000   Code   RO         2324    .ARM.Collect$$rtentry$$0000000C  c_w.l(__rtentry2.o)
    0x08000342   0x08000342   0x00000008   Code   RO         2325    .ARM.Collect$$rtentry$$0000000D  c_w.l(__rtentry2.o)
    0x0800034a   0x0800034a   0x00000002   Code   RO         2467    .ARM.Collect$$rtexit$$00000000  c_w.l(rtexit.o)
    0x0800034c   0x0800034c   0x00000000   Code   RO         2486    .ARM.Collect$$rtexit$$00000002  c_w.l(rtexit2.o)
    0x0800034c   0x0800034c   0x00000004   Code   RO         2487    .ARM.Collect$$rtexit$$00000003  c_w.l(rtexit2.o)
    0x08000350   0x08000350   0x00000006   Code   RO         2488    .ARM.Collect$$rtexit$$00000004  c_w.l(rtexit2.o)
    0x08000356   0x08000356   0x00000002   PAD
    0x08000358   0x08000358   0x00000068   Code   RO          276    .text               startup_stm32h743xx.o
    0x080003c0   0x080003c0   0x00000034   Code   RO         1173    .text               cpu_a.o
    0x080003f4   0x080003f4   0x000000ee   Code   RO         2137    .text               c_w.l(lludivv7m.o)
    0x080004e2   0x080004e2   0x00000002   PAD
    0x080004e4   0x080004e4   0x00000018   Code   RO         2141    .text               c_w.l(noretval__2printf.o)
    0x080004fc   0x080004fc   0x00000068   Code   RO         2143    .text               c_w.l(__printf.o)
    0x08000564   0x08000564   0x00000078   Code   RO         2145    .text               c_w.l(_printf_dec.o)
    0x080005dc   0x080005dc   0x0000008a   Code   RO         2172    .text               c_w.l(rt_memcpy_v6.o)
    0x08000666   0x08000666   0x00000010   Code   RO         2174    .text               c_w.l(aeabi_memset.o)
    0x08000676   0x08000676   0x0000004e   Code   RO         2176    .text               c_w.l(rt_memclr_w.o)
    0x080006c4   0x080006c4   0x00000006   Code   RO         2178    .text               c_w.l(heapauxi.o)
    0x080006ca   0x080006ca   0x000000b2   Code   RO         2225    .text               c_w.l(_printf_intcommon.o)
    0x0800077c   0x0800077c   0x0000041c   Code   RO         2227    .text               c_w.l(_printf_fp_dec.o)
    0x08000b98   0x08000b98   0x00000024   Code   RO         2231    .text               c_w.l(_printf_char_file.o)
    0x08000bbc   0x08000bbc   0x00000064   Code   RO         2236    .text               c_w.l(rt_memcpy_w.o)
    0x08000c20   0x08000c20   0x00000044   Code   RO         2238    .text               c_w.l(rt_memclr.o)
    0x08000c64   0x08000c64   0x0000000c   Code   RO         2314    .text               c_w.l(sys_exit.o)
    0x08000c70   0x08000c70   0x00000008   Code   RO         2338    .text               c_w.l(rt_locale_intlibspace.o)
    0x08000c78   0x08000c78   0x0000008a   Code   RO         2340    .text               c_w.l(lludiv10.o)
    0x08000d02   0x08000d02   0x00000002   PAD
    0x08000d04   0x08000d04   0x00000030   Code   RO         2342    .text               c_w.l(_printf_char_common.o)
    0x08000d34   0x08000d34   0x00000080   Code   RO         2344    .text               c_w.l(_printf_fp_infnan.o)
    0x08000db4   0x08000db4   0x000000e4   Code   RO         2346    .text               c_w.l(bigflt0.o)
    0x08000e98   0x08000e98   0x00000008   Code   RO         2373    .text               c_w.l(ferror.o)
    0x08000ea0   0x08000ea0   0x00000008   Code   RO         2390    .text               c_w.l(libspace.o)
    0x08000ea8   0x08000ea8   0x00000002   Code   RO         2393    .text               c_w.l(use_no_semi.o)
    0x08000eaa   0x08000eaa   0x00000000   Code   RO         2395    .text               c_w.l(indicate_semi.o)
    0x08000eaa   0x08000eaa   0x0000004a   Code   RO         2396    .text               c_w.l(sys_stackheap_outer.o)
    0x08000ef4   0x08000ef4   0x00000012   Code   RO         2404    .text               c_w.l(exit.o)
    0x08000f06   0x08000f06   0x00000002   PAD
    0x08000f08   0x08000f08   0x0000007c   Code   RO         2414    .text               c_w.l(strcmpv7m_pel.o)
    0x08000f84   0x08000f84   0x00000004   PAD
    0x08000f88   0x08000f88   0x00000004   Code   RO         1054    .text.BSP_CPU_ClkFreq  bsp.o
    0x08000f8c   0x08000f8c   0x00000004   PAD
    0x08000f90   0x08000f90   0x00000002   Code   RO           54    .text.BusFault_Handler  stm32h7xx_it.o
    0x08000f92   0x08000f92   0x00000006   PAD
    0x08000f98   0x08000f98   0x00000012   Code   RO         1098    .text.CPU_Init      cpu_core.o
    0x08000faa   0x08000faa   0x00000006   PAD
    0x08000fb0   0x08000fb0   0x00000072   Code   RO         1102    .text.CPU_IntDisMeasInit  cpu_core.o
    0x08001022   0x08001022   0x00000006   PAD
    0x08001028   0x08001028   0x00000014   Code   RO         1130    .text.CPU_IntDisMeasMaxCalc  cpu_core.o
    0x0800103c   0x0800103c   0x00000004   PAD
    0x08001040   0x08001040   0x0000001e   Code   RO         1128    .text.CPU_IntDisMeasMaxCurGet  cpu_core.o
    0x0800105e   0x0800105e   0x00000002   PAD
    0x08001060   0x08001060   0x00000020   Code   RO         1126    .text.CPU_IntDisMeasMaxCurReset  cpu_core.o
    0x08001080   0x08001080   0x0000001e   Code   RO         1132    .text.CPU_IntDisMeasMaxGet  cpu_core.o
    0x0800109e   0x0800109e   0x00000002   PAD
    0x080010a0   0x080010a0   0x00000032   Code   RO         1110    .text.CPU_IntDisMeasStart  cpu_core.o
    0x080010d2   0x080010d2   0x00000006   PAD
    0x080010d8   0x080010d8   0x0000005a   Code   RO         1112    .text.CPU_IntDisMeasStop  cpu_core.o
    0x08001132   0x08001132   0x00000006   PAD
    0x08001138   0x08001138   0x00000028   Code   RO         1108    .text.CPU_NameClr   cpu_core.o
    0x08001160   0x08001160   0x00000004   Code   RO         1104    .text.CPU_NameInit  cpu_core.o
    0x08001164   0x08001164   0x00000004   PAD
    0x08001168   0x08001168   0x00000010   Code   RO         1100    .text.CPU_TS_Init   cpu_core.o
    0x08001178   0x08001178   0x0000000c   Code   RO         1124    .text.CPU_TS_TmrFreqSet  cpu_core.o
    0x08001184   0x08001184   0x00000004   PAD
    0x08001188   0x08001188   0x00000032   Code   RO         1056    .text.CPU_TS_TmrInit  bsp.o
    0x080011ba   0x080011ba   0x00000006   PAD
    0x080011c0   0x080011c0   0x0000000c   Code   RO         1058    .text.CPU_TS_TmrRd  bsp.o
    0x080011cc   0x080011cc   0x00000004   PAD
    0x080011d0   0x080011d0   0x0000001c   Code   RO          196    .text.Cache_Enable  hardware_init.o
    0x080011ec   0x080011ec   0x00000004   PAD
    0x080011f0   0x080011f0   0x0000008a   Code   RO          232    .text.DHT11_Check   dht11.o
    0x0800127a   0x0800127a   0x00000006   PAD
    0x08001280   0x08001280   0x00000048   Code   RO          240    .text.DHT11_Init    dht11.o
    0x080012c8   0x080012c8   0x00000042   Code   RO          230    .text.DHT11_Rst     dht11.o
    0x0800130a   0x0800130a   0x00000006   PAD
    0x08001310   0x08001310   0x00000002   Code   RO           60    .text.DebugMon_Handler  stm32h7xx_it.o
    0x08001312   0x08001312   0x00000006   PAD
    0x08001318   0x08001318   0x00000032   Code   RO           84    .text.DisplayTask   app.o
    0x0800134a   0x0800134a   0x00000006   PAD
    0x08001350   0x08001350   0x000000e4   Code   RO          488    .text.HAL_DMA_Abort_IT  stm32h7xx_hal_dma.o
    0x08001434   0x08001434   0x00000004   PAD
    0x08001438   0x08001438   0x00000012   Code   RO          335    .text.HAL_EnableCompensationCell  stm32h7xx_hal.o
    0x0800144a   0x0800144a   0x00000006   PAD
    0x08001450   0x08001450   0x00000192   Code   RO          542    .text.HAL_GPIO_Init  stm32h7xx_hal_gpio.o
    0x080015e2   0x080015e2   0x00000006   PAD
    0x080015e8   0x080015e8   0x0000000a   Code   RO          546    .text.HAL_GPIO_ReadPin  stm32h7xx_hal_gpio.o
    0x080015f2   0x080015f2   0x00000006   PAD
    0x080015f8   0x080015f8   0x00000008   Code   RO          550    .text.HAL_GPIO_TogglePin  stm32h7xx_hal_gpio.o
    0x08001600   0x08001600   0x0000000a   Code   RO          548    .text.HAL_GPIO_WritePin  stm32h7xx_hal_gpio.o
    0x0800160a   0x0800160a   0x00000006   PAD
    0x08001610   0x08001610   0x0000000c   Code   RO          295    .text.HAL_GetTick   stm32h7xx_hal.o
    0x0800161c   0x0800161c   0x00000004   PAD
    0x08001620   0x08001620   0x0000001a   Code   RO          293    .text.HAL_IncTick   stm32h7xx_hal.o
    0x0800163a   0x0800163a   0x00000006   PAD
    0x08001640   0x08001640   0x0000001e   Code   RO          283    .text.HAL_Init      stm32h7xx_hal.o
    0x0800165e   0x0800165e   0x00000002   PAD
    0x08001660   0x08001660   0x0000004c   Code   RO          285    .text.HAL_InitTick  stm32h7xx_hal.o
    0x080016ac   0x080016ac   0x00000004   PAD
    0x080016b0   0x080016b0   0x00000002   Code   RO            2    .text.HAL_MspInit   stm32h7xx_hal_msp.o
    0x080016b2   0x080016b2   0x00000006   PAD
    0x080016b8   0x080016b8   0x00000004   Code   RO          407    .text.HAL_NVIC_EnableIRQ  stm32h7xx_hal_cortex.o
    0x080016bc   0x080016bc   0x00000004   PAD
    0x080016c0   0x080016c0   0x00000020   Code   RO          399    .text.HAL_NVIC_SetPriority  stm32h7xx_hal_cortex.o
    0x080016e0   0x080016e0   0x00000004   Code   RO          395    .text.HAL_NVIC_SetPriorityGrouping  stm32h7xx_hal_cortex.o
    0x080016e4   0x080016e4   0x00000004   PAD
    0x080016e8   0x080016e8   0x0000003a   Code   RO          760    .text.HAL_RCCEx_GetD1SysClockFreq  stm32h7xx_hal_rcc_ex.o
    0x08001722   0x08001722   0x00000006   PAD
    0x08001728   0x08001728   0x0000002e   Code   RO          758    .text.HAL_RCCEx_GetD3PCLK1Freq  stm32h7xx_hal_rcc_ex.o
    0x08001756   0x08001756   0x00000002   PAD
    0x08001758   0x08001758   0x000000fc   Code   RO          752    .text.HAL_RCCEx_GetPLL2ClockFreq  stm32h7xx_hal_rcc_ex.o
    0x08001854   0x08001854   0x00000004   PAD
    0x08001858   0x08001858   0x000000fc   Code   RO          754    .text.HAL_RCCEx_GetPLL3ClockFreq  stm32h7xx_hal_rcc_ex.o
    0x08001954   0x08001954   0x00000004   PAD
    0x08001958   0x08001958   0x00000226   Code   RO          707    .text.HAL_RCC_ClockConfig  stm32h7xx_hal_rcc.o
    0x08001b7e   0x08001b7e   0x00000002   PAD
    0x08001b80   0x08001b80   0x00000038   Code   RO          715    .text.HAL_RCC_GetHCLKFreq  stm32h7xx_hal_rcc.o
    0x08001bb8   0x08001bb8   0x0000002e   Code   RO          717    .text.HAL_RCC_GetPCLK1Freq  stm32h7xx_hal_rcc.o
    0x08001be6   0x08001be6   0x00000002   PAD
    0x08001be8   0x08001be8   0x00000030   Code   RO          719    .text.HAL_RCC_GetPCLK2Freq  stm32h7xx_hal_rcc.o
    0x08001c18   0x08001c18   0x000000f4   Code   RO          709    .text.HAL_RCC_GetSysClockFreq  stm32h7xx_hal_rcc.o
    0x08001d0c   0x08001d0c   0x00000004   PAD
    0x08001d10   0x08001d10   0x00000506   Code   RO          705    .text.HAL_RCC_OscConfig  stm32h7xx_hal_rcc.o
    0x08002216   0x08002216   0x00000002   PAD
    0x08002218   0x08002218   0x0000001a   Code   RO          449    .text.HAL_SYSTICK_CLKSourceConfig  stm32h7xx_hal_cortex.o
    0x08002232   0x08002232   0x00000006   PAD
    0x08002238   0x08002238   0x00000004   Code   RO          419    .text.HAL_SYSTICK_Config  stm32h7xx_hal_cortex.o
    0x0800223c   0x0800223c   0x00000004   PAD
    0x08002240   0x08002240   0x00000002   Code   RO          941    .text.HAL_UARTEx_WakeupCallback  stm32h7xx_hal_uart_ex.o
    0x08002242   0x08002242   0x00000006   PAD
    0x08002248   0x08002248   0x00000002   Code   RO          887    .text.HAL_UART_ErrorCallback  stm32h7xx_hal_uart.o
    0x0800224a   0x0800224a   0x00000006   PAD
    0x08002250   0x08002250   0x0000018a   Code   RO          881    .text.HAL_UART_IRQHandler  stm32h7xx_hal_uart.o
    0x080023da   0x080023da   0x00000006   PAD
    0x080023e0   0x080023e0   0x00000066   Code   RO          801    .text.HAL_UART_Init  stm32h7xx_hal_uart.o
    0x08002446   0x08002446   0x00000002   PAD
    0x08002448   0x08002448   0x00000134   Code   RO          146    .text.HAL_UART_MspInit  usart.o
    0x0800257c   0x0800257c   0x00000004   PAD
    0x08002580   0x08002580   0x000000a6   Code   RO          829    .text.HAL_UART_Receive_IT  stm32h7xx_hal_uart.o
    0x08002626   0x08002626   0x00000002   PAD
    0x08002628   0x08002628   0x0000012c   Code   RO         2121    .text.HAL_UART_RxCpltCallback  transportlayer.o
    0x08002754   0x08002754   0x00000004   PAD
    0x08002758   0x08002758   0x00000002   Code   RO          893    .text.HAL_UART_TxCpltCallback  stm32h7xx_hal_uart.o
    0x0800275a   0x0800275a   0x00000006   PAD
    0x08002760   0x08002760   0x00000002   Code   RO           50    .text.HardFault_Handler  stm32h7xx_it.o
    0x08002762   0x08002762   0x00000006   PAD
    0x08002768   0x08002768   0x0000002e   Code   RO          194    .text.HardwareInit  hardware_init.o
    0x08002796   0x08002796   0x00000002   PAD
    0x08002798   0x08002798   0x000000c8   Code   RO          167    .text.LEDInit       led.o
    0x08002860   0x08002860   0x00000002   Code   RO           52    .text.MemManage_Handler  stm32h7xx_it.o
    0x08002862   0x08002862   0x00000006   PAD
    0x08002868   0x08002868   0x00000008   Code   RO         1244    .text.Mem_Clr       lib_mem.o
    0x08002870   0x08002870   0x00000082   Code   RO         1246    .text.Mem_Set       lib_mem.o
    0x080028f2   0x080028f2   0x00000006   PAD
    0x080028f8   0x080028f8   0x00000002   Code   RO           48    .text.NMI_Handler   stm32h7xx_it.o
    0x080028fa   0x080028fa   0x00000006   PAD
    0x08002900   0x08002900   0x00000036   Code   RO          405    .text.NVIC_EncodePriority  stm32h7xx_hal_cortex.o
    0x08002936   0x08002936   0x00000002   PAD
    0x08002938   0x08002938   0x00000002   Code   RO         1373    .text.OSCfg_Init    os_cfg_app.o
    0x0800293a   0x0800293a   0x00000006   PAD
    0x08002940   0x08002940   0x00000012   Code   RO         2053    .text.OSIdleTaskHook  os_cpu_c.o
    0x08002952   0x08002952   0x00000006   PAD
    0x08002958   0x08002958   0x0000017e   Code   RO         1428    .text.OSInit        os_core.o
    0x08002ad6   0x08002ad6   0x00000002   PAD
    0x08002ad8   0x08002ad8   0x00000028   Code   RO         2055    .text.OSInitHook    os_cpu_c.o
    0x08002b00   0x08002b00   0x00000024   Code   RO         1434    .text.OSIntEnter    os_core.o
    0x08002b24   0x08002b24   0x00000004   PAD
    0x08002b28   0x08002b28   0x00000096   Code   RO         1436    .text.OSIntExit     os_core.o
    0x08002bbe   0x08002bbe   0x00000002   PAD
    0x08002bc0   0x08002bc0   0x00000058   Code   RO         1671    .text.OSMutexCreate  os_mutex.o
    0x08002c18   0x08002c18   0x0000017a   Code   RO         1685    .text.OSMutexPend   os_mutex.o
    0x08002d92   0x08002d92   0x00000006   PAD
    0x08002d98   0x08002d98   0x0000012e   Code   RO         1691    .text.OSMutexPost   os_mutex.o
    0x08002ec6   0x08002ec6   0x00000002   PAD
    0x08002ec8   0x08002ec8   0x0000008a   Code   RO         1438    .text.OSSched       os_core.o
    0x08002f52   0x08002f52   0x00000006   PAD
    0x08002f58   0x08002f58   0x00000050   Code   RO         1440    .text.OSSchedLock   os_core.o
    0x08002fa8   0x08002fa8   0x0000005c   Code   RO         1444    .text.OSSchedRoundRobinCfg  os_core.o
    0x08003004   0x08003004   0x00000004   PAD
    0x08003008   0x08003008   0x0000005e   Code   RO         1442    .text.OSSchedUnlock  os_core.o
    0x08003066   0x08003066   0x00000002   PAD
    0x08003068   0x08003068   0x00000066   Code   RO         1450    .text.OSStart       os_core.o
    0x080030ce   0x080030ce   0x00000002   PAD
    0x080030d0   0x080030d0   0x000000e8   Code   RO         1813    .text.OSStatReset   os_stat.o
    0x080031b8   0x080031b8   0x000000d6   Code   RO         1815    .text.OSStatTaskCPUUsageInit  os_stat.o
    0x0800328e   0x0800328e   0x00000002   PAD
    0x08003290   0x08003290   0x00000012   Code   RO         2057    .text.OSStatTaskHook  os_cpu_c.o
    0x080032a2   0x080032a2   0x00000006   PAD
    0x080032a8   0x080032a8   0x00000126   Code   RO         1836    .text.OSTaskCreate  os_task.o
    0x080033ce   0x080033ce   0x00000002   PAD
    0x080033d0   0x080033d0   0x00000012   Code   RO         2059    .text.OSTaskCreateHook  os_cpu_c.o
    0x080033e2   0x080033e2   0x00000006   PAD
    0x080033e8   0x080033e8   0x00000144   Code   RO         1842    .text.OSTaskDel     os_task.o
    0x0800352c   0x0800352c   0x00000004   PAD
    0x08003530   0x08003530   0x00000012   Code   RO         2061    .text.OSTaskDelHook  os_cpu_c.o
    0x08003542   0x08003542   0x00000006   PAD
    0x08003548   0x08003548   0x00000150   Code   RO         1848    .text.OSTaskQPend   os_task.o
    0x08003698   0x08003698   0x00000026   Code   RO         1852    .text.OSTaskQPost   os_task.o
    0x080036be   0x080036be   0x00000002   PAD
    0x080036c0   0x080036c0   0x00000026   Code   RO         1862    .text.OSTaskResume  os_task.o
    0x080036e6   0x080036e6   0x00000002   PAD
    0x080036e8   0x080036e8   0x00000012   Code   RO         2063    .text.OSTaskReturnHook  os_cpu_c.o
    0x080036fa   0x080036fa   0x00000006   PAD
    0x08003700   0x08003700   0x00000142   Code   RO         1866    .text.OSTaskSemPend  os_task.o
    0x08003842   0x08003842   0x00000006   PAD
    0x08003848   0x08003848   0x0000001c   Code   RO         1870    .text.OSTaskSemPost  os_task.o
    0x08003864   0x08003864   0x00000004   PAD
    0x08003868   0x08003868   0x0000008c   Code   RO         1876    .text.OSTaskStkChk  os_task.o
    0x080038f4   0x080038f4   0x00000004   PAD
    0x080038f8   0x080038f8   0x00000152   Code   RO         2065    .text.OSTaskStkInit  os_cpu_c.o
    0x08003a4a   0x08003a4a   0x00000006   PAD
    0x08003a50   0x08003a50   0x00000018   Code   RO         1878    .text.OSTaskSuspend  os_task.o
    0x08003a68   0x08003a68   0x00000078   Code   RO         2067    .text.OSTaskSwHook  os_cpu_c.o
    0x08003ae0   0x08003ae0   0x0000009c   Code   RO         1924    .text.OSTimeDly     os_time.o
    0x08003b7c   0x08003b7c   0x00000004   PAD
    0x08003b80   0x08003b80   0x000000e4   Code   RO         1926    .text.OSTimeDlyHMSM  os_time.o
    0x08003c64   0x08003c64   0x00000004   PAD
    0x08003c68   0x08003c68   0x0000006e   Code   RO         1932    .text.OSTimeTick    os_time.o
    0x08003cd6   0x08003cd6   0x00000002   PAD
    0x08003cd8   0x08003cd8   0x00000012   Code   RO         2069    .text.OSTimeTickHook  os_cpu_c.o
    0x08003cea   0x08003cea   0x00000006   PAD
    0x08003cf0   0x08003cf0   0x00000002   Code   RO         1512    .text.OS_Dbg_Init   os_dbg.o
    0x08003cf2   0x08003cf2   0x00000006   PAD
    0x08003cf8   0x08003cf8   0x0000001a   Code   RO         1611    .text.OS_FlagInit   os_flag.o
    0x08003d12   0x08003d12   0x00000006   PAD
    0x08003d18   0x08003d18   0x0000003a   Code   RO         1454    .text.OS_IdleTask   os_core.o
    0x08003d52   0x08003d52   0x00000006   PAD
    0x08003d58   0x08003d58   0x00000074   Code   RO         1432    .text.OS_IdleTaskInit  os_core.o
    0x08003dcc   0x08003dcc   0x00000004   PAD
    0x08003dd0   0x08003dd0   0x0000001a   Code   RO         1637    .text.OS_MemInit    os_mem.o
    0x08003dea   0x08003dea   0x00000006   PAD
    0x08003df0   0x08003df0   0x0000007c   Code   RO         1650    .text.OS_MsgPoolInit  os_msg.o
    0x08003e6c   0x08003e6c   0x00000004   PAD
    0x08003e70   0x08003e70   0x00000038   Code   RO         1652    .text.OS_MsgQFreeAll  os_msg.o
    0x08003ea8   0x08003ea8   0x00000076   Code   RO         1656    .text.OS_MsgQGet    os_msg.o
    0x08003f1e   0x08003f1e   0x00000002   PAD
    0x08003f20   0x08003f20   0x0000000e   Code   RO         1654    .text.OS_MsgQInit   os_msg.o
    0x08003f2e   0x08003f2e   0x00000002   PAD
    0x08003f30   0x08003f30   0x000000ae   Code   RO         1658    .text.OS_MsgQPut    os_msg.o
    0x08003fde   0x08003fde   0x00000002   PAD
    0x08003fe0   0x08003fe0   0x00000024   Code   RO         1673    .text.OS_MutexDbgListAdd  os_mutex.o
    0x08004004   0x08004004   0x00000004   PAD
    0x08004008   0x08004008   0x00000008   Code   RO         1687    .text.OS_MutexGrpAdd  os_mutex.o
    0x08004010   0x08004010   0x00000064   Code   RO         1695    .text.OS_MutexGrpPostAll  os_mutex.o
    0x08004074   0x08004074   0x00000004   PAD
    0x08004078   0x08004078   0x00000028   Code   RO         1683    .text.OS_MutexGrpPrioFindHighest  os_mutex.o
    0x080040a0   0x080040a0   0x00000016   Code   RO         1679    .text.OS_MutexGrpRemove  os_mutex.o
    0x080040b6   0x080040b6   0x00000002   PAD
    0x080040b8   0x080040b8   0x0000001a   Code   RO         1693    .text.OS_MutexInit  os_mutex.o
    0x080040d2   0x080040d2   0x00000006   PAD
    0x080040d8   0x080040d8   0x00000052   Code   RO         1456    .text.OS_Pend       os_core.o
    0x0800412a   0x0800412a   0x00000006   PAD
    0x08004130   0x08004130   0x0000003a   Code   RO         1460    .text.OS_PendDataInit  os_core.o
    0x0800416a   0x0800416a   0x00000006   PAD
    0x08004170   0x08004170   0x0000004c   Code   RO         1464    .text.OS_PendDbgNameAdd  os_core.o
    0x080041bc   0x080041bc   0x00000004   PAD
    0x080041c0   0x080041c0   0x0000001c   Code   RO         1474    .text.OS_PendDbgNameRemove  os_core.o
    0x080041dc   0x080041dc   0x00000004   PAD
    0x080041e0   0x080041e0   0x00000038   Code   RO         1476    .text.OS_PendListChangePrio  os_core.o
    0x08004218   0x08004218   0x0000000a   Code   RO         1480    .text.OS_PendListInit  os_core.o
    0x08004222   0x08004222   0x00000006   PAD
    0x08004228   0x08004228   0x00000060   Code   RO         1462    .text.OS_PendListInsertPrio  os_core.o
    0x08004288   0x08004288   0x00000032   Code   RO         1470    .text.OS_PendListRemove  os_core.o
    0x080042ba   0x080042ba   0x00000006   PAD
    0x080042c0   0x080042c0   0x0000004c   Code   RO         1478    .text.OS_PendListRemove1  os_core.o
    0x0800430c   0x0800430c   0x00000004   PAD
    0x08004310   0x08004310   0x000000b4   Code   RO         1488    .text.OS_Post       os_core.o
    0x080043c4   0x080043c4   0x00000004   PAD
    0x080043c8   0x080043c8   0x0000003e   Code   RO         1490    .text.OS_Post1      os_core.o
    0x08004406   0x08004406   0x00000002   PAD
    0x08004408   0x08004408   0x00000030   Code   RO         1729    .text.OS_PrioGetHighest  os_prio.o
    0x08004438   0x08004438   0x00000010   Code   RO         1727    .text.OS_PrioInit   os_prio.o
    0x08004448   0x08004448   0x00000024   Code   RO         1731    .text.OS_PrioInsert  os_prio.o
    0x0800446c   0x0800446c   0x00000004   PAD
    0x08004470   0x08004470   0x00000026   Code   RO         1733    .text.OS_PrioRemove  os_prio.o
    0x08004496   0x08004496   0x00000002   PAD
    0x08004498   0x08004498   0x0000001a   Code   RO         1767    .text.OS_QInit      os_q.o
    0x080044b2   0x080044b2   0x00000006   PAD
    0x080044b8   0x080044b8   0x0000001e   Code   RO         1430    .text.OS_RdyListInit  os_core.o
    0x080044d6   0x080044d6   0x00000002   PAD
    0x080044d8   0x080044d8   0x00000032   Code   RO         1472    .text.OS_RdyListInsert  os_core.o
    0x0800450a   0x0800450a   0x00000006   PAD
    0x08004510   0x08004510   0x00000042   Code   RO         1494    .text.OS_RdyListInsertHead  os_core.o
    0x08004552   0x08004552   0x00000006   PAD
    0x08004558   0x08004558   0x00000042   Code   RO         1492    .text.OS_RdyListInsertTail  os_core.o
    0x0800459a   0x0800459a   0x00000006   PAD
    0x080045a0   0x080045a0   0x00000038   Code   RO         1448    .text.OS_RdyListMoveHeadToTail  os_core.o
    0x080045d8   0x080045d8   0x00000058   Code   RO         1496    .text.OS_RdyListRemove  os_core.o
    0x08004630   0x08004630   0x00000074   Code   RO         1498    .text.OS_SchedRoundRobin  os_core.o
    0x080046a4   0x080046a4   0x00000004   PAD
    0x080046a8   0x080046a8   0x0000001a   Code   RO         1800    .text.OS_SemInit    os_sem.o
    0x080046c2   0x080046c2   0x00000006   PAD
    0x080046c8   0x080046c8   0x000002fc   Code   RO         1817    .text.OS_StatTask   os_stat.o
    0x080049c4   0x080049c4   0x00000004   PAD
    0x080049c8   0x080049c8   0x000000d4   Code   RO         1819    .text.OS_StatTaskInit  os_stat.o
    0x08004a9c   0x08004a9c   0x00000004   PAD
    0x08004aa0   0x08004aa0   0x0000002a   Code   RO         1458    .text.OS_TaskBlock  os_core.o
    0x08004aca   0x08004aca   0x00000006   PAD
    0x08004ad0   0x08004ad0   0x000000dc   Code   RO         1834    .text.OS_TaskChangePrio  os_task.o
    0x08004bac   0x08004bac   0x00000004   PAD
    0x08004bb0   0x08004bb0   0x00000024   Code   RO         1840    .text.OS_TaskDbgListAdd  os_task.o
    0x08004bd4   0x08004bd4   0x00000004   PAD
    0x08004bd8   0x08004bd8   0x0000003a   Code   RO         1844    .text.OS_TaskDbgListRemove  os_task.o
    0x08004c12   0x08004c12   0x00000006   PAD
    0x08004c18   0x08004c18   0x00000024   Code   RO         1884    .text.OS_TaskInit   os_task.o
    0x08004c3c   0x08004c3c   0x00000004   PAD
    0x08004c40   0x08004c40   0x0000009c   Code   RO         1838    .text.OS_TaskInitTCB  os_task.o
    0x08004cdc   0x08004cdc   0x00000004   PAD
    0x08004ce0   0x08004ce0   0x000000ac   Code   RO         1854    .text.OS_TaskQPost  os_task.o
    0x08004d8c   0x08004d8c   0x00000004   PAD
    0x08004d90   0x08004d90   0x000000c8   Code   RO         1864    .text.OS_TaskResume  os_task.o
    0x08004e58   0x08004e58   0x00000020   Code   RO         1886    .text.OS_TaskReturn  os_task.o
    0x08004e78   0x08004e78   0x000000dc   Code   RO         1872    .text.OS_TaskSemPost  os_task.o
    0x08004f54   0x08004f54   0x00000004   PAD
    0x08004f58   0x08004f58   0x000000be   Code   RO         1880    .text.OS_TaskSuspend  os_task.o
    0x08005016   0x08005016   0x00000002   PAD
    0x08005018   0x08005018   0x00000082   Code   RO         1907    .text.OS_TickListInsert  os_tick.o
    0x0800509a   0x0800509a   0x00000006   PAD
    0x080050a0   0x080050a0   0x0000008e   Code   RO         1909    .text.OS_TickListInsertDly  os_tick.o
    0x0800512e   0x0800512e   0x00000002   PAD
    0x08005130   0x08005130   0x00000060   Code   RO         1911    .text.OS_TickListRemove  os_tick.o
    0x08005190   0x08005190   0x00000090   Code   RO         1901    .text.OS_TickListUpdateDly  os_tick.o
    0x08005220   0x08005220   0x000000f8   Code   RO         1903    .text.OS_TickListUpdateTimeout  os_tick.o
    0x08005318   0x08005318   0x00000060   Code   RO         1899    .text.OS_TickTask   os_tick.o
    0x08005378   0x08005378   0x000000c4   Code   RO         1905    .text.OS_TickTaskInit  os_tick.o
    0x0800543c   0x0800543c   0x00000004   PAD
    0x08005440   0x08005440   0x00000130   Code   RO         1969    .text.OS_TmrInit    os_tmr.o
    0x08005570   0x08005570   0x00000020   Code   RO         1947    .text.OS_TmrLock    os_tmr.o
    0x08005590   0x08005590   0x000000b0   Code   RO         1971    .text.OS_TmrTask    os_tmr.o
    0x08005640   0x08005640   0x00000044   Code   RO         1963    .text.OS_TmrUnlink  os_tmr.o
    0x08005684   0x08005684   0x00000004   PAD
    0x08005688   0x08005688   0x0000001a   Code   RO         1951    .text.OS_TmrUnlock  os_tmr.o
    0x080056a2   0x080056a2   0x00000006   PAD
    0x080056a8   0x080056a8   0x000000ac   Code   RO           80    .text.ReceiveDataTask  app.o
    0x08005754   0x08005754   0x00000004   PAD
    0x08005758   0x08005758   0x00000062   Code   RO          200    .text.SCB_EnableDCache  hardware_init.o
    0x080057ba   0x080057ba   0x00000006   PAD
    0x080057c0   0x080057c0   0x00000030   Code   RO          198    .text.SCB_EnableICache  hardware_init.o
    0x080057f0   0x080057f0   0x00000002   Code   RO           58    .text.SVC_Handler   stm32h7xx_it.o
    0x080057f2   0x080057f2   0x00000006   PAD
    0x080057f8   0x080057f8   0x00000144   Code   RO           78    .text.StartTask     app.o
    0x0800593c   0x0800593c   0x00000004   PAD
    0x08005940   0x08005940   0x00000030   Code   RO          421    .text.SysTick_Config  stm32h7xx_hal_cortex.o
    0x08005970   0x08005970   0x00000026   Code   RO           62    .text.SysTick_Handler  stm32h7xx_it.o
    0x08005996   0x08005996   0x00000002   PAD
    0x08005998   0x08005998   0x000000d6   Code   RO          202    .text.SystemClockInit  hardware_init.o
    0x08005a6e   0x08005a6e   0x00000002   PAD
    0x08005a70   0x08005a70   0x0000006c   Code   RO           16    .text.SystemInit    system_stm32h7xx.o
    0x08005adc   0x08005adc   0x00000004   PAD
    0x08005ae0   0x08005ae0   0x0000003e   Code   RO          192    .text.SystickInit   hardware_init.o
    0x08005b1e   0x08005b1e   0x00000002   PAD
    0x08005b20   0x08005b20   0x000000e8   Code   RO          807    .text.UART_AdvFeatureConfig  stm32h7xx_hal_uart.o
    0x08005c08   0x08005c08   0x0000006e   Code   RO          809    .text.UART_CheckIdleState  stm32h7xx_hal_uart.o
    0x08005c76   0x08005c76   0x00000002   PAD
    0x08005c78   0x08005c78   0x00000010   Code   RO          885    .text.UART_DMAAbortOnError  stm32h7xx_hal_uart.o
    0x08005c88   0x08005c88   0x0000001a   Code   RO          853    .text.UART_EndRxTransfer  stm32h7xx_hal_uart.o
    0x08005ca2   0x08005ca2   0x00000006   PAD
    0x08005ca8   0x08005ca8   0x00000014   Code   RO          891    .text.UART_EndTransmit_IT  stm32h7xx_hal_uart.o
    0x08005cbc   0x08005cbc   0x00000004   PAD
    0x08005cc0   0x08005cc0   0x00000076   Code   RO          883    .text.UART_Receive_IT  stm32h7xx_hal_uart.o
    0x08005d36   0x08005d36   0x00000002   PAD
    0x08005d38   0x08005d38   0x00000864   Code   RO          805    .text.UART_SetConfig  stm32h7xx_hal_uart.o
    0x0800659c   0x0800659c   0x00000004   PAD
    0x080065a0   0x080065a0   0x00000074   Code   RO          889    .text.UART_Transmit_IT  stm32h7xx_hal_uart.o
    0x08006614   0x08006614   0x00000004   PAD
    0x08006618   0x08006618   0x00000082   Code   RO          823    .text.UART_WaitOnFlagUntilTimeout  stm32h7xx_hal_uart.o
    0x0800669a   0x0800669a   0x00000006   PAD
    0x080066a0   0x080066a0   0x0000001a   Code   RO           64    .text.USART1_IRQHandler  stm32h7xx_it.o
    0x080066ba   0x080066ba   0x00000006   PAD
    0x080066c0   0x080066c0   0x0000001a   Code   RO           66    .text.USART2_IRQHandler  stm32h7xx_it.o
    0x080066da   0x080066da   0x00000006   PAD
    0x080066e0   0x080066e0   0x0000003e   Code   RO          140    .text.Uart1Init     usart.o
    0x0800671e   0x0800671e   0x00000002   PAD
    0x08006720   0x08006720   0x0000002a   Code   RO          142    .text.Uart2Init     usart.o
    0x0800674a   0x0800674a   0x00000006   PAD
    0x08006750   0x08006750   0x0000003e   Code   RO           82    .text.UploadDataTask  app.o
    0x0800678e   0x0800678e   0x00000002   PAD
    0x08006790   0x08006790   0x00000002   Code   RO           56    .text.UsageFault_Handler  stm32h7xx_it.o
    0x08006792   0x08006792   0x00000006   PAD
    0x08006798   0x08006798   0x00000048   Code   RO          125    .text._ZN6Method11ModbusCRC16EPhh  method.o
    0x080067e0   0x080067e0   0x00000020   Code   RO          127    .text._ZN6Method17BytewiseShiftLeftEPhi  method.o
    0x08006800   0x08006800   0x00000020   Code   RO          409    .text.__NVIC_EnableIRQ  stm32h7xx_hal_cortex.o
    0x08006820   0x08006820   0x00000010   Code   RO          401    .text.__NVIC_GetPriorityGrouping  stm32h7xx_hal_cortex.o
    0x08006830   0x08006830   0x00000022   Code   RO          403    .text.__NVIC_SetPriority  stm32h7xx_hal_cortex.o
    0x08006852   0x08006852   0x00000006   PAD
    0x08006858   0x08006858   0x00000020   Code   RO          397    .text.__NVIC_SetPriorityGrouping  stm32h7xx_hal_cortex.o
    0x08006878   0x08006878   0x00000030   Code   RO          261    .text.delay_ms      delay.o
    0x080068a8   0x080068a8   0x00000010   Code   RO          253    .text.delay_osschedlock  delay.o
    0x080068b8   0x080068b8   0x00000010   Code   RO          255    .text.delay_osschedunlock  delay.o
    0x080068c8   0x080068c8   0x00000012   Code   RO          257    .text.delay_ostimedly  delay.o
    0x080068da   0x080068da   0x00000006   PAD
    0x080068e0   0x080068e0   0x0000003e   Code   RO          259    .text.delay_us      delay.o
    0x0800691e   0x0800691e   0x00000002   PAD
    0x08006920   0x08006920   0x00000026   Code   RO          215    .text.fputc         itm.o
    0x08006946   0x08006946   0x00000002   PAD
    0x08006948   0x08006948   0x0000007c   Code   RO           34    .text.main          main.o
    0x080069c4   0x080069c4   0x0000003e   Code   RO         2349    CL$$btod_d2e        c_w.l(btod.o)
    0x08006a02   0x08006a02   0x00000046   Code   RO         2351    CL$$btod_d2e_denorm_low  c_w.l(btod.o)
    0x08006a48   0x08006a48   0x00000060   Code   RO         2350    CL$$btod_d2e_norm_op1  c_w.l(btod.o)
    0x08006aa8   0x08006aa8   0x00000338   Code   RO         2359    CL$$btod_div_common  c_w.l(btod.o)
    0x08006de0   0x08006de0   0x000000dc   Code   RO         2356    CL$$btod_e2e        c_w.l(btod.o)
    0x08006ebc   0x08006ebc   0x0000002a   Code   RO         2353    CL$$btod_ediv       c_w.l(btod.o)
    0x08006ee6   0x08006ee6   0x0000002a   Code   RO         2352    CL$$btod_emul       c_w.l(btod.o)
    0x08006f10   0x08006f10   0x00000244   Code   RO         2358    CL$$btod_mult_common  c_w.l(btod.o)
    0x08007154   0x08007154   0x00000118   Code   RO         2086    CODE                os_cpu_a.o
    0x0800726c   0x0800726c   0x00000030   Code   RO         2388    i.__ARM_fpclassify  m_wv.l(fpclassify.o)
    0x0800729c   0x0800729c   0x0000002c   Code   RO         2378    locale$$code        c_w.l(lc_numeric_c.o)
    0x080072c8   0x080072c8   0x0000001a   Code   RO         2479    x$fpl$fpinit        fz_wv.l(fpinit.o)
    0x080072e2   0x080072e2   0x00000004   Code   RO         2182    x$fpl$printf1       fz_wv.l(printf1.o)
    0x080072e6   0x080072e6   0x00000000   Code   RO         2386    x$fpl$usenofp       fz_wv.l(usenofp.o)
    0x080072e6   0x080072e6   0x00000002   PAD
    0x080072e8   0x080072e8   0x00000094   Data   RO         2347    .constdata          c_w.l(bigflt0.o)
    0x0800737c   0x0800737c   0x00000010   Data   RO           22    .rodata.D1CorePrescTable  system_stm32h7xx.o
    0x0800738c   0x0800738c   0x00000004   Data   RO         1388    .rodata.OSCfg_ISRStkBasePtr  os_cfg_app.o
    0x08007390   0x08007390   0x00000004   Data   RO         1389    .rodata.OSCfg_ISRStkSize  os_cfg_app.o
    0x08007394   0x08007394   0x00000004   Data   RO         1376    .rodata.OSCfg_IdleTaskStkBasePtr  os_cfg_app.o
    0x08007398   0x08007398   0x00000004   Data   RO         1377    .rodata.OSCfg_IdleTaskStkLimit  os_cfg_app.o
    0x0800739c   0x0800739c   0x00000004   Data   RO         1378    .rodata.OSCfg_IdleTaskStkSize  os_cfg_app.o
    0x080073a0   0x080073a0   0x00000004   Data   RO         1394    .rodata.OSCfg_MsgPoolBasePtr  os_cfg_app.o
    0x080073a4   0x080073a4   0x00000002   Data   RO         1391    .rodata.OSCfg_MsgPoolSize  os_cfg_app.o
    0x080073a6   0x080073a6   0x00000001   Data   RO         1395    .rodata.OSCfg_StatTaskPrio  os_cfg_app.o
    0x080073a7   0x080073a7   0x00000001   PAD
    0x080073a8   0x080073a8   0x00000004   Data   RO         1396    .rodata.OSCfg_StatTaskRate_Hz  os_cfg_app.o
    0x080073ac   0x080073ac   0x00000004   Data   RO         1398    .rodata.OSCfg_StatTaskStkBasePtr  os_cfg_app.o
    0x080073b0   0x080073b0   0x00000004   Data   RO         1399    .rodata.OSCfg_StatTaskStkLimit  os_cfg_app.o
    0x080073b4   0x080073b4   0x00000004   Data   RO         1400    .rodata.OSCfg_StatTaskStkSize  os_cfg_app.o
    0x080073b8   0x080073b8   0x00000004   Data   RO         1402    .rodata.OSCfg_StkSizeMin  os_cfg_app.o
    0x080073bc   0x080073bc   0x00000004   Data   RO         1403    .rodata.OSCfg_TickRate_Hz  os_cfg_app.o
    0x080073c0   0x080073c0   0x00000001   Data   RO         1404    .rodata.OSCfg_TickTaskPrio  os_cfg_app.o
    0x080073c1   0x080073c1   0x00000003   PAD
    0x080073c4   0x080073c4   0x00000004   Data   RO         1406    .rodata.OSCfg_TickTaskStkBasePtr  os_cfg_app.o
    0x080073c8   0x080073c8   0x00000004   Data   RO         1407    .rodata.OSCfg_TickTaskStkLimit  os_cfg_app.o
    0x080073cc   0x080073cc   0x00000004   Data   RO         1408    .rodata.OSCfg_TickTaskStkSize  os_cfg_app.o
    0x080073d0   0x080073d0   0x00000001   Data   RO         1410    .rodata.OSCfg_TmrTaskPrio  os_cfg_app.o
    0x080073d1   0x080073d1   0x00000003   PAD
    0x080073d4   0x080073d4   0x00000004   Data   RO         1411    .rodata.OSCfg_TmrTaskRate_Hz  os_cfg_app.o
    0x080073d8   0x080073d8   0x00000004   Data   RO         1413    .rodata.OSCfg_TmrTaskStkBasePtr  os_cfg_app.o
    0x080073dc   0x080073dc   0x00000004   Data   RO         1414    .rodata.OSCfg_TmrTaskStkLimit  os_cfg_app.o
    0x080073e0   0x080073e0   0x00000004   Data   RO         1415    .rodata.OSCfg_TmrTaskStkSize  os_cfg_app.o
    0x080073e4   0x080073e4   0x00000018   Data   RO          917    .rodata.UARTPrescTable  stm32h7xx_hal_uart.o
    0x080073fc   0x080073fc   0x00000002   Data   RO         1500    .rodata.str1.1      os_core.o
    0x080073fe   0x080073fe   0x00000002   PAD
    0x08007400   0x08007400   0x00000020   Data   RO         2541    Region$$Table       anon$$obj.o
    0x08007420   0x08007420   0x0000001c   Data   RO         2377    locale$$data        c_w.l(lc_numeric_c.o)


    Execution Region RW_IRAM1 (Exec base: 0x20000000, Load base: 0x0800743c, Size: 0x00000000, Max: 0x00020000, ABSOLUTE)

    **** No section assigned to this execution region ****


    Execution Region RW_IRAM2 (Exec base: 0x24000000, Load base: 0x08007440, Size: 0x00003758, Max: 0x00080000, ABSOLUTE)

    Exec Addr    Load Addr    Size         Type   Attr      Idx    E Section Name        Object

    0x24000000   0x08007440   0x00000004   Data   RW           20    .data.SystemCoreClock  system_stm32h7xx.o
    0x24000004   0x08007444   0x00000004   Data   RW           21    .data.SystemD2Clock  system_stm32h7xx.o
    0x24000008   0x08007448   0x00000001   Data   RW          381    .data.uwTickFreq    stm32h7xx_hal.o
    0x24000009   0x08007449   0x00000003   PAD
    0x2400000c   0x0800744c   0x00000004   Data   RW          382    .data.uwTickPrio    stm32h7xx_hal.o
    0x24000010        -       0x00000060   Zero   RW         2391    .bss                c_w.l(libspace.o)
    0x24000070        -       0x00000002   Zero   RW         1157    .bss.CPU_IntDisMeasCtr  cpu_core.o
    0x24000072   0x08007450   0x00000002   PAD
    0x24000074        -       0x00000004   Zero   RW         1155    .bss.CPU_IntDisMeasMaxCur_cnts  cpu_core.o
    0x24000078        -       0x00000004   Zero   RW         1156    .bss.CPU_IntDisMeasMax_cnts  cpu_core.o
    0x2400007c        -       0x00000004   Zero   RW         1162    .bss.CPU_IntDisMeasOvrhd_cnts  cpu_core.o
    0x24000080        -       0x00000004   Zero   RW         1159    .bss.CPU_IntDisMeasStart_cnts  cpu_core.o
    0x24000084        -       0x00000004   Zero   RW         1160    .bss.CPU_IntDisMeasStop_cnts  cpu_core.o
    0x24000088        -       0x00000002   Zero   RW         1158    .bss.CPU_IntDisNestCtr  cpu_core.o
    0x2400008a        -       0x00000010   Zero   RW         1153    .bss.CPU_Name       cpu_core.o
    0x2400009a   0x08007450   0x00000002   PAD
    0x2400009c        -       0x00000004   Zero   RW         1154    .bss.CPU_TS_TmrFreq_Hz  cpu_core.o
    0x240000a0        -       0x00000200   Zero   RW           91    .bss.DISPLAY_TASK_STK  app.o
    0x240002a0        -       0x000000c8   Zero   RW           90    .bss.DisplayTaskTCB  app.o
    0x24000368        -       0x00000190   Zero   RW         1387    .bss.OSCfg_ISRStk   os_cfg_app.o
    0x240004f8        -       0x00000200   Zero   RW         1375    .bss.OSCfg_IdleTaskStk  os_cfg_app.o
    0x240006f8        -       0x00000640   Zero   RW         1393    .bss.OSCfg_MsgPool  os_cfg_app.o
    0x24000d38        -       0x00000190   Zero   RW         1397    .bss.OSCfg_StatTaskStk  os_cfg_app.o
    0x24000ec8        -       0x00000200   Zero   RW         1405    .bss.OSCfg_TickTaskStk  os_cfg_app.o
    0x240010c8        -       0x00000200   Zero   RW         1412    .bss.OSCfg_TmrTaskStk  os_cfg_app.o
    0x240012c8        -       0x00000004   Zero   RW         1996    .bss.OSFlagDbgListPtr  os_var.o
    0x240012cc        -       0x00000002   Zero   RW         1997    .bss.OSFlagQty      os_var.o
    0x240012ce   0x08007450   0x00000002   PAD
    0x240012d0        -       0x00000004   Zero   RW         1991    .bss.OSIdleTaskCtr  os_var.o
    0x240012d4        -       0x000000c8   Zero   RW         1992    .bss.OSIdleTaskTCB  os_var.o
    0x2400139c        -       0x00000004   Zero   RW         1994    .bss.OSIntDisTimeMax  os_var.o
    0x240013a0        -       0x00000001   Zero   RW         1993    .bss.OSIntNestingCtr  os_var.o
    0x240013a1   0x08007450   0x00000003   PAD
    0x240013a4        -       0x00000004   Zero   RW         1998    .bss.OSMemDbgListPtr  os_var.o
    0x240013a8        -       0x00000002   Zero   RW         1999    .bss.OSMemQty       os_var.o
    0x240013aa   0x08007450   0x00000002   PAD
    0x240013ac        -       0x0000000c   Zero   RW         2000    .bss.OSMsgPool      os_var.o
    0x240013b8        -       0x00000004   Zero   RW         2001    .bss.OSMutexDbgListPtr  os_var.o
    0x240013bc        -       0x00000002   Zero   RW         2002    .bss.OSMutexQty     os_var.o
    0x240013be        -       0x00000001   Zero   RW         2003    .bss.OSPrioCur      os_var.o
    0x240013bf        -       0x00000001   Zero   RW         2004    .bss.OSPrioHighRdy  os_var.o
    0x240013c0        -       0x00000001   Zero   RW         2005    .bss.OSPrioSaved    os_var.o
    0x240013c1   0x08007450   0x00000007   PAD
    0x240013c8        -       0x00000008   Zero   RW         1735    .bss.OSPrioTbl      os_prio.o
    0x240013d0        -       0x00000004   Zero   RW         2006    .bss.OSQDbgListPtr  os_var.o
    0x240013d4        -       0x00000002   Zero   RW         2007    .bss.OSQQty         os_var.o
    0x240013d6   0x08007450   0x00000002   PAD
    0x240013d8        -       0x00000300   Zero   RW         2008    .bss.OSRdyList      os_var.o
    0x240016d8        -       0x00000001   Zero   RW         1995    .bss.OSRunning      os_var.o
    0x240016d9        -       0x00000001   Zero   RW         2009    .bss.OSSchedLockNestingCtr  os_var.o
    0x240016da   0x08007450   0x00000002   PAD
    0x240016dc        -       0x00000004   Zero   RW         2010    .bss.OSSchedRoundRobinDfltTimeQuanta  os_var.o
    0x240016e0        -       0x00000001   Zero   RW         2011    .bss.OSSchedRoundRobinEn  os_var.o
    0x240016e1   0x08007450   0x00000003   PAD
    0x240016e4        -       0x00000004   Zero   RW         2012    .bss.OSSemDbgListPtr  os_var.o
    0x240016e8        -       0x00000002   Zero   RW         2013    .bss.OSSemQty       os_var.o
    0x240016ea        -       0x00000001   Zero   RW         2014    .bss.OSStatResetFlag  os_var.o
    0x240016eb   0x08007450   0x00000001   PAD
    0x240016ec        -       0x00000002   Zero   RW         2015    .bss.OSStatTaskCPUUsage  os_var.o
    0x240016ee        -       0x00000002   Zero   RW         2016    .bss.OSStatTaskCPUUsageMax  os_var.o
    0x240016f0        -       0x00000004   Zero   RW         2017    .bss.OSStatTaskCtr  os_var.o
    0x240016f4        -       0x00000004   Zero   RW         2018    .bss.OSStatTaskCtrMax  os_var.o
    0x240016f8        -       0x00000004   Zero   RW         2019    .bss.OSStatTaskCtrRun  os_var.o
    0x240016fc        -       0x00000001   Zero   RW         2020    .bss.OSStatTaskRdy  os_var.o
    0x240016fd   0x08007450   0x00000003   PAD
    0x24001700        -       0x000000c8   Zero   RW         2021    .bss.OSStatTaskTCB  os_var.o
    0x240017c8        -       0x00000004   Zero   RW         2022    .bss.OSStatTaskTimeMax  os_var.o
    0x240017cc        -       0x00000004   Zero   RW         2042    .bss.OSTCBCurPtr    os_var.o
    0x240017d0        -       0x00000004   Zero   RW         2043    .bss.OSTCBHighRdyPtr  os_var.o
    0x240017d4        -       0x00000004   Zero   RW         2023    .bss.OSTaskCtxSwCtr  os_var.o
    0x240017d8        -       0x00000004   Zero   RW         2024    .bss.OSTaskDbgListPtr  os_var.o
    0x240017dc        -       0x00000002   Zero   RW         2025    .bss.OSTaskQty      os_var.o
    0x240017de        -       0x00000001   Zero   RW         2026    .bss.OSTaskRegNextAvailID  os_var.o
    0x240017df   0x08007450   0x00000001   PAD
    0x240017e0        -       0x00000004   Zero   RW         2027    .bss.OSTickCtr      os_var.o
    0x240017e4        -       0x00000008   Zero   RW         2030    .bss.OSTickListDly  os_var.o
    0x240017ec        -       0x00000008   Zero   RW         2031    .bss.OSTickListTimeout  os_var.o
    0x240017f4        -       0x000000c8   Zero   RW         2028    .bss.OSTickTaskTCB  os_var.o
    0x240018bc        -       0x00000004   Zero   RW         2029    .bss.OSTickTaskTimeMax  os_var.o
    0x240018c0        -       0x00000004   Zero   RW         2032    .bss.OSTmrDbgListPtr  os_var.o
    0x240018c4        -       0x00000002   Zero   RW         2033    .bss.OSTmrListEntries  os_var.o
    0x240018c6   0x08007450   0x00000002   PAD
    0x240018c8        -       0x00000004   Zero   RW         2034    .bss.OSTmrListPtr   os_var.o
    0x240018cc        -       0x00000030   Zero   RW         2035    .bss.OSTmrMutex     os_var.o
    0x240018fc        -       0x000000c8   Zero   RW         2037    .bss.OSTmrTaskTCB   os_var.o
    0x240019c4        -       0x00000004   Zero   RW         2038    .bss.OSTmrTaskTimeMax  os_var.o
    0x240019c8        -       0x00000004   Zero   RW         2039    .bss.OSTmrTickCtr   os_var.o
    0x240019cc        -       0x00000004   Zero   RW         2040    .bss.OSTmrUpdateCnt  os_var.o
    0x240019d0        -       0x00000004   Zero   RW         2041    .bss.OSTmrUpdateCtr  os_var.o
    0x240019d4        -       0x00000004   Zero   RW         1987    .bss.OS_AppIdleTaskHookPtr  os_var.o
    0x240019d8        -       0x00000004   Zero   RW         1988    .bss.OS_AppStatTaskHookPtr  os_var.o
    0x240019dc        -       0x00000004   Zero   RW         1984    .bss.OS_AppTaskCreateHookPtr  os_var.o
    0x240019e0        -       0x00000004   Zero   RW         1985    .bss.OS_AppTaskDelHookPtr  os_var.o
    0x240019e4        -       0x00000004   Zero   RW         1986    .bss.OS_AppTaskReturnHookPtr  os_var.o
    0x240019e8        -       0x00000004   Zero   RW         1989    .bss.OS_AppTaskSwHookPtr  os_var.o
    0x240019ec        -       0x00000004   Zero   RW         1990    .bss.OS_AppTimeTickHookPtr  os_var.o
    0x240019f0        -       0x00000004   Zero   RW         2075    .bss.OS_CPU_ExceptStkBase  os_cpu_c.o
    0x240019f4   0x08007450   0x00000004   PAD
    0x240019f8        -       0x00000400   Zero   RW           89    .bss.RECEIVE_DATA_TASK_STK  app.o
    0x24001df8        -       0x000000c8   Zero   RW           88    .bss.ReceiveDataTaskTCB  app.o
    0x24001ec0        -       0x00000400   Zero   RW           87    .bss.START_TASK_STK  app.o
    0x240022c0        -       0x000000c8   Zero   RW           86    .bss.StartTaskTCB   app.o
    0x24002388        -       0x00000080   Zero   RW          150    .bss.UART1_Handler  usart.o
    0x24002408        -       0x00000080   Zero   RW          152    .bss.UART2_Handler  usart.o
    0x24002488        -       0x00000400   Zero   RW           93    .bss.UPLOAD_DATA_TASK_STK  app.o
    0x24002888        -       0x000000c8   Zero   RW           92    .bss.UploadDataTaskTCB  app.o
    0x24002950        -       0x00000003   Zero   RW          151    .bss.Usart1RxBuffer  usart.o
    0x24002953        -       0x00000100   Zero   RW          155    .bss.Usart2RxBuffer  usart.o
    0x24002a53   0x08007450   0x00000001   PAD
    0x24002a54        -       0x00000054   Zero   RW          217    .bss.__stdout       itm.o
    0x24002aa8        -       0x00000006   Zero   RW         2124    .bss.fixedFrameArray  transportlayer.o
    0x24002aae   0x08007450   0x00000002   PAD
    0x24002ab0        -       0x000000a0   Zero   RW           94    .bss.nodeDataBuffer  app.o
    0x24002b50        -       0x00000001   Zero   RW           95    .bss.nodeDataBufferPointer  app.o
    0x24002b51        -       0x00000001   Zero   RW         2123    .bss.receiveStatus  transportlayer.o
    0x24002b52   0x08007450   0x00000002   PAD
    0x24002b54        -       0x00000004   Zero   RW          383    .bss.uwTick         stm32h7xx_hal.o
    0x24002b58        -       0x00000200   Zero   RW          274    HEAP                startup_stm32h743xx.o
    0x24002d58        -       0x00000a00   Zero   RW          273    STACK               startup_stm32h743xx.o


==============================================================================

Image component sizes


      Code (inc. data)   RO Data    RW Data    ZI Data      Debug   Object Name

       608         76          0          0       4545      27914   app.o
        66          0          0          0          0       1639   bsp.o
        52          0          0          0          0        348   cpu_a.o
       456          0          0          0         44       7868   cpu_core.o
       160          0          0          0          0       6743   delay.o
       276          0          0          0          0       4333   dht11.o
       496          0          0          0          0       7005   hardware_init.o
        38          0          0          0         84       1119   itm.o
       200          0          0          0          0       3162   led.o
       138          0          0          0          0      16727   lib_mem.o
       124         12          0          0          0       9082   main.o
       104          0          0          0          0      21805   method.o
         2          0         81          0       3936       4278   os_cfg_app.o
      2536         40          2          0          0      19593   os_core.o
       280         14          0          0          0        440   os_cpu_a.o
       606          0          0          0          4       6943   os_cpu_c.o
         2          0          0          0          0       9599   os_dbg.o
        26          0          0          0          0      13633   os_flag.o
        26          0          0          0          0       7623   os_mem.o
       486          0          0          0          0       7626   os_msg.o
      1000          8          0          0          0      14124   os_mutex.o
       138          0          0          0          8       1720   os_prio.o
        26          0          0          0          0      13766   os_q.o
        26          0          0          0          0      13678   os_sem.o
      1422         20          0          0          0      11566   os_stat.o
      2864         36          0          0          0      21203   os_task.o
      1052         20          0          0          0      12257   os_tick.o
       494         10          0          0          0      10863   os_time.o
       606         40          0          0          0      14118   os_tmr.o
         0          0          0          0       1796       9196   os_var.o
       104         34        664          0       3072        892   startup_stm32h743xx.o
       162          0          0          5          4      16035   stm32h7xx_hal.o
       286          0          0          0          0      12374   stm32h7xx_hal_cortex.o
       228          0          0          0          0      11563   stm32h7xx_hal_dma.o
       430          0          0          0          0       7196   stm32h7xx_hal_gpio.o
         2          0          0          0          0        579   stm32h7xx_hal_msp.o
      2230          4          0          0          0      11854   stm32h7xx_hal_rcc.o
       608          8          0          0          0      17140   stm32h7xx_hal_rcc_ex.o
      3582        492         24          0          0      22710   stm32h7xx_hal_uart.o
         2          0          0          0          0       6805   stm32h7xx_hal_uart_ex.o
       104          0          0          0          0       1427   stm32h7xx_it.o
       108          0         16          8          0       4742   system_stm32h7xx.o
       300          0          0          0          7      24210   transportlayer.o
       412          0          0          0        515      11200   usart.o

    ----------------------------------------------------------------------
     23536        858        828         16      14056     448698   Object Totals
         0          0         32          0          0          0   (incl. Generated)
       668         44          9          3         41          0   (incl. Padding)

    ----------------------------------------------------------------------

      Code (inc. data)   RO Data    RW Data    ZI Data      Debug   Library Member Name

         8          0          0          0          0         68   __main.o
       104          0          0          0          0         84   __printf.o
         0          0          0          0          0          0   __rtentry.o
        12          0          0          0          0          0   __rtentry2.o
         6          0          0          0          0          0   __rtentry4.o
        52          8          0          0          0          0   __scatter.o
        26          0          0          0          0          0   __scatter_copy.o
        28          0          0          0          0          0   __scatter_zi.o
        48          6          0          0          0         96   _printf_char_common.o
        36          4          0          0          0         80   _printf_char_file.o
         6          0          0          0          0          0   _printf_d.o
       120         16          0          0          0         92   _printf_dec.o
         6          0          0          0          0          0   _printf_f.o
      1052          0          0          0          0        148   _printf_fp_dec.o
       128         16          0          0          0         84   _printf_fp_infnan.o
       178          0          0          0          0         88   _printf_intcommon.o
         0          0          0          0          0          0   _printf_percent.o
         4          0          0          0          0          0   _printf_percent_end.o
        16          0          0          0          0         68   aeabi_memset.o
       228          4        148          0          0         96   bigflt0.o
      1936        128          0          0          0        672   btod.o
        18          0          0          0          0         80   exit.o
         8          0          0          0          0         68   ferror.o
         6          0          0          0          0        152   heapauxi.o
         0          0          0          0          0          0   indicate_semi.o
        44         10         28          0          0         76   lc_numeric_c.o
         2          0          0          0          0          0   libinit.o
        22          0          0          0          0          0   libinit2.o
         2          0          0          0          0          0   libshutdown.o
         2          0          0          0          0          0   libshutdown2.o
         8          4          0          0         96         68   libspace.o
       138          0          0          0          0         80   lludiv10.o
       238          0          0          0          0        100   lludivv7m.o
        24          4          0          0          0         84   noretval__2printf.o
         8          4          0          0          0         68   rt_locale_intlibspace.o
        68          0          0          0          0         68   rt_memclr.o
        78          0          0          0          0         80   rt_memclr_w.o
       138          0          0          0          0         68   rt_memcpy_v6.o
       100          0          0          0          0         80   rt_memcpy_w.o
         2          0          0          0          0          0   rtexit.o
        10          0          0          0          0          0   rtexit2.o
       124          0          0          0          0         88   strcmpv7m_pel.o
        12          4          0          0          0         68   sys_exit.o
        74          0          0          0          0         80   sys_stackheap_outer.o
         2          0          0          0          0         68   use_no_semi.o
        26          0          0          0          0        116   fpinit.o
         4          0          0          0          0        116   printf1.o
         0          0          0          0          0          0   usenofp.o
        48          0          0          0          0        124   fpclassify.o

    ----------------------------------------------------------------------
      5216        208        176          0         96       3308   Library Totals
        16          0          0          0          0          0   (incl. Padding)

    ----------------------------------------------------------------------

      Code (inc. data)   RO Data    RW Data    ZI Data      Debug   Library Name

      5122        208        176          0         96       2952   c_w.l
        30          0          0          0          0        232   fz_wv.l
        48          0          0          0          0        124   m_wv.l

    ----------------------------------------------------------------------
      5216        208        176          0         96       3308   Library Totals

    ----------------------------------------------------------------------

==============================================================================


      Code (inc. data)   RO Data    RW Data    ZI Data      Debug   

     28752       1066       1004         16      14152     449670   Grand Totals
     28752       1066       1004         16      14152     449670   ELF Image Totals
     28752       1066       1004         16          0          0   ROM Totals

==============================================================================

    Total RO  Size (Code + RO Data)                29756 (  29.06kB)
    Total RW  Size (RW Data + ZI Data)             14168 (  13.84kB)
    Total ROM Size (Code + RO Data + RW Data)      29772 (  29.07kB)

==============================================================================

