<!doctype html public "-//w3c//dtd html 4.0 transitional//en">
<html><head>
<title>Static Call Graph - [..\OBJ\Template.axf]</title></head>
<body><HR>
<H1>Static Call Graph for image ..\OBJ\Template.axf</H1><HR>
<BR><P>#&#060CALLGRAPH&#062# ARM Linker, 6100100: Last Updated: Sat Mar 30 11:33:54 2019
<BR><P>
<H3>Maximum Stack Usage =        472 bytes + Unknown(Functions without stacksize, Cycles, Untraceable Function Pointers)</H3><H3>
Call chain for Maximum Stack Depth:</H3>
__rt_entry_main &rArr; main &rArr; HardwareInit &rArr; LCD_Init &rArr; LTDC_Init &rArr; LTDC_Clk_Set &rArr; HAL_RCCEx_PeriphCLKConfig &rArr; RCCEx_PLL3_Config
<P>
<H3>
Functions with no stack information
</H3><UL>
 <LI><a href="#[fc]">__user_initial_stackheap</a>
 <LI><a href="#[251]">CPU_IntDis</a>
 <LI><a href="#[252]">CPU_IntEn</a>
 <LI><a href="#[105]">CPU_SR_Save</a>
 <LI><a href="#[108]">CPU_SR_Restore</a>
 <LI><a href="#[253]">CPU_WaitForInt</a>
 <LI><a href="#[254]">CPU_WaitForExcept</a>
 <LI><a href="#[1e9]">CPU_CntLeadZeros</a>
 <LI><a href="#[255]">CPU_CntTrailZeros</a>
 <LI><a href="#[256]">CPU_RevBits</a>
 <LI><a href="#[1d9]">OS_CPU_FP_Reg_Push</a>
 <LI><a href="#[1da]">OS_CPU_FP_Reg_Pop</a>
 <LI><a href="#[1bb]">OSStartHighRdy</a>
 <LI><a href="#[1b6]">OSCtxSw</a>
 <LI><a href="#[1a8]">OSIntCtxSw</a>
 <LI><a href="#[c]">PendSV_Handler</a>
</UL>
</UL>
<P>
<H3>
Mutually Recursive functions
</H3> <LI><a href="#[85]">ADC3_IRQHandler</a>&nbsp;&nbsp;&nbsp;&rArr;&nbsp;&nbsp;&nbsp;<a href="#[85]">ADC3_IRQHandler</a><BR>
 <LI><a href="#[8]">BusFault_Handler</a>&nbsp;&nbsp;&nbsp;&rArr;&nbsp;&nbsp;&nbsp;<a href="#[8]">BusFault_Handler</a><BR>
 <LI><a href="#[6]">HardFault_Handler</a>&nbsp;&nbsp;&nbsp;&rArr;&nbsp;&nbsp;&nbsp;<a href="#[6]">HardFault_Handler</a><BR>
 <LI><a href="#[7]">MemManage_Handler</a>&nbsp;&nbsp;&nbsp;&rArr;&nbsp;&nbsp;&nbsp;<a href="#[7]">MemManage_Handler</a><BR>
 <LI><a href="#[9]">UsageFault_Handler</a>&nbsp;&nbsp;&nbsp;&rArr;&nbsp;&nbsp;&nbsp;<a href="#[9]">UsageFault_Handler</a><BR>
</UL>
<P>
<H3>
Function Pointers
</H3><UL>
 <LI><a href="#[85]">ADC3_IRQHandler</a> from startup_stm32h743xx.o(.text) referenced from startup_stm32h743xx.o(RESET)
 <LI><a href="#[20]">ADC_IRQHandler</a> from startup_stm32h743xx.o(.text) referenced from startup_stm32h743xx.o(RESET)
 <LI><a href="#[87]">BDMA_Channel0_IRQHandler</a> from startup_stm32h743xx.o(.text) referenced from startup_stm32h743xx.o(RESET)
 <LI><a href="#[88]">BDMA_Channel1_IRQHandler</a> from startup_stm32h743xx.o(.text) referenced from startup_stm32h743xx.o(RESET)
 <LI><a href="#[89]">BDMA_Channel2_IRQHandler</a> from startup_stm32h743xx.o(.text) referenced from startup_stm32h743xx.o(RESET)
 <LI><a href="#[8a]">BDMA_Channel3_IRQHandler</a> from startup_stm32h743xx.o(.text) referenced from startup_stm32h743xx.o(RESET)
 <LI><a href="#[8b]">BDMA_Channel4_IRQHandler</a> from startup_stm32h743xx.o(.text) referenced from startup_stm32h743xx.o(RESET)
 <LI><a href="#[8c]">BDMA_Channel5_IRQHandler</a> from startup_stm32h743xx.o(.text) referenced from startup_stm32h743xx.o(RESET)
 <LI><a href="#[8d]">BDMA_Channel6_IRQHandler</a> from startup_stm32h743xx.o(.text) referenced from startup_stm32h743xx.o(RESET)
 <LI><a href="#[8e]">BDMA_Channel7_IRQHandler</a> from startup_stm32h743xx.o(.text) referenced from startup_stm32h743xx.o(RESET)
 <LI><a href="#[8]">BusFault_Handler</a> from stm32h7xx_it.o(.text.BusFault_Handler) referenced from startup_stm32h743xx.o(RESET)
 <LI><a href="#[66]">CEC_IRQHandler</a> from startup_stm32h743xx.o(.text) referenced from startup_stm32h743xx.o(RESET)
 <LI><a href="#[8f]">COMP1_IRQHandler</a> from startup_stm32h743xx.o(.text) referenced from startup_stm32h743xx.o(RESET)
 <LI><a href="#[95]">CRS_IRQHandler</a> from startup_stm32h743xx.o(.text) referenced from startup_stm32h743xx.o(RESET)
 <LI><a href="#[57]">DCMI_IRQHandler</a> from startup_stm32h743xx.o(.text) referenced from startup_stm32h743xx.o(RESET)
 <LI><a href="#[76]">DFSDM1_FLT0_IRQHandler</a> from startup_stm32h743xx.o(.text) referenced from startup_stm32h743xx.o(RESET)
 <LI><a href="#[77]">DFSDM1_FLT1_IRQHandler</a> from startup_stm32h743xx.o(.text) referenced from startup_stm32h743xx.o(RESET)
 <LI><a href="#[78]">DFSDM1_FLT2_IRQHandler</a> from startup_stm32h743xx.o(.text) referenced from startup_stm32h743xx.o(RESET)
 <LI><a href="#[79]">DFSDM1_FLT3_IRQHandler</a> from startup_stm32h743xx.o(.text) referenced from startup_stm32h743xx.o(RESET)
 <LI><a href="#[19]">DMA1_Stream0_IRQHandler</a> from startup_stm32h743xx.o(.text) referenced from startup_stm32h743xx.o(RESET)
 <LI><a href="#[1a]">DMA1_Stream1_IRQHandler</a> from startup_stm32h743xx.o(.text) referenced from startup_stm32h743xx.o(RESET)
 <LI><a href="#[1b]">DMA1_Stream2_IRQHandler</a> from startup_stm32h743xx.o(.text) referenced from startup_stm32h743xx.o(RESET)
 <LI><a href="#[1c]">DMA1_Stream3_IRQHandler</a> from startup_stm32h743xx.o(.text) referenced from startup_stm32h743xx.o(RESET)
 <LI><a href="#[1d]">DMA1_Stream4_IRQHandler</a> from startup_stm32h743xx.o(.text) referenced from startup_stm32h743xx.o(RESET)
 <LI><a href="#[1e]">DMA1_Stream5_IRQHandler</a> from startup_stm32h743xx.o(.text) referenced from startup_stm32h743xx.o(RESET)
 <LI><a href="#[1f]">DMA1_Stream6_IRQHandler</a> from startup_stm32h743xx.o(.text) referenced from startup_stm32h743xx.o(RESET)
 <LI><a href="#[3c]">DMA1_Stream7_IRQHandler</a> from startup_stm32h743xx.o(.text) referenced from startup_stm32h743xx.o(RESET)
 <LI><a href="#[62]">DMA2D_IRQHandler</a> from startup_stm32h743xx.o(.text) referenced from startup_stm32h743xx.o(RESET)
 <LI><a href="#[45]">DMA2_Stream0_IRQHandler</a> from startup_stm32h743xx.o(.text) referenced from startup_stm32h743xx.o(RESET)
 <LI><a href="#[46]">DMA2_Stream1_IRQHandler</a> from startup_stm32h743xx.o(.text) referenced from startup_stm32h743xx.o(RESET)
 <LI><a href="#[47]">DMA2_Stream2_IRQHandler</a> from startup_stm32h743xx.o(.text) referenced from startup_stm32h743xx.o(RESET)
 <LI><a href="#[48]">DMA2_Stream3_IRQHandler</a> from startup_stm32h743xx.o(.text) referenced from startup_stm32h743xx.o(RESET)
 <LI><a href="#[49]">DMA2_Stream4_IRQHandler</a> from startup_stm32h743xx.o(.text) referenced from startup_stm32h743xx.o(RESET)
 <LI><a href="#[4d]">DMA2_Stream5_IRQHandler</a> from startup_stm32h743xx.o(.text) referenced from startup_stm32h743xx.o(RESET)
 <LI><a href="#[4e]">DMA2_Stream6_IRQHandler</a> from startup_stm32h743xx.o(.text) referenced from startup_stm32h743xx.o(RESET)
 <LI><a href="#[4f]">DMA2_Stream7_IRQHandler</a> from startup_stm32h743xx.o(.text) referenced from startup_stm32h743xx.o(RESET)
 <LI><a href="#[6e]">DMAMUX1_OVR_IRQHandler</a> from startup_stm32h743xx.o(.text) referenced from startup_stm32h743xx.o(RESET)
 <LI><a href="#[86]">DMAMUX2_OVR_IRQHandler</a> from startup_stm32h743xx.o(.text) referenced from startup_stm32h743xx.o(RESET)
 <LI><a href="#[b]">DebugMon_Handler</a> from stm32h7xx_it.o(.text.DebugMon_Handler) referenced from startup_stm32h743xx.o(RESET)
 <LI><a href="#[a4]">DisplayTask</a> from app.o(.text.DisplayTask) referenced 2 times from app.o(.text.StartTask)
 <LI><a href="#[4a]">ETH_IRQHandler</a> from startup_stm32h743xx.o(.text) referenced from startup_stm32h743xx.o(RESET)
 <LI><a href="#[4b]">ETH_WKUP_IRQHandler</a> from startup_stm32h743xx.o(.text) referenced from startup_stm32h743xx.o(RESET)
 <LI><a href="#[14]">EXTI0_IRQHandler</a> from startup_stm32h743xx.o(.text) referenced from startup_stm32h743xx.o(RESET)
 <LI><a href="#[36]">EXTI15_10_IRQHandler</a> from startup_stm32h743xx.o(.text) referenced from startup_stm32h743xx.o(RESET)
 <LI><a href="#[15]">EXTI1_IRQHandler</a> from startup_stm32h743xx.o(.text) referenced from startup_stm32h743xx.o(RESET)
 <LI><a href="#[16]">EXTI2_IRQHandler</a> from startup_stm32h743xx.o(.text) referenced from startup_stm32h743xx.o(RESET)
 <LI><a href="#[17]">EXTI3_IRQHandler</a> from startup_stm32h743xx.o(.text) referenced from startup_stm32h743xx.o(RESET)
 <LI><a href="#[18]">EXTI4_IRQHandler</a> from startup_stm32h743xx.o(.text) referenced from startup_stm32h743xx.o(RESET)
 <LI><a href="#[25]">EXTI9_5_IRQHandler</a> from startup_stm32h743xx.o(.text) referenced from startup_stm32h743xx.o(RESET)
 <LI><a href="#[21]">FDCAN1_IT0_IRQHandler</a> from startup_stm32h743xx.o(.text) referenced from startup_stm32h743xx.o(RESET)
 <LI><a href="#[23]">FDCAN1_IT1_IRQHandler</a> from startup_stm32h743xx.o(.text) referenced from startup_stm32h743xx.o(RESET)
 <LI><a href="#[22]">FDCAN2_IT0_IRQHandler</a> from startup_stm32h743xx.o(.text) referenced from startup_stm32h743xx.o(RESET)
 <LI><a href="#[24]">FDCAN2_IT1_IRQHandler</a> from startup_stm32h743xx.o(.text) referenced from startup_stm32h743xx.o(RESET)
 <LI><a href="#[4c]">FDCAN_CAL_IRQHandler</a> from startup_stm32h743xx.o(.text) referenced from startup_stm32h743xx.o(RESET)
 <LI><a href="#[12]">FLASH_IRQHandler</a> from startup_stm32h743xx.o(.text) referenced from startup_stm32h743xx.o(RESET)
 <LI><a href="#[3d]">FMC_IRQHandler</a> from startup_stm32h743xx.o(.text) referenced from startup_stm32h743xx.o(RESET)
 <LI><a href="#[59]">FPU_IRQHandler</a> from startup_stm32h743xx.o(.text) referenced from startup_stm32h743xx.o(RESET)
 <LI><a href="#[75]">HRTIM1_FLT_IRQHandler</a> from startup_stm32h743xx.o(.text) referenced from startup_stm32h743xx.o(RESET)
 <LI><a href="#[6f]">HRTIM1_Master_IRQHandler</a> from startup_stm32h743xx.o(.text) referenced from startup_stm32h743xx.o(RESET)
 <LI><a href="#[70]">HRTIM1_TIMA_IRQHandler</a> from startup_stm32h743xx.o(.text) referenced from startup_stm32h743xx.o(RESET)
 <LI><a href="#[71]">HRTIM1_TIMB_IRQHandler</a> from startup_stm32h743xx.o(.text) referenced from startup_stm32h743xx.o(RESET)
 <LI><a href="#[72]">HRTIM1_TIMC_IRQHandler</a> from startup_stm32h743xx.o(.text) referenced from startup_stm32h743xx.o(RESET)
 <LI><a href="#[73]">HRTIM1_TIMD_IRQHandler</a> from startup_stm32h743xx.o(.text) referenced from startup_stm32h743xx.o(RESET)
 <LI><a href="#[74]">HRTIM1_TIME_IRQHandler</a> from startup_stm32h743xx.o(.text) referenced from startup_stm32h743xx.o(RESET)
 <LI><a href="#[84]">HSEM1_IRQHandler</a> from startup_stm32h743xx.o(.text) referenced from startup_stm32h743xx.o(RESET)
 <LI><a href="#[6]">HardFault_Handler</a> from stm32h7xx_it.o(.text.HardFault_Handler) referenced from startup_stm32h743xx.o(RESET)
 <LI><a href="#[2e]">I2C1_ER_IRQHandler</a> from startup_stm32h743xx.o(.text) referenced from startup_stm32h743xx.o(RESET)
 <LI><a href="#[2d]">I2C1_EV_IRQHandler</a> from startup_stm32h743xx.o(.text) referenced from startup_stm32h743xx.o(RESET)
 <LI><a href="#[30]">I2C2_ER_IRQHandler</a> from startup_stm32h743xx.o(.text) referenced from startup_stm32h743xx.o(RESET)
 <LI><a href="#[2f]">I2C2_EV_IRQHandler</a> from startup_stm32h743xx.o(.text) referenced from startup_stm32h743xx.o(RESET)
 <LI><a href="#[52]">I2C3_ER_IRQHandler</a> from startup_stm32h743xx.o(.text) referenced from startup_stm32h743xx.o(RESET)
 <LI><a href="#[51]">I2C3_EV_IRQHandler</a> from startup_stm32h743xx.o(.text) referenced from startup_stm32h743xx.o(RESET)
 <LI><a href="#[68]">I2C4_ER_IRQHandler</a> from startup_stm32h743xx.o(.text) referenced from startup_stm32h743xx.o(RESET)
 <LI><a href="#[67]">I2C4_EV_IRQHandler</a> from startup_stm32h743xx.o(.text) referenced from startup_stm32h743xx.o(RESET)
 <LI><a href="#[81]">JPEG_IRQHandler</a> from startup_stm32h743xx.o(.text) referenced from startup_stm32h743xx.o(RESET)
 <LI><a href="#[65]">LPTIM1_IRQHandler</a> from startup_stm32h743xx.o(.text) referenced from startup_stm32h743xx.o(RESET)
 <LI><a href="#[90]">LPTIM2_IRQHandler</a> from startup_stm32h743xx.o(.text) referenced from startup_stm32h743xx.o(RESET)
 <LI><a href="#[91]">LPTIM3_IRQHandler</a> from startup_stm32h743xx.o(.text) referenced from startup_stm32h743xx.o(RESET)
 <LI><a href="#[92]">LPTIM4_IRQHandler</a> from startup_stm32h743xx.o(.text) referenced from startup_stm32h743xx.o(RESET)
 <LI><a href="#[93]">LPTIM5_IRQHandler</a> from startup_stm32h743xx.o(.text) referenced from startup_stm32h743xx.o(RESET)
 <LI><a href="#[94]">LPUART1_IRQHandler</a> from startup_stm32h743xx.o(.text) referenced from startup_stm32h743xx.o(RESET)
 <LI><a href="#[61]">LTDC_ER_IRQHandler</a> from startup_stm32h743xx.o(.text) referenced from startup_stm32h743xx.o(RESET)
 <LI><a href="#[60]">LTDC_IRQHandler</a> from startup_stm32h743xx.o(.text) referenced from startup_stm32h743xx.o(RESET)
 <LI><a href="#[80]">MDIOS_IRQHandler</a> from startup_stm32h743xx.o(.text) referenced from startup_stm32h743xx.o(RESET)
 <LI><a href="#[7f]">MDIOS_WKUP_IRQHandler</a> from startup_stm32h743xx.o(.text) referenced from startup_stm32h743xx.o(RESET)
 <LI><a href="#[82]">MDMA_IRQHandler</a> from startup_stm32h743xx.o(.text) referenced from startup_stm32h743xx.o(RESET)
 <LI><a href="#[7]">MemManage_Handler</a> from stm32h7xx_it.o(.text.MemManage_Handler) referenced from startup_stm32h743xx.o(RESET)
 <LI><a href="#[5]">NMI_Handler</a> from stm32h7xx_it.o(.text.NMI_Handler) referenced from startup_stm32h743xx.o(RESET)
 <LI><a href="#[9e]">OS_IdleTask</a> from os_core.o(.text.OS_IdleTask) referenced 2 times from os_core.o(.text.OS_IdleTaskInit)
 <LI><a href="#[9f]">OS_StatTask</a> from os_stat.o(.text.OS_StatTask) referenced 2 times from os_stat.o(.text.OS_StatTaskInit)
 <LI><a href="#[9d]">OS_TaskReturn</a> from os_task.o(.text.OS_TaskReturn) referenced 2 times from os_cpu_c.o(.text.OSTaskStkInit)
 <LI><a href="#[a0]">OS_TickTask</a> from os_tick.o(.text.OS_TickTask) referenced 2 times from os_tick.o(.text.OS_TickTaskInit)
 <LI><a href="#[a1]">OS_TmrTask</a> from os_tmr.o(.text.OS_TmrTask) referenced 2 times from os_tmr.o(.text.OS_TmrInit)
 <LI><a href="#[6b]">OTG_FS_EP1_IN_IRQHandler</a> from startup_stm32h743xx.o(.text) referenced from startup_stm32h743xx.o(RESET)
 <LI><a href="#[6a]">OTG_FS_EP1_OUT_IRQHandler</a> from startup_stm32h743xx.o(.text) referenced from startup_stm32h743xx.o(RESET)
 <LI><a href="#[6d]">OTG_FS_IRQHandler</a> from startup_stm32h743xx.o(.text) referenced from startup_stm32h743xx.o(RESET)
 <LI><a href="#[6c]">OTG_FS_WKUP_IRQHandler</a> from startup_stm32h743xx.o(.text) referenced from startup_stm32h743xx.o(RESET)
 <LI><a href="#[54]">OTG_HS_EP1_IN_IRQHandler</a> from startup_stm32h743xx.o(.text) referenced from startup_stm32h743xx.o(RESET)
 <LI><a href="#[53]">OTG_HS_EP1_OUT_IRQHandler</a> from startup_stm32h743xx.o(.text) referenced from startup_stm32h743xx.o(RESET)
 <LI><a href="#[56]">OTG_HS_IRQHandler</a> from startup_stm32h743xx.o(.text) referenced from startup_stm32h743xx.o(RESET)
 <LI><a href="#[55]">OTG_HS_WKUP_IRQHandler</a> from startup_stm32h743xx.o(.text) referenced from startup_stm32h743xx.o(RESET)
 <LI><a href="#[f]">PVD_AVD_IRQHandler</a> from startup_stm32h743xx.o(.text) referenced from startup_stm32h743xx.o(RESET)
 <LI><a href="#[c]">PendSV_Handler</a> from os_cpu_a.o(CODE) referenced from startup_stm32h743xx.o(RESET)
 <LI><a href="#[64]">QUADSPI_IRQHandler</a> from startup_stm32h743xx.o(.text) referenced from startup_stm32h743xx.o(RESET)
 <LI><a href="#[13]">RCC_IRQHandler</a> from startup_stm32h743xx.o(.text) referenced from startup_stm32h743xx.o(RESET)
 <LI><a href="#[58]">RNG_IRQHandler</a> from startup_stm32h743xx.o(.text) referenced from startup_stm32h743xx.o(RESET)
 <LI><a href="#[37]">RTC_Alarm_IRQHandler</a> from startup_stm32h743xx.o(.text) referenced from startup_stm32h743xx.o(RESET)
 <LI><a href="#[11]">RTC_WKUP_IRQHandler</a> from startup_stm32h743xx.o(.text) referenced from startup_stm32h743xx.o(RESET)
 <LI><a href="#[a2]">ReceiveDataTask</a> from app.o(.text.ReceiveDataTask) referenced 2 times from app.o(.text.StartTask)
 <LI><a href="#[4]">Reset_Handler</a> from startup_stm32h743xx.o(.text) referenced from startup_stm32h743xx.o(RESET)
 <LI><a href="#[5f]">SAI1_IRQHandler</a> from startup_stm32h743xx.o(.text) referenced from startup_stm32h743xx.o(RESET)
 <LI><a href="#[63]">SAI2_IRQHandler</a> from startup_stm32h743xx.o(.text) referenced from startup_stm32h743xx.o(RESET)
 <LI><a href="#[7a]">SAI3_IRQHandler</a> from startup_stm32h743xx.o(.text) referenced from startup_stm32h743xx.o(RESET)
 <LI><a href="#[96]">SAI4_IRQHandler</a> from startup_stm32h743xx.o(.text) referenced from startup_stm32h743xx.o(RESET)
 <LI><a href="#[3e]">SDMMC1_IRQHandler</a> from startup_stm32h743xx.o(.text) referenced from startup_stm32h743xx.o(RESET)
 <LI><a href="#[83]">SDMMC2_IRQHandler</a> from startup_stm32h743xx.o(.text) referenced from startup_stm32h743xx.o(RESET)
 <LI><a href="#[69]">SPDIF_RX_IRQHandler</a> from startup_stm32h743xx.o(.text) referenced from startup_stm32h743xx.o(RESET)
 <LI><a href="#[31]">SPI1_IRQHandler</a> from startup_stm32h743xx.o(.text) referenced from startup_stm32h743xx.o(RESET)
 <LI><a href="#[32]">SPI2_IRQHandler</a> from startup_stm32h743xx.o(.text) referenced from startup_stm32h743xx.o(RESET)
 <LI><a href="#[40]">SPI3_IRQHandler</a> from startup_stm32h743xx.o(.text) referenced from startup_stm32h743xx.o(RESET)
 <LI><a href="#[5c]">SPI4_IRQHandler</a> from startup_stm32h743xx.o(.text) referenced from startup_stm32h743xx.o(RESET)
 <LI><a href="#[5d]">SPI5_IRQHandler</a> from startup_stm32h743xx.o(.text) referenced from startup_stm32h743xx.o(RESET)
 <LI><a href="#[5e]">SPI6_IRQHandler</a> from startup_stm32h743xx.o(.text) referenced from startup_stm32h743xx.o(RESET)
 <LI><a href="#[a]">SVC_Handler</a> from stm32h7xx_it.o(.text.SVC_Handler) referenced from startup_stm32h743xx.o(RESET)
 <LI><a href="#[7b]">SWPMI1_IRQHandler</a> from startup_stm32h743xx.o(.text) referenced from startup_stm32h743xx.o(RESET)
 <LI><a href="#[b3]">StartTask</a> from app.o(.text.StartTask) referenced 2 times from main.o(.text.main)
 <LI><a href="#[d]">SysTick_Handler</a> from stm32h7xx_it.o(.text.SysTick_Handler) referenced from startup_stm32h743xx.o(RESET)
 <LI><a href="#[98]">SystemInit</a> from system_stm32h7xx.o(.text.SystemInit) referenced from startup_stm32h743xx.o(.text)
 <LI><a href="#[10]">TAMP_STAMP_IRQHandler</a> from startup_stm32h743xx.o(.text) referenced from startup_stm32h743xx.o(RESET)
 <LI><a href="#[7c]">TIM15_IRQHandler</a> from startup_stm32h743xx.o(.text) referenced from startup_stm32h743xx.o(RESET)
 <LI><a href="#[7d]">TIM16_IRQHandler</a> from startup_stm32h743xx.o(.text) referenced from startup_stm32h743xx.o(RESET)
 <LI><a href="#[7e]">TIM17_IRQHandler</a> from startup_stm32h743xx.o(.text) referenced from startup_stm32h743xx.o(RESET)
 <LI><a href="#[26]">TIM1_BRK_IRQHandler</a> from startup_stm32h743xx.o(.text) referenced from startup_stm32h743xx.o(RESET)
 <LI><a href="#[29]">TIM1_CC_IRQHandler</a> from startup_stm32h743xx.o(.text) referenced from startup_stm32h743xx.o(RESET)
 <LI><a href="#[28]">TIM1_TRG_COM_IRQHandler</a> from startup_stm32h743xx.o(.text) referenced from startup_stm32h743xx.o(RESET)
 <LI><a href="#[27]">TIM1_UP_IRQHandler</a> from startup_stm32h743xx.o(.text) referenced from startup_stm32h743xx.o(RESET)
 <LI><a href="#[2a]">TIM2_IRQHandler</a> from startup_stm32h743xx.o(.text) referenced from startup_stm32h743xx.o(RESET)
 <LI><a href="#[2b]">TIM3_IRQHandler</a> from stm32h7xx_it.o(.text.TIM3_IRQHandler) referenced from startup_stm32h743xx.o(RESET)
 <LI><a href="#[2c]">TIM4_IRQHandler</a> from startup_stm32h743xx.o(.text) referenced from startup_stm32h743xx.o(RESET)
 <LI><a href="#[3f]">TIM5_IRQHandler</a> from startup_stm32h743xx.o(.text) referenced from startup_stm32h743xx.o(RESET)
 <LI><a href="#[43]">TIM6_DAC_IRQHandler</a> from startup_stm32h743xx.o(.text) referenced from startup_stm32h743xx.o(RESET)
 <LI><a href="#[44]">TIM7_IRQHandler</a> from startup_stm32h743xx.o(.text) referenced from startup_stm32h743xx.o(RESET)
 <LI><a href="#[38]">TIM8_BRK_TIM12_IRQHandler</a> from startup_stm32h743xx.o(.text) referenced from startup_stm32h743xx.o(RESET)
 <LI><a href="#[3b]">TIM8_CC_IRQHandler</a> from startup_stm32h743xx.o(.text) referenced from startup_stm32h743xx.o(RESET)
 <LI><a href="#[3a]">TIM8_TRG_COM_TIM14_IRQHandler</a> from startup_stm32h743xx.o(.text) referenced from startup_stm32h743xx.o(RESET)
 <LI><a href="#[39]">TIM8_UP_TIM13_IRQHandler</a> from startup_stm32h743xx.o(.text) referenced from startup_stm32h743xx.o(RESET)
 <LI><a href="#[41]">UART4_IRQHandler</a> from startup_stm32h743xx.o(.text) referenced from startup_stm32h743xx.o(RESET)
 <LI><a href="#[42]">UART5_IRQHandler</a> from startup_stm32h743xx.o(.text) referenced from startup_stm32h743xx.o(RESET)
 <LI><a href="#[5a]">UART7_IRQHandler</a> from startup_stm32h743xx.o(.text) referenced from startup_stm32h743xx.o(RESET)
 <LI><a href="#[5b]">UART8_IRQHandler</a> from startup_stm32h743xx.o(.text) referenced from startup_stm32h743xx.o(RESET)
 <LI><a href="#[9c]">UART_DMAAbortOnError</a> from stm32h7xx_hal_uart.o(.text.UART_DMAAbortOnError) referenced 2 times from stm32h7xx_hal_uart.o(.text.HAL_UART_IRQHandler)
 <LI><a href="#[33]">USART1_IRQHandler</a> from stm32h7xx_it.o(.text.USART1_IRQHandler) referenced from startup_stm32h743xx.o(RESET)
 <LI><a href="#[34]">USART2_IRQHandler</a> from stm32h7xx_it.o(.text.USART2_IRQHandler) referenced from startup_stm32h743xx.o(RESET)
 <LI><a href="#[35]">USART3_IRQHandler</a> from startup_stm32h743xx.o(.text) referenced from startup_stm32h743xx.o(RESET)
 <LI><a href="#[50]">USART6_IRQHandler</a> from startup_stm32h743xx.o(.text) referenced from startup_stm32h743xx.o(RESET)
 <LI><a href="#[a3]">UploadDataTask</a> from app.o(.text.UploadDataTask) referenced 2 times from app.o(.text.StartTask)
 <LI><a href="#[9]">UsageFault_Handler</a> from stm32h7xx_it.o(.text.UsageFault_Handler) referenced from startup_stm32h743xx.o(RESET)
 <LI><a href="#[97]">WAKEUP_PIN_IRQHandler</a> from startup_stm32h743xx.o(.text) referenced from startup_stm32h743xx.o(RESET)
 <LI><a href="#[e]">WWDG_IRQHandler</a> from startup_stm32h743xx.o(.text) referenced from startup_stm32h743xx.o(RESET)
 <LI><a href="#[be]">__main</a> from __main.o(!!!main) referenced from startup_stm32h743xx.o(.text)
 <LI><a href="#[9b]">_printf_input_char</a> from _printf_char_common.o(.text) referenced from _printf_char_common.o(.text)
 <LI><a href="#[9a]">_sputc</a> from _sputc.o(.text) referenced from noretval__2sprintf.o(.text)
 <LI><a href="#[af]">eMBASCIIReceive</a> from mbascii.o(.text.eMBASCIIReceive) referenced 2 times from mb.o(.text.eMBInit)
 <LI><a href="#[ae]">eMBASCIISend</a> from mbascii.o(.text.eMBASCIISend) referenced 2 times from mb.o(.text.eMBInit)
 <LI><a href="#[ad]">eMBASCIIStart</a> from mbascii.o(.text.eMBASCIIStart) referenced 2 times from mb.o(.text.eMBInit)
 <LI><a href="#[ac]">eMBASCIIStop</a> from mbascii.o(.text.eMBASCIIStop) referenced 2 times from mb.o(.text.eMBInit)
 <LI><a href="#[ba]">eMBFuncReadCoils</a> from mbfunccoils.o(.text.eMBFuncReadCoils) referenced from mb.o(.data.xFuncHandlers)
 <LI><a href="#[bd]">eMBFuncReadDiscreteInputs</a> from mbfuncdisc.o(.text.eMBFuncReadDiscreteInputs) referenced from mb.o(.data.xFuncHandlers)
 <LI><a href="#[b6]">eMBFuncReadHoldingRegister</a> from mbfuncholding.o(.text.eMBFuncReadHoldingRegister) referenced from mb.o(.data.xFuncHandlers)
 <LI><a href="#[b5]">eMBFuncReadInputRegister</a> from mbfuncinput.o(.text.eMBFuncReadInputRegister) referenced from mb.o(.data.xFuncHandlers)
 <LI><a href="#[b9]">eMBFuncReadWriteMultipleHoldingRegister</a> from mbfuncholding.o(.text.eMBFuncReadWriteMultipleHoldingRegister) referenced from mb.o(.data.xFuncHandlers)
 <LI><a href="#[b4]">eMBFuncReportSlaveID</a> from mbfuncother.o(.text.eMBFuncReportSlaveID) referenced from mb.o(.data.xFuncHandlers)
 <LI><a href="#[bb]">eMBFuncWriteCoil</a> from mbfunccoils.o(.text.eMBFuncWriteCoil) referenced from mb.o(.data.xFuncHandlers)
 <LI><a href="#[b8]">eMBFuncWriteHoldingRegister</a> from mbfuncholding.o(.text.eMBFuncWriteHoldingRegister) referenced from mb.o(.data.xFuncHandlers)
 <LI><a href="#[bc]">eMBFuncWriteMultipleCoils</a> from mbfunccoils.o(.text.eMBFuncWriteMultipleCoils) referenced from mb.o(.data.xFuncHandlers)
 <LI><a href="#[b7]">eMBFuncWriteMultipleHoldingRegister</a> from mbfuncholding.o(.text.eMBFuncWriteMultipleHoldingRegister) referenced from mb.o(.data.xFuncHandlers)
 <LI><a href="#[a8]">eMBRTUReceive</a> from mbrtu.o(.text.eMBRTUReceive) referenced 2 times from mb.o(.text.eMBInit)
 <LI><a href="#[a7]">eMBRTUSend</a> from mbrtu.o(.text.eMBRTUSend) referenced 2 times from mb.o(.text.eMBInit)
 <LI><a href="#[a6]">eMBRTUStart</a> from mbrtu.o(.text.eMBRTUStart) referenced 2 times from mb.o(.text.eMBInit)
 <LI><a href="#[a5]">eMBRTUStop</a> from mbrtu.o(.text.eMBRTUStop) referenced 2 times from mb.o(.text.eMBInit)
 <LI><a href="#[b0]">xMBASCIIReceiveFSM</a> from mbascii.o(.text.xMBASCIIReceiveFSM) referenced 2 times from mb.o(.text.eMBInit)
 <LI><a href="#[b2]">xMBASCIITimerT1SExpired</a> from mbascii.o(.text.xMBASCIITimerT1SExpired) referenced 2 times from mb.o(.text.eMBInit)
 <LI><a href="#[b1]">xMBASCIITransmitFSM</a> from mbascii.o(.text.xMBASCIITransmitFSM) referenced 2 times from mb.o(.text.eMBInit)
 <LI><a href="#[a9]">xMBRTUReceiveFSM</a> from mbrtu.o(.text.xMBRTUReceiveFSM) referenced 2 times from mb.o(.text.eMBInit)
 <LI><a href="#[ab]">xMBRTUTimerT35Expired</a> from mbrtu.o(.text.xMBRTUTimerT35Expired) referenced 2 times from mb.o(.text.eMBInit)
 <LI><a href="#[aa]">xMBRTUTransmitFSM</a> from mbrtu.o(.text.xMBRTUTransmitFSM) referenced 2 times from mb.o(.text.eMBInit)
</UL>
<P>
<H3>
Global Symbols
</H3>
<P><STRONG><a name="[be]"></a>__main</STRONG> (Thumb, 8 bytes, Stack size 0 bytes, __main.o(!!!main))
<BR><BR>[Calls]<UL><LI><a href="#[c0]">&gt;&gt;</a>&nbsp;&nbsp;&nbsp;__rt_entry
<LI><a href="#[bf]">&gt;&gt;</a>&nbsp;&nbsp;&nbsp;__scatterload
</UL>

<P><STRONG><a name="[bf]"></a>__scatterload</STRONG> (Thumb, 0 bytes, Stack size unknown bytes, __scatter.o(!!!scatter))
<BR><BR>[Called By]<UL><LI><a href="#[be]">&gt;&gt;</a>&nbsp;&nbsp;&nbsp;__main
</UL>

<P><STRONG><a name="[c1]"></a>__scatterload_rt2</STRONG> (Thumb, 44 bytes, Stack size unknown bytes, __scatter.o(!!!scatter), UNUSED)
<BR><BR>[Calls]<UL><LI><a href="#[c0]">&gt;&gt;</a>&nbsp;&nbsp;&nbsp;__rt_entry
</UL>

<P><STRONG><a name="[22e]"></a>__scatterload_rt2_thumb_only</STRONG> (Thumb, 0 bytes, Stack size unknown bytes, __scatter.o(!!!scatter), UNUSED)

<P><STRONG><a name="[22f]"></a>__scatterload_null</STRONG> (Thumb, 0 bytes, Stack size unknown bytes, __scatter.o(!!!scatter), UNUSED)

<P><STRONG><a name="[c2]"></a>__scatterload_copy</STRONG> (Thumb, 26 bytes, Stack size unknown bytes, __scatter_copy.o(!!handler_copy), UNUSED)
<BR><BR>[Calls]<UL><LI><a href="#[c2]">&gt;&gt;</a>&nbsp;&nbsp;&nbsp;__scatterload_copy
</UL>
<BR>[Called By]<UL><LI><a href="#[c2]">&gt;&gt;</a>&nbsp;&nbsp;&nbsp;__scatterload_copy
</UL>

<P><STRONG><a name="[230]"></a>__scatterload_zeroinit</STRONG> (Thumb, 28 bytes, Stack size unknown bytes, __scatter_zi.o(!!handler_zi), UNUSED)

<P><STRONG><a name="[c3]"></a>_printf_f</STRONG> (Thumb, 0 bytes, Stack size unknown bytes, _printf_f.o(.ARM.Collect$$_printf_percent$$00000003))
<BR><BR>[Stack]<UL><LI>Max Depth = 324 + Unknown Stack Size
<LI>Call Chain = _printf_f &rArr; _printf_fp_dec &rArr; _printf_fp_dec_real &rArr; _fp_digits &rArr; _btod_etento &rArr; _btod_emul &rArr; _e2e
</UL>
<BR>[Calls]<UL><LI><a href="#[c4]">&gt;&gt;</a>&nbsp;&nbsp;&nbsp;_printf_fp_dec
</UL>

<P><STRONG><a name="[e2]"></a>_printf_percent</STRONG> (Thumb, 0 bytes, Stack size unknown bytes, _printf_percent.o(.ARM.Collect$$_printf_percent$$00000000))
<BR><BR>[Called By]<UL><LI><a href="#[e0]">&gt;&gt;</a>&nbsp;&nbsp;&nbsp;__printf
</UL>

<P><STRONG><a name="[c5]"></a>_printf_d</STRONG> (Thumb, 0 bytes, Stack size unknown bytes, _printf_d.o(.ARM.Collect$$_printf_percent$$00000009))
<BR><BR>[Stack]<UL><LI>Max Depth = 72 + Unknown Stack Size
<LI>Call Chain = _printf_d &rArr; _printf_int_dec &rArr; _printf_int_common &rArr; _printf_post_padding
</UL>
<BR>[Calls]<UL><LI><a href="#[c6]">&gt;&gt;</a>&nbsp;&nbsp;&nbsp;_printf_int_dec
</UL>

<P><STRONG><a name="[c7]"></a>_printf_s</STRONG> (Thumb, 0 bytes, Stack size unknown bytes, _printf_s.o(.ARM.Collect$$_printf_percent$$00000014))
<BR><BR>[Stack]<UL><LI>Max Depth = 40 + Unknown Stack Size
<LI>Call Chain = _printf_s &rArr; _printf_string &rArr; _printf_cs_common &rArr; _printf_str &rArr; _printf_post_padding
</UL>
<BR>[Calls]<UL><LI><a href="#[c8]">&gt;&gt;</a>&nbsp;&nbsp;&nbsp;_printf_string
</UL>

<P><STRONG><a name="[231]"></a>_printf_percent_end</STRONG> (Thumb, 0 bytes, Stack size unknown bytes, _printf_percent_end.o(.ARM.Collect$$_printf_percent$$00000017))

<P><STRONG><a name="[d2]"></a>__rt_lib_init</STRONG> (Thumb, 0 bytes, Stack size unknown bytes, libinit.o(.ARM.Collect$$libinit$$00000000))
<BR><BR>[Called By]<UL><LI><a href="#[d1]">&gt;&gt;</a>&nbsp;&nbsp;&nbsp;__rt_entry_li
</UL>

<P><STRONG><a name="[c9]"></a>__rt_lib_init_fp_1</STRONG> (Thumb, 0 bytes, Stack size unknown bytes, libinit2.o(.ARM.Collect$$libinit$$00000001))
<BR><BR>[Calls]<UL><LI><a href="#[ca]">&gt;&gt;</a>&nbsp;&nbsp;&nbsp;_fp_init
</UL>

<P><STRONG><a name="[232]"></a>__rt_lib_init_heap_1</STRONG> (Thumb, 0 bytes, Stack size unknown bytes, libinit2.o(.ARM.Collect$$libinit$$0000000A))

<P><STRONG><a name="[cb]"></a>__rt_lib_init_lc_common</STRONG> (Thumb, 0 bytes, Stack size unknown bytes, libinit2.o(.ARM.Collect$$libinit$$0000000F))
<BR><BR>[Calls]<UL><LI><a href="#[cc]">&gt;&gt;</a>&nbsp;&nbsp;&nbsp;__rt_locale
</UL>

<P><STRONG><a name="[233]"></a>__rt_lib_init_preinit_1</STRONG> (Thumb, 0 bytes, Stack size unknown bytes, libinit2.o(.ARM.Collect$$libinit$$00000004))

<P><STRONG><a name="[234]"></a>__rt_lib_init_rand_1</STRONG> (Thumb, 0 bytes, Stack size unknown bytes, libinit2.o(.ARM.Collect$$libinit$$0000000E))

<P><STRONG><a name="[235]"></a>__rt_lib_init_user_alloc_1</STRONG> (Thumb, 0 bytes, Stack size unknown bytes, libinit2.o(.ARM.Collect$$libinit$$0000000C))

<P><STRONG><a name="[236]"></a>__rt_lib_init_lc_collate_1</STRONG> (Thumb, 0 bytes, Stack size unknown bytes, libinit2.o(.ARM.Collect$$libinit$$00000011))

<P><STRONG><a name="[237]"></a>__rt_lib_init_lc_ctype_1</STRONG> (Thumb, 0 bytes, Stack size unknown bytes, libinit2.o(.ARM.Collect$$libinit$$00000013))

<P><STRONG><a name="[238]"></a>__rt_lib_init_lc_monetary_1</STRONG> (Thumb, 0 bytes, Stack size unknown bytes, libinit2.o(.ARM.Collect$$libinit$$00000015))

<P><STRONG><a name="[cd]"></a>__rt_lib_init_lc_numeric_2</STRONG> (Thumb, 0 bytes, Stack size unknown bytes, libinit2.o(.ARM.Collect$$libinit$$00000016))
<BR><BR>[Stack]<UL><LI>Max Depth = 16 + Unknown Stack Size
<LI>Call Chain = __rt_lib_init_lc_numeric_2 &rArr; _get_lc_numeric &rArr; strcmp
</UL>
<BR>[Calls]<UL><LI><a href="#[ce]">&gt;&gt;</a>&nbsp;&nbsp;&nbsp;_get_lc_numeric
</UL>

<P><STRONG><a name="[239]"></a>__rt_lib_init_alloca_1</STRONG> (Thumb, 0 bytes, Stack size unknown bytes, libinit2.o(.ARM.Collect$$libinit$$0000002E))

<P><STRONG><a name="[23a]"></a>__rt_lib_init_argv_1</STRONG> (Thumb, 0 bytes, Stack size unknown bytes, libinit2.o(.ARM.Collect$$libinit$$0000002C))

<P><STRONG><a name="[23b]"></a>__rt_lib_init_atexit_1</STRONG> (Thumb, 0 bytes, Stack size unknown bytes, libinit2.o(.ARM.Collect$$libinit$$0000001B))

<P><STRONG><a name="[23c]"></a>__rt_lib_init_clock_1</STRONG> (Thumb, 0 bytes, Stack size unknown bytes, libinit2.o(.ARM.Collect$$libinit$$00000021))

<P><STRONG><a name="[23d]"></a>__rt_lib_init_cpp_1</STRONG> (Thumb, 0 bytes, Stack size unknown bytes, libinit2.o(.ARM.Collect$$libinit$$00000032))

<P><STRONG><a name="[23e]"></a>__rt_lib_init_exceptions_1</STRONG> (Thumb, 0 bytes, Stack size unknown bytes, libinit2.o(.ARM.Collect$$libinit$$00000030))

<P><STRONG><a name="[23f]"></a>__rt_lib_init_fp_trap_1</STRONG> (Thumb, 0 bytes, Stack size unknown bytes, libinit2.o(.ARM.Collect$$libinit$$0000001F))

<P><STRONG><a name="[240]"></a>__rt_lib_init_getenv_1</STRONG> (Thumb, 0 bytes, Stack size unknown bytes, libinit2.o(.ARM.Collect$$libinit$$00000023))

<P><STRONG><a name="[241]"></a>__rt_lib_init_lc_numeric_1</STRONG> (Thumb, 0 bytes, Stack size unknown bytes, libinit2.o(.ARM.Collect$$libinit$$00000017))

<P><STRONG><a name="[242]"></a>__rt_lib_init_lc_time_1</STRONG> (Thumb, 0 bytes, Stack size unknown bytes, libinit2.o(.ARM.Collect$$libinit$$00000019))

<P><STRONG><a name="[243]"></a>__rt_lib_init_return</STRONG> (Thumb, 0 bytes, Stack size unknown bytes, libinit2.o(.ARM.Collect$$libinit$$00000033))

<P><STRONG><a name="[244]"></a>__rt_lib_init_signal_1</STRONG> (Thumb, 0 bytes, Stack size unknown bytes, libinit2.o(.ARM.Collect$$libinit$$0000001D))

<P><STRONG><a name="[245]"></a>__rt_lib_init_stdio_1</STRONG> (Thumb, 0 bytes, Stack size unknown bytes, libinit2.o(.ARM.Collect$$libinit$$00000025))

<P><STRONG><a name="[d7]"></a>__rt_lib_shutdown</STRONG> (Thumb, 0 bytes, Stack size unknown bytes, libshutdown.o(.ARM.Collect$$libshutdown$$00000000))
<BR><BR>[Called By]<UL><LI><a href="#[e5]">&gt;&gt;</a>&nbsp;&nbsp;&nbsp;abort
<LI><a href="#[d6]">&gt;&gt;</a>&nbsp;&nbsp;&nbsp;__rt_exit_ls
</UL>

<P><STRONG><a name="[246]"></a>__rt_lib_shutdown_cpp_1</STRONG> (Thumb, 0 bytes, Stack size unknown bytes, libshutdown2.o(.ARM.Collect$$libshutdown$$00000002))

<P><STRONG><a name="[247]"></a>__rt_lib_shutdown_fp_trap_1</STRONG> (Thumb, 0 bytes, Stack size unknown bytes, libshutdown2.o(.ARM.Collect$$libshutdown$$00000007))

<P><STRONG><a name="[248]"></a>__rt_lib_shutdown_heap_1</STRONG> (Thumb, 0 bytes, Stack size unknown bytes, libshutdown2.o(.ARM.Collect$$libshutdown$$0000000F))

<P><STRONG><a name="[249]"></a>__rt_lib_shutdown_return</STRONG> (Thumb, 0 bytes, Stack size unknown bytes, libshutdown2.o(.ARM.Collect$$libshutdown$$00000010))

<P><STRONG><a name="[24a]"></a>__rt_lib_shutdown_signal_1</STRONG> (Thumb, 0 bytes, Stack size unknown bytes, libshutdown2.o(.ARM.Collect$$libshutdown$$0000000A))

<P><STRONG><a name="[24b]"></a>__rt_lib_shutdown_stdio_1</STRONG> (Thumb, 0 bytes, Stack size unknown bytes, libshutdown2.o(.ARM.Collect$$libshutdown$$00000004))

<P><STRONG><a name="[24c]"></a>__rt_lib_shutdown_user_alloc_1</STRONG> (Thumb, 0 bytes, Stack size unknown bytes, libshutdown2.o(.ARM.Collect$$libshutdown$$0000000C))

<P><STRONG><a name="[c0]"></a>__rt_entry</STRONG> (Thumb, 0 bytes, Stack size unknown bytes, __rtentry.o(.ARM.Collect$$rtentry$$00000000))
<BR><BR>[Called By]<UL><LI><a href="#[be]">&gt;&gt;</a>&nbsp;&nbsp;&nbsp;__main
<LI><a href="#[c1]">&gt;&gt;</a>&nbsp;&nbsp;&nbsp;__scatterload_rt2
</UL>

<P><STRONG><a name="[24d]"></a>__rt_entry_presh_1</STRONG> (Thumb, 0 bytes, Stack size unknown bytes, __rtentry2.o(.ARM.Collect$$rtentry$$00000002))

<P><STRONG><a name="[cf]"></a>__rt_entry_sh</STRONG> (Thumb, 0 bytes, Stack size unknown bytes, __rtentry4.o(.ARM.Collect$$rtentry$$00000004))
<BR><BR>[Stack]<UL><LI>Max Depth = 8 + Unknown Stack Size
<LI>Call Chain = __rt_entry_sh &rArr; __user_setup_stackheap
</UL>
<BR>[Calls]<UL><LI><a href="#[d0]">&gt;&gt;</a>&nbsp;&nbsp;&nbsp;__user_setup_stackheap
</UL>

<P><STRONG><a name="[d1]"></a>__rt_entry_li</STRONG> (Thumb, 0 bytes, Stack size unknown bytes, __rtentry2.o(.ARM.Collect$$rtentry$$0000000A))
<BR><BR>[Calls]<UL><LI><a href="#[d2]">&gt;&gt;</a>&nbsp;&nbsp;&nbsp;__rt_lib_init
</UL>

<P><STRONG><a name="[24e]"></a>__rt_entry_postsh_1</STRONG> (Thumb, 0 bytes, Stack size unknown bytes, __rtentry2.o(.ARM.Collect$$rtentry$$00000009))

<P><STRONG><a name="[d3]"></a>__rt_entry_main</STRONG> (Thumb, 0 bytes, Stack size unknown bytes, __rtentry2.o(.ARM.Collect$$rtentry$$0000000D))
<BR><BR>[Stack]<UL><LI>Max Depth = 472 + Unknown Stack Size
<LI>Call Chain = __rt_entry_main &rArr; main &rArr; HardwareInit &rArr; LCD_Init &rArr; LTDC_Init &rArr; LTDC_Clk_Set &rArr; HAL_RCCEx_PeriphCLKConfig &rArr; RCCEx_PLL3_Config
</UL>
<BR>[Calls]<UL><LI><a href="#[d4]">&gt;&gt;</a>&nbsp;&nbsp;&nbsp;main
<LI><a href="#[d5]">&gt;&gt;</a>&nbsp;&nbsp;&nbsp;exit
</UL>

<P><STRONG><a name="[24f]"></a>__rt_entry_postli_1</STRONG> (Thumb, 0 bytes, Stack size unknown bytes, __rtentry2.o(.ARM.Collect$$rtentry$$0000000C))

<P><STRONG><a name="[fd]"></a>__rt_exit</STRONG> (Thumb, 0 bytes, Stack size unknown bytes, rtexit.o(.ARM.Collect$$rtexit$$00000000))
<BR><BR>[Called By]<UL><LI><a href="#[d5]">&gt;&gt;</a>&nbsp;&nbsp;&nbsp;exit
</UL>

<P><STRONG><a name="[d6]"></a>__rt_exit_ls</STRONG> (Thumb, 0 bytes, Stack size unknown bytes, rtexit2.o(.ARM.Collect$$rtexit$$00000003))
<BR><BR>[Calls]<UL><LI><a href="#[d7]">&gt;&gt;</a>&nbsp;&nbsp;&nbsp;__rt_lib_shutdown
</UL>

<P><STRONG><a name="[250]"></a>__rt_exit_prels_1</STRONG> (Thumb, 0 bytes, Stack size unknown bytes, rtexit2.o(.ARM.Collect$$rtexit$$00000002))

<P><STRONG><a name="[d8]"></a>__rt_exit_exit</STRONG> (Thumb, 0 bytes, Stack size unknown bytes, rtexit2.o(.ARM.Collect$$rtexit$$00000004))
<BR><BR>[Calls]<UL><LI><a href="#[d9]">&gt;&gt;</a>&nbsp;&nbsp;&nbsp;_sys_exit
</UL>

<P><STRONG><a name="[4]"></a>Reset_Handler</STRONG> (Thumb, 40 bytes, Stack size 0 bytes, startup_stm32h743xx.o(.text))
<BR>[Address Reference Count : 1]<UL><LI> startup_stm32h743xx.o(RESET)
</UL>
<P><STRONG><a name="[85]"></a>ADC3_IRQHandler</STRONG> (Thumb, 0 bytes, Stack size 0 bytes, startup_stm32h743xx.o(.text))
<BR><BR>[Calls]<UL><LI><a href="#[85]">&gt;&gt;</a>&nbsp;&nbsp;&nbsp;ADC3_IRQHandler
</UL>
<BR>[Called By]<UL><LI><a href="#[85]">&gt;&gt;</a>&nbsp;&nbsp;&nbsp;ADC3_IRQHandler
</UL>
<BR>[Address Reference Count : 1]<UL><LI> startup_stm32h743xx.o(RESET)
</UL>
<P><STRONG><a name="[20]"></a>ADC_IRQHandler</STRONG> (Thumb, 0 bytes, Stack size 0 bytes, startup_stm32h743xx.o(.text))
<BR>[Address Reference Count : 1]<UL><LI> startup_stm32h743xx.o(RESET)
</UL>
<P><STRONG><a name="[87]"></a>BDMA_Channel0_IRQHandler</STRONG> (Thumb, 0 bytes, Stack size 0 bytes, startup_stm32h743xx.o(.text))
<BR>[Address Reference Count : 1]<UL><LI> startup_stm32h743xx.o(RESET)
</UL>
<P><STRONG><a name="[88]"></a>BDMA_Channel1_IRQHandler</STRONG> (Thumb, 0 bytes, Stack size 0 bytes, startup_stm32h743xx.o(.text))
<BR>[Address Reference Count : 1]<UL><LI> startup_stm32h743xx.o(RESET)
</UL>
<P><STRONG><a name="[89]"></a>BDMA_Channel2_IRQHandler</STRONG> (Thumb, 0 bytes, Stack size 0 bytes, startup_stm32h743xx.o(.text))
<BR>[Address Reference Count : 1]<UL><LI> startup_stm32h743xx.o(RESET)
</UL>
<P><STRONG><a name="[8a]"></a>BDMA_Channel3_IRQHandler</STRONG> (Thumb, 0 bytes, Stack size 0 bytes, startup_stm32h743xx.o(.text))
<BR>[Address Reference Count : 1]<UL><LI> startup_stm32h743xx.o(RESET)
</UL>
<P><STRONG><a name="[8b]"></a>BDMA_Channel4_IRQHandler</STRONG> (Thumb, 0 bytes, Stack size 0 bytes, startup_stm32h743xx.o(.text))
<BR>[Address Reference Count : 1]<UL><LI> startup_stm32h743xx.o(RESET)
</UL>
<P><STRONG><a name="[8c]"></a>BDMA_Channel5_IRQHandler</STRONG> (Thumb, 0 bytes, Stack size 0 bytes, startup_stm32h743xx.o(.text))
<BR>[Address Reference Count : 1]<UL><LI> startup_stm32h743xx.o(RESET)
</UL>
<P><STRONG><a name="[8d]"></a>BDMA_Channel6_IRQHandler</STRONG> (Thumb, 0 bytes, Stack size 0 bytes, startup_stm32h743xx.o(.text))
<BR>[Address Reference Count : 1]<UL><LI> startup_stm32h743xx.o(RESET)
</UL>
<P><STRONG><a name="[8e]"></a>BDMA_Channel7_IRQHandler</STRONG> (Thumb, 0 bytes, Stack size 0 bytes, startup_stm32h743xx.o(.text))
<BR>[Address Reference Count : 1]<UL><LI> startup_stm32h743xx.o(RESET)
</UL>
<P><STRONG><a name="[66]"></a>CEC_IRQHandler</STRONG> (Thumb, 0 bytes, Stack size 0 bytes, startup_stm32h743xx.o(.text))
<BR>[Address Reference Count : 1]<UL><LI> startup_stm32h743xx.o(RESET)
</UL>
<P><STRONG><a name="[8f]"></a>COMP1_IRQHandler</STRONG> (Thumb, 0 bytes, Stack size 0 bytes, startup_stm32h743xx.o(.text))
<BR>[Address Reference Count : 1]<UL><LI> startup_stm32h743xx.o(RESET)
</UL>
<P><STRONG><a name="[95]"></a>CRS_IRQHandler</STRONG> (Thumb, 0 bytes, Stack size 0 bytes, startup_stm32h743xx.o(.text))
<BR>[Address Reference Count : 1]<UL><LI> startup_stm32h743xx.o(RESET)
</UL>
<P><STRONG><a name="[57]"></a>DCMI_IRQHandler</STRONG> (Thumb, 0 bytes, Stack size 0 bytes, startup_stm32h743xx.o(.text))
<BR>[Address Reference Count : 1]<UL><LI> startup_stm32h743xx.o(RESET)
</UL>
<P><STRONG><a name="[76]"></a>DFSDM1_FLT0_IRQHandler</STRONG> (Thumb, 0 bytes, Stack size 0 bytes, startup_stm32h743xx.o(.text))
<BR>[Address Reference Count : 1]<UL><LI> startup_stm32h743xx.o(RESET)
</UL>
<P><STRONG><a name="[77]"></a>DFSDM1_FLT1_IRQHandler</STRONG> (Thumb, 0 bytes, Stack size 0 bytes, startup_stm32h743xx.o(.text))
<BR>[Address Reference Count : 1]<UL><LI> startup_stm32h743xx.o(RESET)
</UL>
<P><STRONG><a name="[78]"></a>DFSDM1_FLT2_IRQHandler</STRONG> (Thumb, 0 bytes, Stack size 0 bytes, startup_stm32h743xx.o(.text))
<BR>[Address Reference Count : 1]<UL><LI> startup_stm32h743xx.o(RESET)
</UL>
<P><STRONG><a name="[79]"></a>DFSDM1_FLT3_IRQHandler</STRONG> (Thumb, 0 bytes, Stack size 0 bytes, startup_stm32h743xx.o(.text))
<BR>[Address Reference Count : 1]<UL><LI> startup_stm32h743xx.o(RESET)
</UL>
<P><STRONG><a name="[19]"></a>DMA1_Stream0_IRQHandler</STRONG> (Thumb, 0 bytes, Stack size 0 bytes, startup_stm32h743xx.o(.text))
<BR>[Address Reference Count : 1]<UL><LI> startup_stm32h743xx.o(RESET)
</UL>
<P><STRONG><a name="[1a]"></a>DMA1_Stream1_IRQHandler</STRONG> (Thumb, 0 bytes, Stack size 0 bytes, startup_stm32h743xx.o(.text))
<BR>[Address Reference Count : 1]<UL><LI> startup_stm32h743xx.o(RESET)
</UL>
<P><STRONG><a name="[1b]"></a>DMA1_Stream2_IRQHandler</STRONG> (Thumb, 0 bytes, Stack size 0 bytes, startup_stm32h743xx.o(.text))
<BR>[Address Reference Count : 1]<UL><LI> startup_stm32h743xx.o(RESET)
</UL>
<P><STRONG><a name="[1c]"></a>DMA1_Stream3_IRQHandler</STRONG> (Thumb, 0 bytes, Stack size 0 bytes, startup_stm32h743xx.o(.text))
<BR>[Address Reference Count : 1]<UL><LI> startup_stm32h743xx.o(RESET)
</UL>
<P><STRONG><a name="[1d]"></a>DMA1_Stream4_IRQHandler</STRONG> (Thumb, 0 bytes, Stack size 0 bytes, startup_stm32h743xx.o(.text))
<BR>[Address Reference Count : 1]<UL><LI> startup_stm32h743xx.o(RESET)
</UL>
<P><STRONG><a name="[1e]"></a>DMA1_Stream5_IRQHandler</STRONG> (Thumb, 0 bytes, Stack size 0 bytes, startup_stm32h743xx.o(.text))
<BR>[Address Reference Count : 1]<UL><LI> startup_stm32h743xx.o(RESET)
</UL>
<P><STRONG><a name="[1f]"></a>DMA1_Stream6_IRQHandler</STRONG> (Thumb, 0 bytes, Stack size 0 bytes, startup_stm32h743xx.o(.text))
<BR>[Address Reference Count : 1]<UL><LI> startup_stm32h743xx.o(RESET)
</UL>
<P><STRONG><a name="[3c]"></a>DMA1_Stream7_IRQHandler</STRONG> (Thumb, 0 bytes, Stack size 0 bytes, startup_stm32h743xx.o(.text))
<BR>[Address Reference Count : 1]<UL><LI> startup_stm32h743xx.o(RESET)
</UL>
<P><STRONG><a name="[62]"></a>DMA2D_IRQHandler</STRONG> (Thumb, 0 bytes, Stack size 0 bytes, startup_stm32h743xx.o(.text))
<BR>[Address Reference Count : 1]<UL><LI> startup_stm32h743xx.o(RESET)
</UL>
<P><STRONG><a name="[45]"></a>DMA2_Stream0_IRQHandler</STRONG> (Thumb, 0 bytes, Stack size 0 bytes, startup_stm32h743xx.o(.text))
<BR>[Address Reference Count : 1]<UL><LI> startup_stm32h743xx.o(RESET)
</UL>
<P><STRONG><a name="[46]"></a>DMA2_Stream1_IRQHandler</STRONG> (Thumb, 0 bytes, Stack size 0 bytes, startup_stm32h743xx.o(.text))
<BR>[Address Reference Count : 1]<UL><LI> startup_stm32h743xx.o(RESET)
</UL>
<P><STRONG><a name="[47]"></a>DMA2_Stream2_IRQHandler</STRONG> (Thumb, 0 bytes, Stack size 0 bytes, startup_stm32h743xx.o(.text))
<BR>[Address Reference Count : 1]<UL><LI> startup_stm32h743xx.o(RESET)
</UL>
<P><STRONG><a name="[48]"></a>DMA2_Stream3_IRQHandler</STRONG> (Thumb, 0 bytes, Stack size 0 bytes, startup_stm32h743xx.o(.text))
<BR>[Address Reference Count : 1]<UL><LI> startup_stm32h743xx.o(RESET)
</UL>
<P><STRONG><a name="[49]"></a>DMA2_Stream4_IRQHandler</STRONG> (Thumb, 0 bytes, Stack size 0 bytes, startup_stm32h743xx.o(.text))
<BR>[Address Reference Count : 1]<UL><LI> startup_stm32h743xx.o(RESET)
</UL>
<P><STRONG><a name="[4d]"></a>DMA2_Stream5_IRQHandler</STRONG> (Thumb, 0 bytes, Stack size 0 bytes, startup_stm32h743xx.o(.text))
<BR>[Address Reference Count : 1]<UL><LI> startup_stm32h743xx.o(RESET)
</UL>
<P><STRONG><a name="[4e]"></a>DMA2_Stream6_IRQHandler</STRONG> (Thumb, 0 bytes, Stack size 0 bytes, startup_stm32h743xx.o(.text))
<BR>[Address Reference Count : 1]<UL><LI> startup_stm32h743xx.o(RESET)
</UL>
<P><STRONG><a name="[4f]"></a>DMA2_Stream7_IRQHandler</STRONG> (Thumb, 0 bytes, Stack size 0 bytes, startup_stm32h743xx.o(.text))
<BR>[Address Reference Count : 1]<UL><LI> startup_stm32h743xx.o(RESET)
</UL>
<P><STRONG><a name="[6e]"></a>DMAMUX1_OVR_IRQHandler</STRONG> (Thumb, 0 bytes, Stack size 0 bytes, startup_stm32h743xx.o(.text))
<BR>[Address Reference Count : 1]<UL><LI> startup_stm32h743xx.o(RESET)
</UL>
<P><STRONG><a name="[86]"></a>DMAMUX2_OVR_IRQHandler</STRONG> (Thumb, 0 bytes, Stack size 0 bytes, startup_stm32h743xx.o(.text))
<BR>[Address Reference Count : 1]<UL><LI> startup_stm32h743xx.o(RESET)
</UL>
<P><STRONG><a name="[4a]"></a>ETH_IRQHandler</STRONG> (Thumb, 0 bytes, Stack size 0 bytes, startup_stm32h743xx.o(.text))
<BR>[Address Reference Count : 1]<UL><LI> startup_stm32h743xx.o(RESET)
</UL>
<P><STRONG><a name="[4b]"></a>ETH_WKUP_IRQHandler</STRONG> (Thumb, 0 bytes, Stack size 0 bytes, startup_stm32h743xx.o(.text))
<BR>[Address Reference Count : 1]<UL><LI> startup_stm32h743xx.o(RESET)
</UL>
<P><STRONG><a name="[14]"></a>EXTI0_IRQHandler</STRONG> (Thumb, 0 bytes, Stack size 0 bytes, startup_stm32h743xx.o(.text))
<BR>[Address Reference Count : 1]<UL><LI> startup_stm32h743xx.o(RESET)
</UL>
<P><STRONG><a name="[36]"></a>EXTI15_10_IRQHandler</STRONG> (Thumb, 0 bytes, Stack size 0 bytes, startup_stm32h743xx.o(.text))
<BR>[Address Reference Count : 1]<UL><LI> startup_stm32h743xx.o(RESET)
</UL>
<P><STRONG><a name="[15]"></a>EXTI1_IRQHandler</STRONG> (Thumb, 0 bytes, Stack size 0 bytes, startup_stm32h743xx.o(.text))
<BR>[Address Reference Count : 1]<UL><LI> startup_stm32h743xx.o(RESET)
</UL>
<P><STRONG><a name="[16]"></a>EXTI2_IRQHandler</STRONG> (Thumb, 0 bytes, Stack size 0 bytes, startup_stm32h743xx.o(.text))
<BR>[Address Reference Count : 1]<UL><LI> startup_stm32h743xx.o(RESET)
</UL>
<P><STRONG><a name="[17]"></a>EXTI3_IRQHandler</STRONG> (Thumb, 0 bytes, Stack size 0 bytes, startup_stm32h743xx.o(.text))
<BR>[Address Reference Count : 1]<UL><LI> startup_stm32h743xx.o(RESET)
</UL>
<P><STRONG><a name="[18]"></a>EXTI4_IRQHandler</STRONG> (Thumb, 0 bytes, Stack size 0 bytes, startup_stm32h743xx.o(.text))
<BR>[Address Reference Count : 1]<UL><LI> startup_stm32h743xx.o(RESET)
</UL>
<P><STRONG><a name="[25]"></a>EXTI9_5_IRQHandler</STRONG> (Thumb, 0 bytes, Stack size 0 bytes, startup_stm32h743xx.o(.text))
<BR>[Address Reference Count : 1]<UL><LI> startup_stm32h743xx.o(RESET)
</UL>
<P><STRONG><a name="[21]"></a>FDCAN1_IT0_IRQHandler</STRONG> (Thumb, 0 bytes, Stack size 0 bytes, startup_stm32h743xx.o(.text))
<BR>[Address Reference Count : 1]<UL><LI> startup_stm32h743xx.o(RESET)
</UL>
<P><STRONG><a name="[23]"></a>FDCAN1_IT1_IRQHandler</STRONG> (Thumb, 0 bytes, Stack size 0 bytes, startup_stm32h743xx.o(.text))
<BR>[Address Reference Count : 1]<UL><LI> startup_stm32h743xx.o(RESET)
</UL>
<P><STRONG><a name="[22]"></a>FDCAN2_IT0_IRQHandler</STRONG> (Thumb, 0 bytes, Stack size 0 bytes, startup_stm32h743xx.o(.text))
<BR>[Address Reference Count : 1]<UL><LI> startup_stm32h743xx.o(RESET)
</UL>
<P><STRONG><a name="[24]"></a>FDCAN2_IT1_IRQHandler</STRONG> (Thumb, 0 bytes, Stack size 0 bytes, startup_stm32h743xx.o(.text))
<BR>[Address Reference Count : 1]<UL><LI> startup_stm32h743xx.o(RESET)
</UL>
<P><STRONG><a name="[4c]"></a>FDCAN_CAL_IRQHandler</STRONG> (Thumb, 0 bytes, Stack size 0 bytes, startup_stm32h743xx.o(.text))
<BR>[Address Reference Count : 1]<UL><LI> startup_stm32h743xx.o(RESET)
</UL>
<P><STRONG><a name="[12]"></a>FLASH_IRQHandler</STRONG> (Thumb, 0 bytes, Stack size 0 bytes, startup_stm32h743xx.o(.text))
<BR>[Address Reference Count : 1]<UL><LI> startup_stm32h743xx.o(RESET)
</UL>
<P><STRONG><a name="[3d]"></a>FMC_IRQHandler</STRONG> (Thumb, 0 bytes, Stack size 0 bytes, startup_stm32h743xx.o(.text))
<BR>[Address Reference Count : 1]<UL><LI> startup_stm32h743xx.o(RESET)
</UL>
<P><STRONG><a name="[59]"></a>FPU_IRQHandler</STRONG> (Thumb, 0 bytes, Stack size 0 bytes, startup_stm32h743xx.o(.text))
<BR>[Address Reference Count : 1]<UL><LI> startup_stm32h743xx.o(RESET)
</UL>
<P><STRONG><a name="[75]"></a>HRTIM1_FLT_IRQHandler</STRONG> (Thumb, 0 bytes, Stack size 0 bytes, startup_stm32h743xx.o(.text))
<BR>[Address Reference Count : 1]<UL><LI> startup_stm32h743xx.o(RESET)
</UL>
<P><STRONG><a name="[6f]"></a>HRTIM1_Master_IRQHandler</STRONG> (Thumb, 0 bytes, Stack size 0 bytes, startup_stm32h743xx.o(.text))
<BR>[Address Reference Count : 1]<UL><LI> startup_stm32h743xx.o(RESET)
</UL>
<P><STRONG><a name="[70]"></a>HRTIM1_TIMA_IRQHandler</STRONG> (Thumb, 0 bytes, Stack size 0 bytes, startup_stm32h743xx.o(.text))
<BR>[Address Reference Count : 1]<UL><LI> startup_stm32h743xx.o(RESET)
</UL>
<P><STRONG><a name="[71]"></a>HRTIM1_TIMB_IRQHandler</STRONG> (Thumb, 0 bytes, Stack size 0 bytes, startup_stm32h743xx.o(.text))
<BR>[Address Reference Count : 1]<UL><LI> startup_stm32h743xx.o(RESET)
</UL>
<P><STRONG><a name="[72]"></a>HRTIM1_TIMC_IRQHandler</STRONG> (Thumb, 0 bytes, Stack size 0 bytes, startup_stm32h743xx.o(.text))
<BR>[Address Reference Count : 1]<UL><LI> startup_stm32h743xx.o(RESET)
</UL>
<P><STRONG><a name="[73]"></a>HRTIM1_TIMD_IRQHandler</STRONG> (Thumb, 0 bytes, Stack size 0 bytes, startup_stm32h743xx.o(.text))
<BR>[Address Reference Count : 1]<UL><LI> startup_stm32h743xx.o(RESET)
</UL>
<P><STRONG><a name="[74]"></a>HRTIM1_TIME_IRQHandler</STRONG> (Thumb, 0 bytes, Stack size 0 bytes, startup_stm32h743xx.o(.text))
<BR>[Address Reference Count : 1]<UL><LI> startup_stm32h743xx.o(RESET)
</UL>
<P><STRONG><a name="[84]"></a>HSEM1_IRQHandler</STRONG> (Thumb, 0 bytes, Stack size 0 bytes, startup_stm32h743xx.o(.text))
<BR>[Address Reference Count : 1]<UL><LI> startup_stm32h743xx.o(RESET)
</UL>
<P><STRONG><a name="[2e]"></a>I2C1_ER_IRQHandler</STRONG> (Thumb, 0 bytes, Stack size 0 bytes, startup_stm32h743xx.o(.text))
<BR>[Address Reference Count : 1]<UL><LI> startup_stm32h743xx.o(RESET)
</UL>
<P><STRONG><a name="[2d]"></a>I2C1_EV_IRQHandler</STRONG> (Thumb, 0 bytes, Stack size 0 bytes, startup_stm32h743xx.o(.text))
<BR>[Address Reference Count : 1]<UL><LI> startup_stm32h743xx.o(RESET)
</UL>
<P><STRONG><a name="[30]"></a>I2C2_ER_IRQHandler</STRONG> (Thumb, 0 bytes, Stack size 0 bytes, startup_stm32h743xx.o(.text))
<BR>[Address Reference Count : 1]<UL><LI> startup_stm32h743xx.o(RESET)
</UL>
<P><STRONG><a name="[2f]"></a>I2C2_EV_IRQHandler</STRONG> (Thumb, 0 bytes, Stack size 0 bytes, startup_stm32h743xx.o(.text))
<BR>[Address Reference Count : 1]<UL><LI> startup_stm32h743xx.o(RESET)
</UL>
<P><STRONG><a name="[52]"></a>I2C3_ER_IRQHandler</STRONG> (Thumb, 0 bytes, Stack size 0 bytes, startup_stm32h743xx.o(.text))
<BR>[Address Reference Count : 1]<UL><LI> startup_stm32h743xx.o(RESET)
</UL>
<P><STRONG><a name="[51]"></a>I2C3_EV_IRQHandler</STRONG> (Thumb, 0 bytes, Stack size 0 bytes, startup_stm32h743xx.o(.text))
<BR>[Address Reference Count : 1]<UL><LI> startup_stm32h743xx.o(RESET)
</UL>
<P><STRONG><a name="[68]"></a>I2C4_ER_IRQHandler</STRONG> (Thumb, 0 bytes, Stack size 0 bytes, startup_stm32h743xx.o(.text))
<BR>[Address Reference Count : 1]<UL><LI> startup_stm32h743xx.o(RESET)
</UL>
<P><STRONG><a name="[67]"></a>I2C4_EV_IRQHandler</STRONG> (Thumb, 0 bytes, Stack size 0 bytes, startup_stm32h743xx.o(.text))
<BR>[Address Reference Count : 1]<UL><LI> startup_stm32h743xx.o(RESET)
</UL>
<P><STRONG><a name="[81]"></a>JPEG_IRQHandler</STRONG> (Thumb, 0 bytes, Stack size 0 bytes, startup_stm32h743xx.o(.text))
<BR>[Address Reference Count : 1]<UL><LI> startup_stm32h743xx.o(RESET)
</UL>
<P><STRONG><a name="[65]"></a>LPTIM1_IRQHandler</STRONG> (Thumb, 0 bytes, Stack size 0 bytes, startup_stm32h743xx.o(.text))
<BR>[Address Reference Count : 1]<UL><LI> startup_stm32h743xx.o(RESET)
</UL>
<P><STRONG><a name="[90]"></a>LPTIM2_IRQHandler</STRONG> (Thumb, 0 bytes, Stack size 0 bytes, startup_stm32h743xx.o(.text))
<BR>[Address Reference Count : 1]<UL><LI> startup_stm32h743xx.o(RESET)
</UL>
<P><STRONG><a name="[91]"></a>LPTIM3_IRQHandler</STRONG> (Thumb, 0 bytes, Stack size 0 bytes, startup_stm32h743xx.o(.text))
<BR>[Address Reference Count : 1]<UL><LI> startup_stm32h743xx.o(RESET)
</UL>
<P><STRONG><a name="[92]"></a>LPTIM4_IRQHandler</STRONG> (Thumb, 0 bytes, Stack size 0 bytes, startup_stm32h743xx.o(.text))
<BR>[Address Reference Count : 1]<UL><LI> startup_stm32h743xx.o(RESET)
</UL>
<P><STRONG><a name="[93]"></a>LPTIM5_IRQHandler</STRONG> (Thumb, 0 bytes, Stack size 0 bytes, startup_stm32h743xx.o(.text))
<BR>[Address Reference Count : 1]<UL><LI> startup_stm32h743xx.o(RESET)
</UL>
<P><STRONG><a name="[94]"></a>LPUART1_IRQHandler</STRONG> (Thumb, 0 bytes, Stack size 0 bytes, startup_stm32h743xx.o(.text))
<BR>[Address Reference Count : 1]<UL><LI> startup_stm32h743xx.o(RESET)
</UL>
<P><STRONG><a name="[61]"></a>LTDC_ER_IRQHandler</STRONG> (Thumb, 0 bytes, Stack size 0 bytes, startup_stm32h743xx.o(.text))
<BR>[Address Reference Count : 1]<UL><LI> startup_stm32h743xx.o(RESET)
</UL>
<P><STRONG><a name="[60]"></a>LTDC_IRQHandler</STRONG> (Thumb, 0 bytes, Stack size 0 bytes, startup_stm32h743xx.o(.text))
<BR>[Address Reference Count : 1]<UL><LI> startup_stm32h743xx.o(RESET)
</UL>
<P><STRONG><a name="[80]"></a>MDIOS_IRQHandler</STRONG> (Thumb, 0 bytes, Stack size 0 bytes, startup_stm32h743xx.o(.text))
<BR>[Address Reference Count : 1]<UL><LI> startup_stm32h743xx.o(RESET)
</UL>
<P><STRONG><a name="[7f]"></a>MDIOS_WKUP_IRQHandler</STRONG> (Thumb, 0 bytes, Stack size 0 bytes, startup_stm32h743xx.o(.text))
<BR>[Address Reference Count : 1]<UL><LI> startup_stm32h743xx.o(RESET)
</UL>
<P><STRONG><a name="[82]"></a>MDMA_IRQHandler</STRONG> (Thumb, 0 bytes, Stack size 0 bytes, startup_stm32h743xx.o(.text))
<BR>[Address Reference Count : 1]<UL><LI> startup_stm32h743xx.o(RESET)
</UL>
<P><STRONG><a name="[6b]"></a>OTG_FS_EP1_IN_IRQHandler</STRONG> (Thumb, 0 bytes, Stack size 0 bytes, startup_stm32h743xx.o(.text))
<BR>[Address Reference Count : 1]<UL><LI> startup_stm32h743xx.o(RESET)
</UL>
<P><STRONG><a name="[6a]"></a>OTG_FS_EP1_OUT_IRQHandler</STRONG> (Thumb, 0 bytes, Stack size 0 bytes, startup_stm32h743xx.o(.text))
<BR>[Address Reference Count : 1]<UL><LI> startup_stm32h743xx.o(RESET)
</UL>
<P><STRONG><a name="[6d]"></a>OTG_FS_IRQHandler</STRONG> (Thumb, 0 bytes, Stack size 0 bytes, startup_stm32h743xx.o(.text))
<BR>[Address Reference Count : 1]<UL><LI> startup_stm32h743xx.o(RESET)
</UL>
<P><STRONG><a name="[6c]"></a>OTG_FS_WKUP_IRQHandler</STRONG> (Thumb, 0 bytes, Stack size 0 bytes, startup_stm32h743xx.o(.text))
<BR>[Address Reference Count : 1]<UL><LI> startup_stm32h743xx.o(RESET)
</UL>
<P><STRONG><a name="[54]"></a>OTG_HS_EP1_IN_IRQHandler</STRONG> (Thumb, 0 bytes, Stack size 0 bytes, startup_stm32h743xx.o(.text))
<BR>[Address Reference Count : 1]<UL><LI> startup_stm32h743xx.o(RESET)
</UL>
<P><STRONG><a name="[53]"></a>OTG_HS_EP1_OUT_IRQHandler</STRONG> (Thumb, 0 bytes, Stack size 0 bytes, startup_stm32h743xx.o(.text))
<BR>[Address Reference Count : 1]<UL><LI> startup_stm32h743xx.o(RESET)
</UL>
<P><STRONG><a name="[56]"></a>OTG_HS_IRQHandler</STRONG> (Thumb, 0 bytes, Stack size 0 bytes, startup_stm32h743xx.o(.text))
<BR>[Address Reference Count : 1]<UL><LI> startup_stm32h743xx.o(RESET)
</UL>
<P><STRONG><a name="[55]"></a>OTG_HS_WKUP_IRQHandler</STRONG> (Thumb, 0 bytes, Stack size 0 bytes, startup_stm32h743xx.o(.text))
<BR>[Address Reference Count : 1]<UL><LI> startup_stm32h743xx.o(RESET)
</UL>
<P><STRONG><a name="[f]"></a>PVD_AVD_IRQHandler</STRONG> (Thumb, 0 bytes, Stack size 0 bytes, startup_stm32h743xx.o(.text))
<BR>[Address Reference Count : 1]<UL><LI> startup_stm32h743xx.o(RESET)
</UL>
<P><STRONG><a name="[64]"></a>QUADSPI_IRQHandler</STRONG> (Thumb, 0 bytes, Stack size 0 bytes, startup_stm32h743xx.o(.text))
<BR>[Address Reference Count : 1]<UL><LI> startup_stm32h743xx.o(RESET)
</UL>
<P><STRONG><a name="[13]"></a>RCC_IRQHandler</STRONG> (Thumb, 0 bytes, Stack size 0 bytes, startup_stm32h743xx.o(.text))
<BR>[Address Reference Count : 1]<UL><LI> startup_stm32h743xx.o(RESET)
</UL>
<P><STRONG><a name="[58]"></a>RNG_IRQHandler</STRONG> (Thumb, 0 bytes, Stack size 0 bytes, startup_stm32h743xx.o(.text))
<BR>[Address Reference Count : 1]<UL><LI> startup_stm32h743xx.o(RESET)
</UL>
<P><STRONG><a name="[37]"></a>RTC_Alarm_IRQHandler</STRONG> (Thumb, 0 bytes, Stack size 0 bytes, startup_stm32h743xx.o(.text))
<BR>[Address Reference Count : 1]<UL><LI> startup_stm32h743xx.o(RESET)
</UL>
<P><STRONG><a name="[11]"></a>RTC_WKUP_IRQHandler</STRONG> (Thumb, 0 bytes, Stack size 0 bytes, startup_stm32h743xx.o(.text))
<BR>[Address Reference Count : 1]<UL><LI> startup_stm32h743xx.o(RESET)
</UL>
<P><STRONG><a name="[5f]"></a>SAI1_IRQHandler</STRONG> (Thumb, 0 bytes, Stack size 0 bytes, startup_stm32h743xx.o(.text))
<BR>[Address Reference Count : 1]<UL><LI> startup_stm32h743xx.o(RESET)
</UL>
<P><STRONG><a name="[63]"></a>SAI2_IRQHandler</STRONG> (Thumb, 0 bytes, Stack size 0 bytes, startup_stm32h743xx.o(.text))
<BR>[Address Reference Count : 1]<UL><LI> startup_stm32h743xx.o(RESET)
</UL>
<P><STRONG><a name="[7a]"></a>SAI3_IRQHandler</STRONG> (Thumb, 0 bytes, Stack size 0 bytes, startup_stm32h743xx.o(.text))
<BR>[Address Reference Count : 1]<UL><LI> startup_stm32h743xx.o(RESET)
</UL>
<P><STRONG><a name="[96]"></a>SAI4_IRQHandler</STRONG> (Thumb, 0 bytes, Stack size 0 bytes, startup_stm32h743xx.o(.text))
<BR>[Address Reference Count : 1]<UL><LI> startup_stm32h743xx.o(RESET)
</UL>
<P><STRONG><a name="[3e]"></a>SDMMC1_IRQHandler</STRONG> (Thumb, 0 bytes, Stack size 0 bytes, startup_stm32h743xx.o(.text))
<BR>[Address Reference Count : 1]<UL><LI> startup_stm32h743xx.o(RESET)
</UL>
<P><STRONG><a name="[83]"></a>SDMMC2_IRQHandler</STRONG> (Thumb, 0 bytes, Stack size 0 bytes, startup_stm32h743xx.o(.text))
<BR>[Address Reference Count : 1]<UL><LI> startup_stm32h743xx.o(RESET)
</UL>
<P><STRONG><a name="[69]"></a>SPDIF_RX_IRQHandler</STRONG> (Thumb, 0 bytes, Stack size 0 bytes, startup_stm32h743xx.o(.text))
<BR>[Address Reference Count : 1]<UL><LI> startup_stm32h743xx.o(RESET)
</UL>
<P><STRONG><a name="[31]"></a>SPI1_IRQHandler</STRONG> (Thumb, 0 bytes, Stack size 0 bytes, startup_stm32h743xx.o(.text))
<BR>[Address Reference Count : 1]<UL><LI> startup_stm32h743xx.o(RESET)
</UL>
<P><STRONG><a name="[32]"></a>SPI2_IRQHandler</STRONG> (Thumb, 0 bytes, Stack size 0 bytes, startup_stm32h743xx.o(.text))
<BR>[Address Reference Count : 1]<UL><LI> startup_stm32h743xx.o(RESET)
</UL>
<P><STRONG><a name="[40]"></a>SPI3_IRQHandler</STRONG> (Thumb, 0 bytes, Stack size 0 bytes, startup_stm32h743xx.o(.text))
<BR>[Address Reference Count : 1]<UL><LI> startup_stm32h743xx.o(RESET)
</UL>
<P><STRONG><a name="[5c]"></a>SPI4_IRQHandler</STRONG> (Thumb, 0 bytes, Stack size 0 bytes, startup_stm32h743xx.o(.text))
<BR>[Address Reference Count : 1]<UL><LI> startup_stm32h743xx.o(RESET)
</UL>
<P><STRONG><a name="[5d]"></a>SPI5_IRQHandler</STRONG> (Thumb, 0 bytes, Stack size 0 bytes, startup_stm32h743xx.o(.text))
<BR>[Address Reference Count : 1]<UL><LI> startup_stm32h743xx.o(RESET)
</UL>
<P><STRONG><a name="[5e]"></a>SPI6_IRQHandler</STRONG> (Thumb, 0 bytes, Stack size 0 bytes, startup_stm32h743xx.o(.text))
<BR>[Address Reference Count : 1]<UL><LI> startup_stm32h743xx.o(RESET)
</UL>
<P><STRONG><a name="[7b]"></a>SWPMI1_IRQHandler</STRONG> (Thumb, 0 bytes, Stack size 0 bytes, startup_stm32h743xx.o(.text))
<BR>[Address Reference Count : 1]<UL><LI> startup_stm32h743xx.o(RESET)
</UL>
<P><STRONG><a name="[10]"></a>TAMP_STAMP_IRQHandler</STRONG> (Thumb, 0 bytes, Stack size 0 bytes, startup_stm32h743xx.o(.text))
<BR>[Address Reference Count : 1]<UL><LI> startup_stm32h743xx.o(RESET)
</UL>
<P><STRONG><a name="[7c]"></a>TIM15_IRQHandler</STRONG> (Thumb, 0 bytes, Stack size 0 bytes, startup_stm32h743xx.o(.text))
<BR>[Address Reference Count : 1]<UL><LI> startup_stm32h743xx.o(RESET)
</UL>
<P><STRONG><a name="[7d]"></a>TIM16_IRQHandler</STRONG> (Thumb, 0 bytes, Stack size 0 bytes, startup_stm32h743xx.o(.text))
<BR>[Address Reference Count : 1]<UL><LI> startup_stm32h743xx.o(RESET)
</UL>
<P><STRONG><a name="[7e]"></a>TIM17_IRQHandler</STRONG> (Thumb, 0 bytes, Stack size 0 bytes, startup_stm32h743xx.o(.text))
<BR>[Address Reference Count : 1]<UL><LI> startup_stm32h743xx.o(RESET)
</UL>
<P><STRONG><a name="[26]"></a>TIM1_BRK_IRQHandler</STRONG> (Thumb, 0 bytes, Stack size 0 bytes, startup_stm32h743xx.o(.text))
<BR>[Address Reference Count : 1]<UL><LI> startup_stm32h743xx.o(RESET)
</UL>
<P><STRONG><a name="[29]"></a>TIM1_CC_IRQHandler</STRONG> (Thumb, 0 bytes, Stack size 0 bytes, startup_stm32h743xx.o(.text))
<BR>[Address Reference Count : 1]<UL><LI> startup_stm32h743xx.o(RESET)
</UL>
<P><STRONG><a name="[28]"></a>TIM1_TRG_COM_IRQHandler</STRONG> (Thumb, 0 bytes, Stack size 0 bytes, startup_stm32h743xx.o(.text))
<BR>[Address Reference Count : 1]<UL><LI> startup_stm32h743xx.o(RESET)
</UL>
<P><STRONG><a name="[27]"></a>TIM1_UP_IRQHandler</STRONG> (Thumb, 0 bytes, Stack size 0 bytes, startup_stm32h743xx.o(.text))
<BR>[Address Reference Count : 1]<UL><LI> startup_stm32h743xx.o(RESET)
</UL>
<P><STRONG><a name="[2a]"></a>TIM2_IRQHandler</STRONG> (Thumb, 0 bytes, Stack size 0 bytes, startup_stm32h743xx.o(.text))
<BR>[Address Reference Count : 1]<UL><LI> startup_stm32h743xx.o(RESET)
</UL>
<P><STRONG><a name="[2c]"></a>TIM4_IRQHandler</STRONG> (Thumb, 0 bytes, Stack size 0 bytes, startup_stm32h743xx.o(.text))
<BR>[Address Reference Count : 1]<UL><LI> startup_stm32h743xx.o(RESET)
</UL>
<P><STRONG><a name="[3f]"></a>TIM5_IRQHandler</STRONG> (Thumb, 0 bytes, Stack size 0 bytes, startup_stm32h743xx.o(.text))
<BR>[Address Reference Count : 1]<UL><LI> startup_stm32h743xx.o(RESET)
</UL>
<P><STRONG><a name="[43]"></a>TIM6_DAC_IRQHandler</STRONG> (Thumb, 0 bytes, Stack size 0 bytes, startup_stm32h743xx.o(.text))
<BR>[Address Reference Count : 1]<UL><LI> startup_stm32h743xx.o(RESET)
</UL>
<P><STRONG><a name="[44]"></a>TIM7_IRQHandler</STRONG> (Thumb, 0 bytes, Stack size 0 bytes, startup_stm32h743xx.o(.text))
<BR>[Address Reference Count : 1]<UL><LI> startup_stm32h743xx.o(RESET)
</UL>
<P><STRONG><a name="[38]"></a>TIM8_BRK_TIM12_IRQHandler</STRONG> (Thumb, 0 bytes, Stack size 0 bytes, startup_stm32h743xx.o(.text))
<BR>[Address Reference Count : 1]<UL><LI> startup_stm32h743xx.o(RESET)
</UL>
<P><STRONG><a name="[3b]"></a>TIM8_CC_IRQHandler</STRONG> (Thumb, 0 bytes, Stack size 0 bytes, startup_stm32h743xx.o(.text))
<BR>[Address Reference Count : 1]<UL><LI> startup_stm32h743xx.o(RESET)
</UL>
<P><STRONG><a name="[3a]"></a>TIM8_TRG_COM_TIM14_IRQHandler</STRONG> (Thumb, 0 bytes, Stack size 0 bytes, startup_stm32h743xx.o(.text))
<BR>[Address Reference Count : 1]<UL><LI> startup_stm32h743xx.o(RESET)
</UL>
<P><STRONG><a name="[39]"></a>TIM8_UP_TIM13_IRQHandler</STRONG> (Thumb, 0 bytes, Stack size 0 bytes, startup_stm32h743xx.o(.text))
<BR>[Address Reference Count : 1]<UL><LI> startup_stm32h743xx.o(RESET)
</UL>
<P><STRONG><a name="[41]"></a>UART4_IRQHandler</STRONG> (Thumb, 0 bytes, Stack size 0 bytes, startup_stm32h743xx.o(.text))
<BR>[Address Reference Count : 1]<UL><LI> startup_stm32h743xx.o(RESET)
</UL>
<P><STRONG><a name="[42]"></a>UART5_IRQHandler</STRONG> (Thumb, 0 bytes, Stack size 0 bytes, startup_stm32h743xx.o(.text))
<BR>[Address Reference Count : 1]<UL><LI> startup_stm32h743xx.o(RESET)
</UL>
<P><STRONG><a name="[5a]"></a>UART7_IRQHandler</STRONG> (Thumb, 0 bytes, Stack size 0 bytes, startup_stm32h743xx.o(.text))
<BR>[Address Reference Count : 1]<UL><LI> startup_stm32h743xx.o(RESET)
</UL>
<P><STRONG><a name="[5b]"></a>UART8_IRQHandler</STRONG> (Thumb, 0 bytes, Stack size 0 bytes, startup_stm32h743xx.o(.text))
<BR>[Address Reference Count : 1]<UL><LI> startup_stm32h743xx.o(RESET)
</UL>
<P><STRONG><a name="[35]"></a>USART3_IRQHandler</STRONG> (Thumb, 0 bytes, Stack size 0 bytes, startup_stm32h743xx.o(.text))
<BR>[Address Reference Count : 1]<UL><LI> startup_stm32h743xx.o(RESET)
</UL>
<P><STRONG><a name="[50]"></a>USART6_IRQHandler</STRONG> (Thumb, 0 bytes, Stack size 0 bytes, startup_stm32h743xx.o(.text))
<BR>[Address Reference Count : 1]<UL><LI> startup_stm32h743xx.o(RESET)
</UL>
<P><STRONG><a name="[97]"></a>WAKEUP_PIN_IRQHandler</STRONG> (Thumb, 0 bytes, Stack size 0 bytes, startup_stm32h743xx.o(.text))
<BR>[Address Reference Count : 1]<UL><LI> startup_stm32h743xx.o(RESET)
</UL>
<P><STRONG><a name="[e]"></a>WWDG_IRQHandler</STRONG> (Thumb, 0 bytes, Stack size 0 bytes, startup_stm32h743xx.o(.text))
<BR>[Address Reference Count : 1]<UL><LI> startup_stm32h743xx.o(RESET)
</UL>
<P><STRONG><a name="[fc]"></a>__user_initial_stackheap</STRONG> (Thumb, 0 bytes, Stack size unknown bytes, startup_stm32h743xx.o(.text))
<BR><BR>[Called By]<UL><LI><a href="#[d0]">&gt;&gt;</a>&nbsp;&nbsp;&nbsp;__user_setup_stackheap
</UL>

<P><STRONG><a name="[251]"></a>CPU_IntDis</STRONG> (Thumb, 0 bytes, Stack size unknown bytes, cpu_a.o(.text), UNUSED)

<P><STRONG><a name="[252]"></a>CPU_IntEn</STRONG> (Thumb, 0 bytes, Stack size unknown bytes, cpu_a.o(.text), UNUSED)

<P><STRONG><a name="[105]"></a>CPU_SR_Save</STRONG> (Thumb, 0 bytes, Stack size unknown bytes, cpu_a.o(.text))
<BR><BR>[Called By]<UL><LI><a href="#[1a6]">&gt;&gt;</a>&nbsp;&nbsp;&nbsp;OSIntExit
<LI><a href="#[1d7]">&gt;&gt;</a>&nbsp;&nbsp;&nbsp;OS_TaskSuspend
<LI><a href="#[11c]">&gt;&gt;</a>&nbsp;&nbsp;&nbsp;OSTimeDlyHMSM
<LI><a href="#[1ce]">&gt;&gt;</a>&nbsp;&nbsp;&nbsp;OSTaskQPend
<LI><a href="#[1bd]">&gt;&gt;</a>&nbsp;&nbsp;&nbsp;OSStatTaskCPUUsageInit
<LI><a href="#[1b8]">&gt;&gt;</a>&nbsp;&nbsp;&nbsp;OSSchedRoundRobinCfg
<LI><a href="#[11b]">&gt;&gt;</a>&nbsp;&nbsp;&nbsp;OSMutexPost
<LI><a href="#[119]">&gt;&gt;</a>&nbsp;&nbsp;&nbsp;OSMutexPend
<LI><a href="#[1a9]">&gt;&gt;</a>&nbsp;&nbsp;&nbsp;OSMutexCreate
<LI><a href="#[10b]">&gt;&gt;</a>&nbsp;&nbsp;&nbsp;CPU_IntDisMeasMaxCurReset
<LI><a href="#[d4]">&gt;&gt;</a>&nbsp;&nbsp;&nbsp;main
<LI><a href="#[b3]">&gt;&gt;</a>&nbsp;&nbsp;&nbsp;StartTask
<LI><a href="#[1c1]">&gt;&gt;</a>&nbsp;&nbsp;&nbsp;OSTaskCreate
<LI><a href="#[1bf]">&gt;&gt;</a>&nbsp;&nbsp;&nbsp;OSTimeDly
<LI><a href="#[1b9]">&gt;&gt;</a>&nbsp;&nbsp;&nbsp;OSSchedUnlock
<LI><a href="#[1b7]">&gt;&gt;</a>&nbsp;&nbsp;&nbsp;OSSchedLock
<LI><a href="#[ac]">&gt;&gt;</a>&nbsp;&nbsp;&nbsp;eMBASCIIStop
<LI><a href="#[ad]">&gt;&gt;</a>&nbsp;&nbsp;&nbsp;eMBASCIIStart
<LI><a href="#[ae]">&gt;&gt;</a>&nbsp;&nbsp;&nbsp;eMBASCIISend
<LI><a href="#[af]">&gt;&gt;</a>&nbsp;&nbsp;&nbsp;eMBASCIIReceive
<LI><a href="#[20f]">&gt;&gt;</a>&nbsp;&nbsp;&nbsp;eMBASCIIInit
<LI><a href="#[10e]">&gt;&gt;</a>&nbsp;&nbsp;&nbsp;CPU_NameClr
<LI><a href="#[10c]">&gt;&gt;</a>&nbsp;&nbsp;&nbsp;CPU_IntDisMeasMaxGet
<LI><a href="#[109]">&gt;&gt;</a>&nbsp;&nbsp;&nbsp;CPU_IntDisMeasMaxCurGet
<LI><a href="#[103]">&gt;&gt;</a>&nbsp;&nbsp;&nbsp;CPU_IntDisMeasInit
<LI><a href="#[a5]">&gt;&gt;</a>&nbsp;&nbsp;&nbsp;eMBRTUStop
<LI><a href="#[a6]">&gt;&gt;</a>&nbsp;&nbsp;&nbsp;eMBRTUStart
<LI><a href="#[a7]">&gt;&gt;</a>&nbsp;&nbsp;&nbsp;eMBRTUSend
<LI><a href="#[a8]">&gt;&gt;</a>&nbsp;&nbsp;&nbsp;eMBRTUReceive
<LI><a href="#[21b]">&gt;&gt;</a>&nbsp;&nbsp;&nbsp;eMBRTUInit
<LI><a href="#[1de]">&gt;&gt;</a>&nbsp;&nbsp;&nbsp;OS_SchedRoundRobin
<LI><a href="#[9e]">&gt;&gt;</a>&nbsp;&nbsp;&nbsp;OS_IdleTask
<LI><a href="#[1af]">&gt;&gt;</a>&nbsp;&nbsp;&nbsp;OSSched
<LI><a href="#[1d5]">&gt;&gt;</a>&nbsp;&nbsp;&nbsp;OS_TaskSemPost
<LI><a href="#[1d2]">&gt;&gt;</a>&nbsp;&nbsp;&nbsp;OS_TaskResume
<LI><a href="#[1d1]">&gt;&gt;</a>&nbsp;&nbsp;&nbsp;OS_TaskQPost
<LI><a href="#[1d3]">&gt;&gt;</a>&nbsp;&nbsp;&nbsp;OSTaskSemPend
<LI><a href="#[1c7]">&gt;&gt;</a>&nbsp;&nbsp;&nbsp;OSTaskDel
<LI><a href="#[9f]">&gt;&gt;</a>&nbsp;&nbsp;&nbsp;OS_StatTask
<LI><a href="#[1d6]">&gt;&gt;</a>&nbsp;&nbsp;&nbsp;OSTaskStkChk
<LI><a href="#[1c0]">&gt;&gt;</a>&nbsp;&nbsp;&nbsp;OSTaskResume
<LI><a href="#[1bc]">&gt;&gt;</a>&nbsp;&nbsp;&nbsp;OSStatReset
<LI><a href="#[a0]">&gt;&gt;</a>&nbsp;&nbsp;&nbsp;OS_TickTask
<LI><a href="#[1f2]">&gt;&gt;</a>&nbsp;&nbsp;&nbsp;OS_TickListUpdateTimeout
<LI><a href="#[1f1]">&gt;&gt;</a>&nbsp;&nbsp;&nbsp;OS_TickListUpdateDly
</UL>

<P><STRONG><a name="[108]"></a>CPU_SR_Restore</STRONG> (Thumb, 0 bytes, Stack size unknown bytes, cpu_a.o(.text))
<BR><BR>[Called By]<UL><LI><a href="#[1a6]">&gt;&gt;</a>&nbsp;&nbsp;&nbsp;OSIntExit
<LI><a href="#[1d7]">&gt;&gt;</a>&nbsp;&nbsp;&nbsp;OS_TaskSuspend
<LI><a href="#[11c]">&gt;&gt;</a>&nbsp;&nbsp;&nbsp;OSTimeDlyHMSM
<LI><a href="#[1ce]">&gt;&gt;</a>&nbsp;&nbsp;&nbsp;OSTaskQPend
<LI><a href="#[1bd]">&gt;&gt;</a>&nbsp;&nbsp;&nbsp;OSStatTaskCPUUsageInit
<LI><a href="#[1b8]">&gt;&gt;</a>&nbsp;&nbsp;&nbsp;OSSchedRoundRobinCfg
<LI><a href="#[11b]">&gt;&gt;</a>&nbsp;&nbsp;&nbsp;OSMutexPost
<LI><a href="#[119]">&gt;&gt;</a>&nbsp;&nbsp;&nbsp;OSMutexPend
<LI><a href="#[1a9]">&gt;&gt;</a>&nbsp;&nbsp;&nbsp;OSMutexCreate
<LI><a href="#[10b]">&gt;&gt;</a>&nbsp;&nbsp;&nbsp;CPU_IntDisMeasMaxCurReset
<LI><a href="#[d4]">&gt;&gt;</a>&nbsp;&nbsp;&nbsp;main
<LI><a href="#[b3]">&gt;&gt;</a>&nbsp;&nbsp;&nbsp;StartTask
<LI><a href="#[1c1]">&gt;&gt;</a>&nbsp;&nbsp;&nbsp;OSTaskCreate
<LI><a href="#[1bf]">&gt;&gt;</a>&nbsp;&nbsp;&nbsp;OSTimeDly
<LI><a href="#[1b9]">&gt;&gt;</a>&nbsp;&nbsp;&nbsp;OSSchedUnlock
<LI><a href="#[1b7]">&gt;&gt;</a>&nbsp;&nbsp;&nbsp;OSSchedLock
<LI><a href="#[ac]">&gt;&gt;</a>&nbsp;&nbsp;&nbsp;eMBASCIIStop
<LI><a href="#[ad]">&gt;&gt;</a>&nbsp;&nbsp;&nbsp;eMBASCIIStart
<LI><a href="#[ae]">&gt;&gt;</a>&nbsp;&nbsp;&nbsp;eMBASCIISend
<LI><a href="#[af]">&gt;&gt;</a>&nbsp;&nbsp;&nbsp;eMBASCIIReceive
<LI><a href="#[20f]">&gt;&gt;</a>&nbsp;&nbsp;&nbsp;eMBASCIIInit
<LI><a href="#[10e]">&gt;&gt;</a>&nbsp;&nbsp;&nbsp;CPU_NameClr
<LI><a href="#[10c]">&gt;&gt;</a>&nbsp;&nbsp;&nbsp;CPU_IntDisMeasMaxGet
<LI><a href="#[109]">&gt;&gt;</a>&nbsp;&nbsp;&nbsp;CPU_IntDisMeasMaxCurGet
<LI><a href="#[103]">&gt;&gt;</a>&nbsp;&nbsp;&nbsp;CPU_IntDisMeasInit
<LI><a href="#[a5]">&gt;&gt;</a>&nbsp;&nbsp;&nbsp;eMBRTUStop
<LI><a href="#[a6]">&gt;&gt;</a>&nbsp;&nbsp;&nbsp;eMBRTUStart
<LI><a href="#[a7]">&gt;&gt;</a>&nbsp;&nbsp;&nbsp;eMBRTUSend
<LI><a href="#[a8]">&gt;&gt;</a>&nbsp;&nbsp;&nbsp;eMBRTUReceive
<LI><a href="#[21b]">&gt;&gt;</a>&nbsp;&nbsp;&nbsp;eMBRTUInit
<LI><a href="#[1de]">&gt;&gt;</a>&nbsp;&nbsp;&nbsp;OS_SchedRoundRobin
<LI><a href="#[9e]">&gt;&gt;</a>&nbsp;&nbsp;&nbsp;OS_IdleTask
<LI><a href="#[1af]">&gt;&gt;</a>&nbsp;&nbsp;&nbsp;OSSched
<LI><a href="#[1d5]">&gt;&gt;</a>&nbsp;&nbsp;&nbsp;OS_TaskSemPost
<LI><a href="#[1d2]">&gt;&gt;</a>&nbsp;&nbsp;&nbsp;OS_TaskResume
<LI><a href="#[1d1]">&gt;&gt;</a>&nbsp;&nbsp;&nbsp;OS_TaskQPost
<LI><a href="#[1d3]">&gt;&gt;</a>&nbsp;&nbsp;&nbsp;OSTaskSemPend
<LI><a href="#[1c7]">&gt;&gt;</a>&nbsp;&nbsp;&nbsp;OSTaskDel
<LI><a href="#[9f]">&gt;&gt;</a>&nbsp;&nbsp;&nbsp;OS_StatTask
<LI><a href="#[1d6]">&gt;&gt;</a>&nbsp;&nbsp;&nbsp;OSTaskStkChk
<LI><a href="#[1c0]">&gt;&gt;</a>&nbsp;&nbsp;&nbsp;OSTaskResume
<LI><a href="#[1bc]">&gt;&gt;</a>&nbsp;&nbsp;&nbsp;OSStatReset
<LI><a href="#[a0]">&gt;&gt;</a>&nbsp;&nbsp;&nbsp;OS_TickTask
<LI><a href="#[1f2]">&gt;&gt;</a>&nbsp;&nbsp;&nbsp;OS_TickListUpdateTimeout
<LI><a href="#[1f1]">&gt;&gt;</a>&nbsp;&nbsp;&nbsp;OS_TickListUpdateDly
</UL>

<P><STRONG><a name="[253]"></a>CPU_WaitForInt</STRONG> (Thumb, 0 bytes, Stack size unknown bytes, cpu_a.o(.text), UNUSED)

<P><STRONG><a name="[254]"></a>CPU_WaitForExcept</STRONG> (Thumb, 0 bytes, Stack size unknown bytes, cpu_a.o(.text), UNUSED)

<P><STRONG><a name="[1e9]"></a>CPU_CntLeadZeros</STRONG> (Thumb, 0 bytes, Stack size unknown bytes, cpu_a.o(.text))
<BR><BR>[Called By]<UL><LI><a href="#[1a7]">&gt;&gt;</a>&nbsp;&nbsp;&nbsp;OS_PrioGetHighest
</UL>

<P><STRONG><a name="[255]"></a>CPU_CntTrailZeros</STRONG> (Thumb, 0 bytes, Stack size unknown bytes, cpu_a.o(.text), UNUSED)

<P><STRONG><a name="[256]"></a>CPU_RevBits</STRONG> (Thumb, 0 bytes, Stack size unknown bytes, cpu_a.o(.text), UNUSED)

<P><STRONG><a name="[202]"></a>__aeabi_uldivmod</STRONG> (Thumb, 0 bytes, Stack size 48 bytes, lludivv7m.o(.text))
<BR><BR>[Stack]<UL><LI>Max Depth = 48<LI>Call Chain = __aeabi_uldivmod
</UL>
<BR>[Called By]<UL><LI><a href="#[161]">&gt;&gt;</a>&nbsp;&nbsp;&nbsp;UART_SetConfig
</UL>

<P><STRONG><a name="[257]"></a>_ll_udiv</STRONG> (Thumb, 238 bytes, Stack size 48 bytes, lludivv7m.o(.text), UNUSED)

<P><STRONG><a name="[da]"></a>__2sprintf</STRONG> (Thumb, 34 bytes, Stack size 32 bytes, noretval__2sprintf.o(.text))
<BR><BR>[Stack]<UL><LI>Max Depth = 128 + Unknown Stack Size
<LI>Call Chain = __2sprintf &rArr; _printf_char_common &rArr; __printf
</UL>
<BR>[Calls]<UL><LI><a href="#[9a]">&gt;&gt;</a>&nbsp;&nbsp;&nbsp;_sputc
<LI><a href="#[db]">&gt;&gt;</a>&nbsp;&nbsp;&nbsp;_printf_char_common
</UL>
<BR>[Called By]<UL><LI><a href="#[11a]">&gt;&gt;</a>&nbsp;&nbsp;&nbsp;UIDrawNodeData
<LI><a href="#[a2]">&gt;&gt;</a>&nbsp;&nbsp;&nbsp;ReceiveDataTask
</UL>

<P><STRONG><a name="[dd]"></a>_printf_pre_padding</STRONG> (Thumb, 44 bytes, Stack size 16 bytes, _printf_pad.o(.text))
<BR><BR>[Stack]<UL><LI>Max Depth = 16<LI>Call Chain = _printf_pre_padding
</UL>
<BR>[Called By]<UL><LI><a href="#[f2]">&gt;&gt;</a>&nbsp;&nbsp;&nbsp;_printf_fp_infnan
<LI><a href="#[f0]">&gt;&gt;</a>&nbsp;&nbsp;&nbsp;_printf_fp_dec_real
<LI><a href="#[df]">&gt;&gt;</a>&nbsp;&nbsp;&nbsp;_printf_int_common
<LI><a href="#[dc]">&gt;&gt;</a>&nbsp;&nbsp;&nbsp;_printf_str
</UL>

<P><STRONG><a name="[de]"></a>_printf_post_padding</STRONG> (Thumb, 34 bytes, Stack size 16 bytes, _printf_pad.o(.text))
<BR><BR>[Stack]<UL><LI>Max Depth = 16<LI>Call Chain = _printf_post_padding
</UL>
<BR>[Called By]<UL><LI><a href="#[f2]">&gt;&gt;</a>&nbsp;&nbsp;&nbsp;_printf_fp_infnan
<LI><a href="#[f0]">&gt;&gt;</a>&nbsp;&nbsp;&nbsp;_printf_fp_dec_real
<LI><a href="#[df]">&gt;&gt;</a>&nbsp;&nbsp;&nbsp;_printf_int_common
<LI><a href="#[dc]">&gt;&gt;</a>&nbsp;&nbsp;&nbsp;_printf_str
</UL>

<P><STRONG><a name="[dc]"></a>_printf_str</STRONG> (Thumb, 82 bytes, Stack size 16 bytes, _printf_str.o(.text))
<BR><BR>[Stack]<UL><LI>Max Depth = 32<LI>Call Chain = _printf_str &rArr; _printf_post_padding
</UL>
<BR>[Calls]<UL><LI><a href="#[de]">&gt;&gt;</a>&nbsp;&nbsp;&nbsp;_printf_post_padding
<LI><a href="#[dd]">&gt;&gt;</a>&nbsp;&nbsp;&nbsp;_printf_pre_padding
</UL>
<BR>[Called By]<UL><LI><a href="#[f3]">&gt;&gt;</a>&nbsp;&nbsp;&nbsp;_printf_cs_common
</UL>

<P><STRONG><a name="[c6]"></a>_printf_int_dec</STRONG> (Thumb, 104 bytes, Stack size 24 bytes, _printf_dec.o(.text))
<BR><BR>[Stack]<UL><LI>Max Depth = 72<LI>Call Chain = _printf_int_dec &rArr; _printf_int_common &rArr; _printf_post_padding
</UL>
<BR>[Calls]<UL><LI><a href="#[df]">&gt;&gt;</a>&nbsp;&nbsp;&nbsp;_printf_int_common
</UL>
<BR>[Called By]<UL><LI><a href="#[c5]">&gt;&gt;</a>&nbsp;&nbsp;&nbsp;_printf_d
</UL>

<P><STRONG><a name="[e0]"></a>__printf</STRONG> (Thumb, 270 bytes, Stack size 32 bytes, __printf_wp.o(.text))
<BR><BR>[Stack]<UL><LI>Max Depth = 32 + Unknown Stack Size
<LI>Call Chain = __printf
</UL>
<BR>[Calls]<UL><LI><a href="#[e2]">&gt;&gt;</a>&nbsp;&nbsp;&nbsp;_printf_percent
<LI><a href="#[e1]">&gt;&gt;</a>&nbsp;&nbsp;&nbsp;_is_digit
</UL>
<BR>[Called By]<UL><LI><a href="#[db]">&gt;&gt;</a>&nbsp;&nbsp;&nbsp;_printf_char_common
</UL>

<P><STRONG><a name="[e3]"></a>__aeabi_assert</STRONG> (Thumb, 86 bytes, Stack size 16 bytes, assert.o(.text))
<BR><BR>[Stack]<UL><LI>Max Depth = 64 + Unknown Stack Size
<LI>Call Chain = __aeabi_assert &rArr; abort &rArr; __rt_SIGABRT &rArr; __rt_SIGABRT_inner &rArr; __default_signal_display &rArr; _ttywrch
</UL>
<BR>[Calls]<UL><LI><a href="#[e4]">&gt;&gt;</a>&nbsp;&nbsp;&nbsp;__assert_puts
<LI><a href="#[e5]">&gt;&gt;</a>&nbsp;&nbsp;&nbsp;abort
</UL>
<BR>[Called By]<UL><LI><a href="#[221]">&gt;&gt;</a>&nbsp;&nbsp;&nbsp;xMBUtilSetBits
<LI><a href="#[b1]">&gt;&gt;</a>&nbsp;&nbsp;&nbsp;xMBASCIITransmitFSM
<LI><a href="#[b2]">&gt;&gt;</a>&nbsp;&nbsp;&nbsp;xMBASCIITimerT1SExpired
<LI><a href="#[b0]">&gt;&gt;</a>&nbsp;&nbsp;&nbsp;xMBASCIIReceiveFSM
<LI><a href="#[af]">&gt;&gt;</a>&nbsp;&nbsp;&nbsp;eMBASCIIReceive
<LI><a href="#[222]">&gt;&gt;</a>&nbsp;&nbsp;&nbsp;prvucMBBIN2CHAR
<LI><a href="#[aa]">&gt;&gt;</a>&nbsp;&nbsp;&nbsp;xMBRTUTransmitFSM
<LI><a href="#[ab]">&gt;&gt;</a>&nbsp;&nbsp;&nbsp;xMBRTUTimerT35Expired
<LI><a href="#[a9]">&gt;&gt;</a>&nbsp;&nbsp;&nbsp;xMBRTUReceiveFSM
<LI><a href="#[a8]">&gt;&gt;</a>&nbsp;&nbsp;&nbsp;eMBRTUReceive
</UL>

<P><STRONG><a name="[258]"></a>__assert</STRONG> (Thumb, 0 bytes, Stack size 16 bytes, assert.o(.text), UNUSED)

<P><STRONG><a name="[116]"></a>strcpy</STRONG> (Thumb, 72 bytes, Stack size 12 bytes, strcpy.o(.text))
<BR><BR>[Stack]<UL><LI>Max Depth = 12<LI>Call Chain = strcpy
</UL>
<BR>[Called By]<UL><LI><a href="#[115]">&gt;&gt;</a>&nbsp;&nbsp;&nbsp;DisplayDebugInformation
</UL>

<P><STRONG><a name="[20b]"></a>__aeabi_memcpy</STRONG> (Thumb, 0 bytes, Stack size 0 bytes, rt_memcpy_v6.o(.text))
<BR><BR>[Called By]<UL><LI><a href="#[167]">&gt;&gt;</a>&nbsp;&nbsp;&nbsp;ZigBeeReceiveCallBack
<LI><a href="#[b4]">&gt;&gt;</a>&nbsp;&nbsp;&nbsp;eMBFuncReportSlaveID
</UL>

<P><STRONG><a name="[e6]"></a>__rt_memcpy</STRONG> (Thumb, 138 bytes, Stack size 0 bytes, rt_memcpy_v6.o(.text), UNUSED)
<BR><BR>[Calls]<UL><LI><a href="#[e7]">&gt;&gt;</a>&nbsp;&nbsp;&nbsp;__aeabi_memcpy4
</UL>

<P><STRONG><a name="[259]"></a>_memcpy_lastbytes</STRONG> (Thumb, 0 bytes, Stack size unknown bytes, rt_memcpy_v6.o(.text), UNUSED)

<P><STRONG><a name="[e8]"></a>__aeabi_memset</STRONG> (Thumb, 16 bytes, Stack size 0 bytes, aeabi_memset.o(.text), UNUSED)
<BR><BR>[Calls]<UL><LI><a href="#[e9]">&gt;&gt;</a>&nbsp;&nbsp;&nbsp;_memset
</UL>
<BR>[Called By]<UL><LI><a href="#[193]">&gt;&gt;</a>&nbsp;&nbsp;&nbsp;Mem_Set
</UL>

<P><STRONG><a name="[192]"></a>__aeabi_memclr4</STRONG> (Thumb, 0 bytes, Stack size 4 bytes, rt_memclr_w.o(.text))
<BR><BR>[Stack]<UL><LI>Max Depth = 4<LI>Call Chain = __aeabi_memclr4
</UL>
<BR>[Called By]<UL><LI><a href="#[11a]">&gt;&gt;</a>&nbsp;&nbsp;&nbsp;UIDrawNodeData
<LI><a href="#[1c1]">&gt;&gt;</a>&nbsp;&nbsp;&nbsp;OSTaskCreate
<LI><a href="#[195]">&gt;&gt;</a>&nbsp;&nbsp;&nbsp;OSInit
<LI><a href="#[191]">&gt;&gt;</a>&nbsp;&nbsp;&nbsp;LocalDataSetInit
<LI><a href="#[16a]">&gt;&gt;</a>&nbsp;&nbsp;&nbsp;SystemClockInit
</UL>

<P><STRONG><a name="[25a]"></a>__aeabi_memclr8</STRONG> (Thumb, 0 bytes, Stack size 4 bytes, rt_memclr_w.o(.text), UNUSED)

<P><STRONG><a name="[25b]"></a>__rt_memclr_w</STRONG> (Thumb, 78 bytes, Stack size 4 bytes, rt_memclr_w.o(.text), UNUSED)

<P><STRONG><a name="[f8]"></a>_memset_w</STRONG> (Thumb, 0 bytes, Stack size unknown bytes, rt_memclr_w.o(.text), UNUSED)
<BR><BR>[Called By]<UL><LI><a href="#[f7]">&gt;&gt;</a>&nbsp;&nbsp;&nbsp;__rt_memclr
</UL>

<P><STRONG><a name="[25c]"></a>__use_two_region_memory</STRONG> (Thumb, 2 bytes, Stack size 0 bytes, heapauxi.o(.text), UNUSED)

<P><STRONG><a name="[25d]"></a>__rt_heap_escrow$2region</STRONG> (Thumb, 2 bytes, Stack size 0 bytes, heapauxi.o(.text), UNUSED)

<P><STRONG><a name="[25e]"></a>__rt_heap_expand$2region</STRONG> (Thumb, 2 bytes, Stack size 0 bytes, heapauxi.o(.text), UNUSED)

<P><STRONG><a name="[df]"></a>_printf_int_common</STRONG> (Thumb, 178 bytes, Stack size 32 bytes, _printf_intcommon.o(.text))
<BR><BR>[Stack]<UL><LI>Max Depth = 48<LI>Call Chain = _printf_int_common &rArr; _printf_post_padding
</UL>
<BR>[Calls]<UL><LI><a href="#[de]">&gt;&gt;</a>&nbsp;&nbsp;&nbsp;_printf_post_padding
<LI><a href="#[dd]">&gt;&gt;</a>&nbsp;&nbsp;&nbsp;_printf_pre_padding
</UL>
<BR>[Called By]<UL><LI><a href="#[c6]">&gt;&gt;</a>&nbsp;&nbsp;&nbsp;_printf_int_dec
</UL>

<P><STRONG><a name="[f0]"></a>_printf_fp_dec_real</STRONG> (Thumb, 620 bytes, Stack size 104 bytes, _printf_fp_dec.o(.text))
<BR><BR>[Stack]<UL><LI>Max Depth = 324<LI>Call Chain = _printf_fp_dec_real &rArr; _fp_digits &rArr; _btod_etento &rArr; _btod_emul &rArr; _e2e
</UL>
<BR>[Calls]<UL><LI><a href="#[f2]">&gt;&gt;</a>&nbsp;&nbsp;&nbsp;_printf_fp_infnan
<LI><a href="#[cc]">&gt;&gt;</a>&nbsp;&nbsp;&nbsp;__rt_locale
<LI><a href="#[ea]">&gt;&gt;</a>&nbsp;&nbsp;&nbsp;_fp_digits
[...]
<BR><BR>[Calls]<UL><LI><a href="#[229]">&gt;&gt;</a>&nbsp;&nbsp;&nbsp;_d2e_denorm_low
</UL>
<BR>[Called By]<UL><LI><a href="#[ec]">&gt;&gt;</a>&nbsp;&nbsp;&nbsp;_btod_d2e
</UL>

<P><STRONG><a name="[22a]"></a>__btod_div_common</STRONG> (Thumb, 696 bytes, Stack size 24 bytes, btod.o(CL$$btod_div_common))
<BR><BR>[Stack]<UL><LI>Max Depth = 24<LI>Call Chain = __btod_div_common
</UL>
<BR>[Called By]<UL><LI><a href="#[ed]">&gt;&gt;</a>&nbsp;&nbsp;&nbsp;_btod_ediv
</UL>

<P><STRONG><a name="[22b]"></a>_e2e</STRONG> (Thumb, 220 bytes, Stack size 24 bytes, btod.o(CL$$btod_e2e))
<BR><BR>[Stack]<UL><LI>Max Depth = 24<LI>Call Chain = _e2e
</UL>
<BR>[Called By]<UL><LI><a href="#[ee]">&gt;&gt;</a>&nbsp;&nbsp;&nbsp;_btod_emul
<LI><a href="#[ed]">&gt;&gt;</a>&nbsp;&nbsp;&nbsp;_btod_ediv
</UL>

<P><STRONG><a name="[ed]"></a>_btod_ediv</STRONG> (Thumb, 42 bytes, Stack size 28 bytes, btod.o(CL$$btod_ediv))
<BR><BR>[Stack]<UL><LI>Max Depth = 52<LI>Call Chain = _btod_ediv &rArr; _e2e
</UL>
<BR>[Calls]<UL><LI><a href="#[22b]">&gt;&gt;</a>&nbsp;&nbsp;&nbsp;_e2e
<LI><a href="#[22a]">&gt;&gt;</a>&nbsp;&nbsp;&nbsp;__btod_div_common
</UL>
<BR>[Called By]<UL><LI><a href="#[eb]">&gt;&gt;</a>&nbsp;&nbsp;&nbsp;_btod_etento
<LI><a href="#[ea]">&gt;&gt;</a>&nbsp;&nbsp;&nbsp;_fp_digits
</UL>

<P><STRONG><a name="[ee]"></a>_btod_emul</STRONG> (Thumb, 42 bytes, Stack size 28 bytes, btod.o(CL$$btod_emul))
<BR><BR>[Stack]<UL><LI>Max Depth = 52<LI>Call Chain = _btod_emul &rArr; _e2e
</UL>
<BR>[Calls]<UL><LI><a href="#[22c]">&gt;&gt;</a>&nbsp;&nbsp;&nbsp;__btod_mult_common
<LI><a href="#[22b]">&gt;&gt;</a>&nbsp;&nbsp;&nbsp;_e2e
</UL>
<BR>[Called By]<UL><LI><a href="#[eb]">&gt;&gt;</a>&nbsp;&nbsp;&nbsp;_btod_etento
<LI><a href="#[ea]">&gt;&gt;</a>&nbsp;&nbsp;&nbsp;_fp_digits
</UL>

<P><STRONG><a name="[22c]"></a>__btod_mult_common</STRONG> (Thumb, 580 bytes, Stack size 16 bytes, btod.o(CL$$btod_mult_common))
<BR><BR>[Stack]<UL><LI>Max Depth = 16<LI>Call Chain = __btod_mult_common
</UL>
<BR>[Called By]<UL><LI><a href="#[ee]">&gt;&gt;</a>&nbsp;&nbsp;&nbsp;_btod_emul
</UL>

<P><STRONG><a name="[1d9]"></a>OS_CPU_FP_Reg_Push</STRONG> (Thumb, 0 bytes, Stack size unknown bytes, os_cpu_a.o(CODE))
<BR><BR>[Called By]<UL><LI><a href="#[1d8]">&gt;&gt;</a>&nbsp;&nbsp;&nbsp;OSTaskSwHook
</UL>

<P><STRONG><a name="[1da]"></a>OS_CPU_FP_Reg_Pop</STRONG> (Thumb, 0 bytes, Stack size unknown bytes, os_cpu_a.o(CODE))
<BR><BR>[Called By]<UL><LI><a href="#[1d8]">&gt;&gt;</a>&nbsp;&nbsp;&nbsp;OSTaskSwHook
</UL>

<P><STRONG><a name="[1bb]"></a>OSStartHighRdy</STRONG> (Thumb, 0 bytes, Stack size unknown bytes, os_cpu_a.o(CODE))
<BR><BR>[Stack]<UL><LI>Max Depth = 32 + Unknown Stack Size
<LI>Call Chain = OSStartHighRdy &rArr; OSTaskSwHook &rArr; CPU_IntDisMeasMaxCurReset &rArr; CPU_IntDisMeasMaxCurGet
</UL>
<BR>[Calls]<UL><LI><a href="#[1d8]">&gt;&gt;</a>&nbsp;&nbsp;&nbsp;OSTaskSwHook
</UL>
<BR>[Called By]<UL><LI><a href="#[1ba]">&gt;&gt;</a>&nbsp;&nbsp;&nbsp;OSStart
</UL>

<P><STRONG><a name="[1b6]"></a>OSCtxSw</STRONG> (Thumb, 0 bytes, Stack size unknown bytes, os_cpu_a.o(CODE))
<BR><BR>[Called By]<UL><LI><a href="#[1af]">&gt;&gt;</a>&nbsp;&nbsp;&nbsp;OSSched
</UL>

<P><STRONG><a name="[1a8]"></a>OSIntCtxSw</STRONG> (Thumb, 0 bytes, Stack size unknown bytes, os_cpu_a.o(CODE))
<BR><BR>[Called By]<UL><LI><a href="#[1a6]">&gt;&gt;</a>&nbsp;&nbsp;&nbsp;OSIntExit
</UL>

<P><STRONG><a name="[c]"></a>PendSV_Handler</STRONG> (Thumb, 0 bytes, Stack size unknown bytes, os_cpu_a.o(CODE))
<BR><BR>[Stack]<UL><LI>Max Depth = 32 + Unknown Stack Size
<LI>Call Chain = PendSV_Handler &rArr; OSTaskSwHook &rArr; CPU_IntDisMeasMaxCurReset &rArr; CPU_IntDisMeasMaxCurGet
</UL>
<BR>[Calls]<UL><LI><a href="#[1d8]">&gt;&gt;</a>&nbsp;&nbsp;&nbsp;OSTaskSwHook
</UL>
<BR>[Address Reference Count : 1]<UL><LI> startup_stm32h743xx.o(RESET)
</UL>
<P><STRONG><a name="[f1]"></a>__ARM_fpclassify</STRONG> (Thumb, 48 bytes, Stack size 8 bytes, fpclassify.o(i.__ARM_fpclassify))
<BR><BR>[Stack]<UL><LI>Max Depth = 8<LI>Call Chain = __ARM_fpclassify
</UL>
<BR>[Called By]<UL><LI><a href="#[f0]">&gt;&gt;</a>&nbsp;&nbsp;&nbsp;_printf_fp_dec_real
</UL>

<P><STRONG><a name="[e1]"></a>_is_digit</STRONG> (Thumb, 14 bytes, Stack size 0 bytes, __printf_wp.o(i._is_digit))
<BR><BR>[Called By]<UL><LI><a href="#[e0]">&gt;&gt;</a>&nbsp;&nbsp;&nbsp;__printf
</UL>

<P><STRONG><a name="[ce]"></a>_get_lc_numeric</STRONG> (Thumb, 44 bytes, Stack size 8 bytes, lc_numeric_c.o(locale$$code))
<BR><BR>[Stack]<UL><LI>Max Depth = 16<LI>Call Chain = _get_lc_numeric &rArr; strcmp
</UL>
<BR>[Calls]<UL><LI><a href="#[22d]">&gt;&gt;</a>&nbsp;&nbsp;&nbsp;strcmp
</UL>
<BR>[Called By]<UL><LI><a href="#[cd]">&gt;&gt;</a>&nbsp;&nbsp;&nbsp;__rt_lib_init_lc_numeric_2
</UL>

<P><STRONG><a name="[ca]"></a>_fp_init</STRONG> (Thumb, 26 bytes, Stack size 0 bytes, fpinit.o(x$fpl$fpinit))
<BR><BR>[Called By]<UL><LI><a href="#[c9]">&gt;&gt;</a>&nbsp;&nbsp;&nbsp;__rt_lib_init_fp_1
</UL>

<P><STRONG><a name="[268]"></a>__fplib_config_fpu_vfp</STRONG> (Thumb, 0 bytes, Stack size unknown bytes, fpinit.o(x$fpl$fpinit), UNUSED)

<P><STRONG><a name="[269]"></a>__fplib_config_pureend_doubles</STRONG> (Thumb, 0 bytes, Stack size unknown bytes, fpinit.o(x$fpl$fpinit), UNUSED)

<P><STRONG><a name="[c4]"></a>_printf_fp_dec</STRONG> (Thumb, 4 bytes, Stack size 0 bytes, printf1.o(x$fpl$printf1))
<BR><BR>[Stack]<UL><LI>Max Depth = 324<LI>Call Chain = _printf_fp_dec &rArr; _printf_fp_dec_real &rArr; _fp_digits &rArr; _btod_etento &rArr; _btod_emul &rArr; _e2e
</UL>
<BR>[Calls]<UL><LI><a href="#[f0]">&gt;&gt;</a>&nbsp;&nbsp;&nbsp;_printf_fp_dec_real
</UL>
<BR>[Called By]<UL><LI><a href="#[c3]">&gt;&gt;</a>&nbsp;&nbsp;&nbsp;_printf_f
</UL>
<P>
<H3>
Local Symbols
</H3>
<P><STRONG><a name="[112]"></a>Cache_Enable</STRONG> (Thumb, 28 bytes, Stack size 8 bytes, hardware_init.o(.text.Cache_Enable))
<BR><BR>[Stack]<UL><LI>Max Depth = 24<LI>Call Chain = Cache_Enable &rArr; SCB_EnableDCache
</UL>
<BR>[Calls]<UL><LI><a href="#[113]">&gt;&gt;</a>&nbsp;&nbsp;&nbsp;SCB_EnableICache
<LI><a href="#[114]">&gt;&gt;</a>&nbsp;&nbsp;&nbsp;SCB_EnableDCache
</UL>
<BR>[Called By]<UL><LI><a href="#[169]">&gt;&gt;</a>&nbsp;&nbsp;&nbsp;HardwareInit
</UL>

<P><STRONG><a name="[114]"></a>SCB_EnableDCache</STRONG> (Thumb, 98 bytes, Stack size 16 bytes, hardware_init.o(.text.SCB_EnableDCache))
<BR><BR>[Stack]<UL><LI>Max Depth = 16<LI>Call Chain = SCB_EnableDCache
</UL>
<BR>[Called By]<UL><LI><a href="#[112]">&gt;&gt;</a>&nbsp;&nbsp;&nbsp;Cache_Enable
</UL>

<P><STRONG><a name="[113]"></a>SCB_EnableICache</STRONG> (Thumb, 48 bytes, Stack size 0 bytes, hardware_init.o(.text.SCB_EnableICache))
<BR><BR>[Called By]<UL><LI><a href="#[112]">&gt;&gt;</a>&nbsp;&nbsp;&nbsp;Cache_Enable
</UL>

<P><STRONG><a name="[16a]"></a>SystemClockInit</STRONG> (Thumb, 214 bytes, Stack size 128 bytes, hardware_init.o(.text.SystemClockInit))
<BR><BR>[Stack]<UL><LI>Max Depth = 192<LI>Call Chain = SystemClockInit &rArr; HAL_RCC_ClockConfig &rArr; HAL_InitTick &rArr; HAL_NVIC_SetPriority
</UL>
<BR>[Calls]<UL><LI><a href="#[13d]">&gt;&gt;</a>&nbsp;&nbsp;&nbsp;HAL_RCC_OscConfig
<LI><a href="#[13a]">&gt;&gt;</a>&nbsp;&nbsp;&nbsp;HAL_RCC_ClockConfig
<LI><a href="#[1fc]">&gt;&gt;</a>&nbsp;&nbsp;&nbsp;HAL_EnableCompensationCell
<LI><a href="#[192]">&gt;&gt;</a>&nbsp;&nbsp;&nbsp;__aeabi_memclr4
</UL>
<BR>[Called By]<UL><LI><a href="#[169]">&gt;&gt;</a>&nbsp;&nbsp;&nbsp;HardwareInit
</UL>

<P><STRONG><a name="[187]"></a>HAL_MPU_Disable</STRONG> (Thumb, 26 bytes, Stack size 0 bytes, lcd.o(.text.HAL_MPU_Disable))
<BR><BR>[Called By]<UL><LI><a href="#[180]">&gt;&gt;</a>&nbsp;&nbsp;&nbsp;LCD_MPU_Config
</UL>

<P><STRONG><a name="[189]"></a>HAL_MPU_Enable</STRONG> (Thumb, 22 bytes, Stack size 0 bytes, lcd.o(.text.HAL_MPU_Enable))
<BR><BR>[Called By]<UL><LI><a href="#[180]">&gt;&gt;</a>&nbsp;&nbsp;&nbsp;LCD_MPU_Config
</UL>

<P><STRONG><a name="[204]"></a>ConvertColor</STRONG> (Thumb, 26 bytes, Stack size 0 bytes, graph.o(.text.ConvertColor))
<BR><BR>[Called By]<UL><LI><a href="#[11a]">&gt;&gt;</a>&nbsp;&nbsp;&nbsp;UIDrawNodeData
<LI><a href="#[118]">&gt;&gt;</a>&nbsp;&nbsp;&nbsp;UIDrawBackground
<LI><a href="#[203]">&gt;&gt;</a>&nbsp;&nbsp;&nbsp;UIDrawLine
</UL>

<P><STRONG><a name="[130]"></a>NVIC_EncodePriority</STRONG> (Thumb, 54 bytes, Stack size 0 bytes, stm32h7xx_hal_cortex.o(.text.NVIC_EncodePriority))
<BR><BR>[Called By]<UL><LI><a href="#[123]">&gt;&gt;</a>&nbsp;&nbsp;&nbsp;HAL_NVIC_SetPriority
</UL>

<P><STRONG><a name="[14b]"></a>SysTick_Config</STRONG> (Thumb, 48 bytes, Stack size 16 bytes, stm32h7xx_hal_cortex.o(.text.SysTick_Config))
<BR><BR>[Stack]<UL><LI>Max Depth = 16<LI>Call Chain = SysTick_Config
</UL>
<BR>[Calls]<UL><LI><a href="#[131]">&gt;&gt;</a>&nbsp;&nbsp;&nbsp;__NVIC_SetPriority
</UL>
<BR>[Called By]<UL><LI><a href="#[122]">&gt;&gt;</a>&nbsp;&nbsp;&nbsp;HAL_SYSTICK_Config
</UL>

<P><STRONG><a name="[12c]"></a>__NVIC_ClearPendingIRQ</STRONG> (Thumb, 32 bytes, Stack size 0 bytes, stm32h7xx_hal_cortex.o(.text.__NVIC_ClearPendingIRQ))
<BR><BR>[Called By]<UL><LI><a href="#[12b]">&gt;&gt;</a>&nbsp;&nbsp;&nbsp;HAL_NVIC_ClearPendingIRQ
</UL>

<P><STRONG><a name="[12e]"></a>__NVIC_EnableIRQ</STRONG> (Thumb, 32 bytes, Stack size 0 bytes, stm32h7xx_hal_cortex.o(.text.__NVIC_EnableIRQ))
<BR><BR>[Called By]<UL><LI><a href="#[12d]">&gt;&gt;</a>&nbsp;&nbsp;&nbsp;HAL_NVIC_EnableIRQ
</UL>

<P><STRONG><a name="[12f]"></a>__NVIC_GetPriorityGrouping</STRONG> (Thumb, 16 bytes, Stack size 0 bytes, stm32h7xx_hal_cortex.o(.text.__NVIC_GetPriorityGrouping))
<BR><BR>[Called By]<UL><LI><a href="#[123]">&gt;&gt;</a>&nbsp;&nbsp;&nbsp;HAL_NVIC_SetPriority
</UL>

<P><STRONG><a name="[131]"></a>__NVIC_SetPriority</STRONG> (Thumb, 34 bytes, Stack size 0 bytes, stm32h7xx_hal_cortex.o(.text.__NVIC_SetPriority))
<BR><BR>[Called By]<UL><LI><a href="#[123]">&gt;&gt;</a>&nbsp;&nbsp;&nbsp;HAL_NVIC_SetPriority
<LI><a href="#[14b]">&gt;&gt;</a>&nbsp;&nbsp;&nbsp;SysTick_Config
</UL>

<P><STRONG><a name="[132]"></a>__NVIC_SetPriorityGrouping</STRONG> (Thumb, 32 bytes, Stack size 0 bytes, stm32h7xx_hal_cortex.o(.text.__NVIC_SetPriorityGrouping))
<BR><BR>[Called By]<UL><LI><a href="#[11f]">&gt;&gt;</a>&nbsp;&nbsp;&nbsp;HAL_NVIC_SetPriorityGrouping
</UL>

<P><STRONG><a name="[137]"></a>RCCEx_PLL2_Config</STRONG> (Thumb, 194 bytes, Stack size 16 bytes, stm32h7xx_hal_rcc_ex.o(.text.RCCEx_PLL2_Config))
<BR><BR>[Stack]<UL><LI>Max Depth = 16<LI>Call Chain = RCCEx_PLL2_Config
</UL>
<BR>[Calls]<UL><LI><a href="#[139]">&gt;&gt;</a>&nbsp;&nbsp;&nbsp;HAL_GetTick
</UL>
<BR>[Called By]<UL><LI><a href="#[136]">&gt;&gt;</a>&nbsp;&nbsp;&nbsp;HAL_RCCEx_PeriphCLKConfig
</UL>

<P><STRONG><a name="[138]"></a>RCCEx_PLL3_Config</STRONG> (Thumb, 194 bytes, Stack size 16 bytes, stm32h7xx_hal_rcc_ex.o(.text.RCCEx_PLL3_Config))
<BR><BR>[Stack]<UL><LI>Max Depth = 16<LI>Call Chain = RCCEx_PLL3_Config
</UL>
<BR>[Calls]<UL><LI><a href="#[139]">&gt;&gt;</a>&nbsp;&nbsp;&nbsp;HAL_GetTick
</UL>
<BR>[Called By]<UL><LI><a href="#[136]">&gt;&gt;</a>&nbsp;&nbsp;&nbsp;HAL_RCCEx_PeriphCLKConfig
</UL>

<P><STRONG><a name="[9c]"></a>UART_DMAAbortOnError</STRONG> (Thumb, 16 bytes, Stack size 0 bytes, stm32h7xx_hal_uart.o(.text.UART_DMAAbortOnError))
<BR><BR>[Calls]<UL><LI><a href="#[159]">&gt;&gt;</a>&nbsp;&nbsp;&nbsp;HAL_UART_ErrorCallback
</UL>
<BR>[Address Reference Count : 1]<UL><LI> stm32h7xx_hal_uart.o(.text.HAL_UART_IRQHandler)
</UL>
<P><STRONG><a name="[15c]"></a>UART_EndRxTransfer</STRONG> (Thumb, 26 bytes, Stack size 0 bytes, stm32h7xx_hal_uart.o(.text.UART_EndRxTransfer))
<BR><BR>[Called By]<UL><LI><a href="#[157]">&gt;&gt;</a>&nbsp;&nbsp;&nbsp;HAL_UART_IRQHandler
</UL>

<P><STRONG><a name="[15e]"></a>UART_EndTransmit_IT</STRONG> (Thumb, 20 bytes, Stack size 0 bytes, stm32h7xx_hal_uart.o(.text.UART_EndTransmit_IT))
<BR><BR>[Calls]<UL><LI><a href="#[1ff]">&gt;&gt;</a>&nbsp;&nbsp;&nbsp;HAL_UART_TxCpltCallback
</UL>
<BR>[Called By]<UL><LI><a href="#[157]">&gt;&gt;</a>&nbsp;&nbsp;&nbsp;HAL_UART_IRQHandler
</UL>

<P><STRONG><a name="[158]"></a>UART_Receive_IT</STRONG> (Thumb, 118 bytes, Stack size 0 bytes, stm32h7xx_hal_uart.o(.text.UART_Receive_IT))
<BR><BR>[Stack]<UL><LI>Max Depth = 168 + Unknown Stack Size
<LI>Call Chain = UART_Receive_IT &rArr; HAL_UART_RxCpltCallback &rArr; ZigBeeReceiveCallBack &rArr; OSTaskQPost &rArr; OS_TaskQPost &rArr; OS_Post &rArr; OS_PendListRemove &rArr; OS_PendListRemove1
</UL>
<BR>[Calls]<UL><LI><a href="#[166]">&gt;&gt;</a>&nbsp;&nbsp;&nbsp;HAL_UART_RxCpltCallback
</UL>
<BR>[Called By]<UL><LI><a href="#[157]">&gt;&gt;</a>&nbsp;&nbsp;&nbsp;HAL_UART_IRQHandler
</UL>

<P><STRONG><a name="[15b]"></a>UART_Transmit_IT</STRONG> (Thumb, 116 bytes, Stack size 0 bytes, stm32h7xx_hal_uart.o(.text.UART_Transmit_IT))
<BR><BR>[Called By]<UL><LI><a href="#[157]">&gt;&gt;</a>&nbsp;&nbsp;&nbsp;HAL_UART_IRQHandler
</UL>

<P><STRONG><a name="[125]"></a>LTDC_SetConfig</STRONG> (Thumb, 316 bytes, Stack size 16 bytes, stm32h7xx_hal_ltdc.o(.text.LTDC_SetConfig))
<BR><BR>[Stack]<UL><LI>Max Depth = 16<LI>Call Chain = LTDC_SetConfig
</UL>
<BR>[Called By]<UL><LI><a href="#[12a]">&gt;&gt;</a>&nbsp;&nbsp;&nbsp;HAL_LTDC_SetWindowSize
<LI><a href="#[129]">&gt;&gt;</a>&nbsp;&nbsp;&nbsp;HAL_LTDC_SetWindowPosition
<LI><a href="#[124]">&gt;&gt;</a>&nbsp;&nbsp;&nbsp;HAL_LTDC_ConfigLayer
</UL>

<P><STRONG><a name="[222]"></a>prvucMBBIN2CHAR</STRONG> (Thumb, 44 bytes, Stack size 0 bytes, mbascii.o(.text.prvucMBBIN2CHAR))
<BR><BR>[Stack]<UL><LI>Max Depth = 64 + Unknown Stack Size
<LI>Call Chain = prvucMBBIN2CHAR &rArr; __aeabi_assert &rArr; abort &rArr; __rt_SIGABRT &rArr; __rt_SIGABRT_inner &rArr; __default_signal_display &rArr; _ttywrch
</UL>
<BR>[Calls]<UL><LI><a href="#[e3]">&gt;&gt;</a>&nbsp;&nbsp;&nbsp;__aeabi_assert
</UL>
<BR>[Called By]<UL><LI><a href="#[b1]">&gt;&gt;</a>&nbsp;&nbsp;&nbsp;xMBASCIITransmitFSM
</UL>

<P><STRONG><a name="[226]"></a>prvucMBCHAR2BIN</STRONG> (Thumb, 40 bytes, Stack size 0 bytes, mbascii.o(.text.prvucMBCHAR2BIN))
<BR><BR>[Called By]<UL><LI><a href="#[b0]">&gt;&gt;</a>&nbsp;&nbsp;&nbsp;xMBASCIIReceiveFSM
</UL>

<P><STRONG><a name="[212]"></a>prvucMBLRC</STRONG> (Thumb, 38 bytes, Stack size 0 bytes, mbascii.o(.text.prvucMBLRC))
<BR><BR>[Called By]<UL><LI><a href="#[ae]">&gt;&gt;</a>&nbsp;&nbsp;&nbsp;eMBASCIISend
<LI><a href="#[af]">&gt;&gt;</a>&nbsp;&nbsp;&nbsp;eMBASCIIReceive
</UL>

<P><STRONG><a name="[103]"></a>CPU_IntDisMeasInit</STRONG> (Thumb, 114 bytes, Stack size 24 bytes, cpu_core.o(.text.CPU_IntDisMeasInit))
<BR><BR>[Stack]<UL><LI>Max Depth = 32 + Unknown Stack Size
<LI>Call Chain = CPU_IntDisMeasInit &rArr; CPU_IntDisMeasStop
</UL>
<BR>[Calls]<UL><LI><a href="#[105]">&gt;&gt;</a>&nbsp;&nbsp;&nbsp;CPU_SR_Save
<LI><a href="#[108]">&gt;&gt;</a>&nbsp;&nbsp;&nbsp;CPU_SR_Restore
<LI><a href="#[107]">&gt;&gt;</a>&nbsp;&nbsp;&nbsp;CPU_IntDisMeasStop
<LI><a href="#[106]">&gt;&gt;</a>&nbsp;&nbsp;&nbsp;CPU_IntDisMeasStart
</UL>
<BR>[Called By]<UL><LI><a href="#[101]">&gt;&gt;</a>&nbsp;&nbsp;&nbsp;CPU_Init
</UL>

<P><STRONG><a name="[10a]"></a>CPU_IntDisMeasMaxCalc</STRONG> (Thumb, 20 bytes, Stack size 0 bytes, cpu_core.o(.text.CPU_IntDisMeasMaxCalc))
<BR><BR>[Called By]<UL><LI><a href="#[10c]">&gt;&gt;</a>&nbsp;&nbsp;&nbsp;CPU_IntDisMeasMaxGet
<LI><a href="#[109]">&gt;&gt;</a>&nbsp;&nbsp;&nbsp;CPU_IntDisMeasMaxCurGet
</UL>

<P><STRONG><a name="[104]"></a>CPU_NameInit</STRONG> (Thumb, 4 bytes, Stack size 0 bytes, cpu_core.o(.text.CPU_NameInit))
<BR><BR>[Stack]<UL><LI>Max Depth = 16 + Unknown Stack Size
<LI>Call Chain = CPU_NameInit &rArr; CPU_NameClr &rArr; CPU_IntDisMeasStop
</UL>
<BR>[Calls]<UL><LI><a href="#[10e]">&gt;&gt;</a>&nbsp;&nbsp;&nbsp;CPU_NameClr
</UL>
<BR>[Called By]<UL><LI><a href="#[101]">&gt;&gt;</a>&nbsp;&nbsp;&nbsp;CPU_Init
</UL>

<P><STRONG><a name="[102]"></a>CPU_TS_Init</STRONG> (Thumb, 16 bytes, Stack size 0 bytes, cpu_core.o(.text.CPU_TS_Init))
<BR><BR>[Stack]<UL><LI>Max Depth = 32<LI>Call Chain = CPU_TS_Init &rArr; CPU_TS_TmrInit &rArr; BSP_CPU_ClkFreq &rArr; HAL_RCC_GetHCLKFreq &rArr; HAL_RCCEx_GetD1SysClockFreq &rArr; HAL_RCC_GetSysClockFreq
</UL>
<BR>[Calls]<UL><LI><a href="#[110]">&gt;&gt;</a>&nbsp;&nbsp;&nbsp;CPU_TS_TmrInit
</UL>
<BR>[Called By]<UL><LI><a href="#[101]">&gt;&gt;</a>&nbsp;&nbsp;&nbsp;CPU_Init
</UL>

<P><STRONG><a name="[1f1]"></a>OS_TickListUpdateDly</STRONG> (Thumb, 144 bytes, Stack size 32 bytes, os_tick.o(.text.OS_TickListUpdateDly))
<BR><BR>[Stack]<UL><LI>Max Depth = 40 + Unknown Stack Size
<LI>Call Chain = OS_TickListUpdateDly &rArr; CPU_IntDisMeasStop
</UL>
<BR>[Calls]<UL><LI><a href="#[105]">&gt;&gt;</a>&nbsp;&nbsp;&nbsp;CPU_SR_Save
<LI><a href="#[108]">&gt;&gt;</a>&nbsp;&nbsp;&nbsp;CPU_SR_Restore
<LI><a href="#[107]">&gt;&gt;</a>&nbsp;&nbsp;&nbsp;CPU_IntDisMeasStop
<LI><a href="#[106]">&gt;&gt;</a>&nbsp;&nbsp;&nbsp;CPU_IntDisMeasStart
<LI><a href="#[10d]">&gt;&gt;</a>&nbsp;&nbsp;&nbsp;CPU_TS_TmrRd
<LI><a href="#[1e8]">&gt;&gt;</a>&nbsp;&nbsp;&nbsp;OS_RdyListInsert
</UL>
<BR>[Called By]<UL><LI><a href="#[a0]">&gt;&gt;</a>&nbsp;&nbsp;&nbsp;OS_TickTask
</UL>

<P><STRONG><a name="[1f2]"></a>OS_TickListUpdateTimeout</STRONG> (Thumb, 248 bytes, Stack size 40 bytes, os_tick.o(.text.OS_TickListUpdateTimeout))
<BR><BR>[Stack]<UL><LI>Max Depth = 96 + Unknown Stack Size
<LI>Call Chain = OS_TickListUpdateTimeout &rArr; OS_TaskChangePrio &rArr; OS_PendListChangePrio &rArr; OS_PendListRemove1
</UL>
<BR>[Calls]<UL><LI><a href="#[105]">&gt;&gt;</a>&nbsp;&nbsp;&nbsp;CPU_SR_Save
<LI><a href="#[108]">&gt;&gt;</a>&nbsp;&nbsp;&nbsp;CPU_SR_Restore
<LI><a href="#[107]">&gt;&gt;</a>&nbsp;&nbsp;&nbsp;CPU_IntDisMeasStop
<LI><a href="#[106]">&gt;&gt;</a>&nbsp;&nbsp;&nbsp;CPU_IntDisMeasStart
<LI><a href="#[10d]">&gt;&gt;</a>&nbsp;&nbsp;&nbsp;CPU_TS_TmrRd
<LI><a href="#[1e8]">&gt;&gt;</a>&nbsp;&nbsp;&nbsp;OS_RdyListInsert
<LI><a href="#[1c8]">&gt;&gt;</a>&nbsp;&nbsp;&nbsp;OS_PendListRemove
<LI><a href="#[1ad]">&gt;&gt;</a>&nbsp;&nbsp;&nbsp;OS_TaskChangePrio
<LI><a href="#[1b1]">&gt;&gt;</a>&nbsp;&nbsp;&nbsp;OS_MutexGrpPrioFindHighest
</UL>
<BR>[Called By]<UL><LI><a href="#[a0]">&gt;&gt;</a>&nbsp;&nbsp;&nbsp;OS_TickTask
</UL>

<P><STRONG><a name="[1f3]"></a>OS_TmrLock</STRONG> (Thumb, 32 bytes, Stack size 24 bytes, os_tmr.o(.text.OS_TmrLock))
<BR><BR>[Stack]<UL><LI>Max Depth = 144 + Unknown Stack Size
<LI>Call Chain = OS_TmrLock &rArr; OSMutexPend &rArr; OS_TaskChangePrio &rArr; OS_PendListChangePrio &rArr; OS_PendListRemove1
</UL>
<BR>[Calls]<UL><LI><a href="#[119]">&gt;&gt;</a>&nbsp;&nbsp;&nbsp;OSMutexPend
</UL>
<BR>[Called By]<UL><LI><a href="#[a1]">&gt;&gt;</a>&nbsp;&nbsp;&nbsp;OS_TmrTask
</UL>

<P><STRONG><a name="[1f4]"></a>OS_TmrUnlock</STRONG> (Thumb, 26 bytes, Stack size 16 bytes, os_tmr.o(.text.OS_TmrUnlock))
<BR><BR>[Stack]<UL><LI>Max Depth = 120 + Unknown Stack Size
<LI>Call Chain = OS_TmrUnlock &rArr; OSMutexPost &rArr; OS_Post &rArr; OS_PendListRemove &rArr; OS_PendListRemove1
</UL>
<BR>[Calls]<UL><LI><a href="#[11b]">&gt;&gt;</a>&nbsp;&nbsp;&nbsp;OSMutexPost
</UL>
<BR>[Called By]<UL><LI><a href="#[a1]">&gt;&gt;</a>&nbsp;&nbsp;&nbsp;OS_TmrTask
</UL>

<P><STRONG><a name="[ea]"></a>_fp_digits</STRONG> (Thumb, 432 bytes, Stack size 96 bytes, _printf_fp_dec.o(.text))
<BR><BR>[Stack]<UL><LI>Max Depth = 220<LI>Call Chain = _fp_digits &rArr; _btod_etento &rArr; _btod_emul &rArr; _e2e
</UL>
<BR>[Calls]<UL><LI><a href="#[eb]">&gt;&gt;</a>&nbsp;&nbsp;&nbsp;_btod_etento
<LI><a href="#[ef]">&gt;&gt;</a>&nbsp;&nbsp;&nbsp;_ll_udiv10
<LI><a href="#[ee]">&gt;&gt;</a>&nbsp;&nbsp;&nbsp;_btod_emul
<LI><a href="#[ed]">&gt;&gt;</a>&nbsp;&nbsp;&nbsp;_btod_ediv
<LI><a href="#[ec]">&gt;&gt;</a>&nbsp;&nbsp;&nbsp;_btod_d2e
</UL>
<BR>[Called By]<UL><LI><a href="#[f0]">&gt;&gt;</a>&nbsp;&nbsp;&nbsp;_printf_fp_dec_real
</UL>

<P><STRONG><a name="[9b]"></a>_printf_input_char</STRONG> (Thumb, 10 bytes, Stack size 0 bytes, _printf_char_common.o(.text))
<BR>[Address Reference Count : 1]<UL><LI> _printf_char_common.o(.text)
</UL><P>
<H3>
Undefined Global Symbols
</H3><HR></body></html>
