Component: ARM Compiler 6.10.1 Tool: armlink [5d142800]

==============================================================================

Section Cross References

    os_core.o(.text) refers to os_cpu_c.o(.text) for OSInitHookBegin
    os_core.o(.text) refers to os_flag.o(.text) for OS_FlagInit
    os_core.o(.text) refers to os_q.o(.text) for OS_QInit
    os_core.o(.text) refers to os_tmr.o(.text) for OSTmr_Init
    os_core.o(.text) refers to os_core.o(.bss.OSTime) for OSTime
    os_core.o(.text) refers to os_core.o(.bss.OSIntNesting) for OSIntNesting
    os_core.o(.text) refers to os_core.o(.bss.OSLockNesting) for OSLockNesting
    os_core.o(.text) refers to os_core.o(.bss.OSTaskCtr) for OSTaskCtr
    os_core.o(.text) refers to os_core.o(.bss.OSRunning) for OSRunning
    os_core.o(.text) refers to os_core.o(.bss.OSCtxSwCtr) for OSCtxSwCtr
    os_core.o(.text) refers to os_core.o(.bss.OSIdleCtr) for OSIdleCtr
    os_core.o(.text) refers to os_core.o(.bss.OSRdyTbl) for OSRdyTbl
    os_core.o(.text) refers to os_core.o(.bss.OSRdyGrp) for OSRdyGrp
    os_core.o(.text) refers to os_core.o(.bss.OSPrioCur) for OSPrioCur
    os_core.o(.text) refers to os_core.o(.bss.OSPrioHighRdy) for OSPrioHighRdy
    os_core.o(.text) refers to os_core.o(.bss.OSTCBHighRdy) for OSTCBHighRdy
    os_core.o(.text) refers to os_core.o(.bss.OSTCBCur) for OSTCBCur
    os_core.o(.text) refers to os_core.o(.bss.OSTCBTbl) for OSTCBTbl
    os_core.o(.text) refers to os_core.o(.bss.OSTCBPrioTbl) for OSTCBPrioTbl
    os_core.o(.text) refers to os_core.o(.rodata.str1.1) for .L.str
    os_core.o(.text) refers to os_core.o(.bss.OSTCBList) for OSTCBList
    os_core.o(.text) refers to os_core.o(.bss.OSTCBFreeList) for OSTCBFreeList
    os_core.o(.text) refers to os_core.o(.bss.OSEventTbl) for OSEventTbl
    os_core.o(.text) refers to os_core.o(.bss.OSEventFreeList) for OSEventFreeList
    os_core.o(.text) refers to os_core.o(.bss.OSTaskIdleStk) for OSTaskIdleStk
    os_core.o(.text) refers to os_task.o(.text) for OSTaskCreateExt
    os_core.o(.text) refers to os_cpu_a.o(.text) for OS_CPU_SR_Save
    os_core.o(.text) refers to os_core.o(.rodata.OSUnMapTbl) for OSUnMapTbl
    os_core.o(.text) refers to os_core.o(.bss.OSTickStepState) for OSTickStepState
    os_core.o(.text) refers to rt_memclr.o(.text) for __aeabi_memclr
    os_core.o(.ARM.exidx) refers to os_core.o(.text) for [Anonymous Symbol]
    os_mbox.o(.text) refers to os_cpu_a.o(.text) for OS_CPU_SR_Save
    os_mbox.o(.text) refers to os_core.o(.bss.OSIntNesting) for OSIntNesting
    os_mbox.o(.text) refers to os_core.o(.bss.OSEventFreeList) for OSEventFreeList
    os_mbox.o(.text) refers to os_core.o(.text) for OS_EventWaitListInit
    os_mbox.o(.text) refers to os_core.o(.bss.OSLockNesting) for OSLockNesting
    os_mbox.o(.text) refers to os_core.o(.bss.OSTCBCur) for OSTCBCur
    os_mbox.o(.ARM.exidx) refers to Unwind-EHABI.cpp.o(.text.__aeabi_unwind_cpp_pr0) for __aeabi_unwind_cpp_pr0
    os_mbox.o(.ARM.exidx) refers to os_mbox.o(.text) for [Anonymous Symbol]
    os_flag.o(.text) refers to os_cpu_a.o(.text) for OS_CPU_SR_Save
    os_flag.o(.text) refers to os_core.o(.bss.OSIntNesting) for OSIntNesting
    os_flag.o(.text) refers to os_core.o(.bss.OSFlagFreeList) for OSFlagFreeList
    os_flag.o(.text) refers to os_flag.o(.rodata.str1.1) for .L.str
    os_flag.o(.text) refers to os_core.o(.text) for OS_Sched
    os_flag.o(.text) refers to os_core.o(.bss.OSRdyGrp) for OSRdyGrp
    os_flag.o(.text) refers to os_core.o(.bss.OSRdyTbl) for OSRdyTbl
    os_flag.o(.text) refers to os_core.o(.bss.OSLockNesting) for OSLockNesting
    os_flag.o(.text) refers to os_core.o(.bss.OSTCBCur) for OSTCBCur
    os_flag.o(.text) refers to os_core.o(.bss.OSFlagTbl) for OSFlagTbl
    os_flag.o(.ARM.exidx) refers to os_flag.o(.text) for [Anonymous Symbol]
    os_mutex.o(.text) refers to os_core.o(.bss.OSIntNesting) for OSIntNesting
    os_mutex.o(.text) refers to os_cpu_a.o(.text) for OS_CPU_SR_Save
    os_mutex.o(.text) refers to os_core.o(.bss.OSTCBCur) for OSTCBCur
    os_mutex.o(.text) refers to os_core.o(.bss.OSTCBPrioTbl) for OSTCBPrioTbl
    os_mutex.o(.text) refers to os_core.o(.bss.OSEventFreeList) for OSEventFreeList
    os_mutex.o(.text) refers to os_core.o(.text) for OS_EventWaitListInit
    os_mutex.o(.text) refers to os_core.o(.bss.OSRdyTbl) for OSRdyTbl
    os_mutex.o(.text) refers to os_core.o(.bss.OSRdyGrp) for OSRdyGrp
    os_mutex.o(.text) refers to os_core.o(.bss.OSPrioCur) for OSPrioCur
    os_mutex.o(.text) refers to os_core.o(.bss.OSLockNesting) for OSLockNesting
    os_mutex.o(.ARM.exidx) refers to os_mutex.o(.text) for [Anonymous Symbol]
    os_q.o(.text) refers to os_cpu_a.o(.text) for OS_CPU_SR_Save
    os_q.o(.text) refers to os_core.o(.bss.OSIntNesting) for OSIntNesting
    os_q.o(.text) refers to os_core.o(.bss.OSEventFreeList) for OSEventFreeList
    os_q.o(.text) refers to os_core.o(.bss.OSQFreeList) for OSQFreeList
[...]
    Removing libunwind.cpp.o(.text._ZN9libunwind12UnwindCursorINS_17LocalAddressSpaceENS_13Registers_armEE10saveVFPAsXEv), (8 bytes).
    Removing libunwind.cpp.o(.ARM.exidx.text._ZN9libunwind12UnwindCursorINS_17LocalAddressSpaceENS_13Registers_armEE10saveVFPAsXEv), (8 bytes).
    Removing libunwind.cpp.o(.text._ZN9libunwind12UnwindCursorINS_17LocalAddressSpaceENS_13Registers_armEE13stepWithEHABIEv), (48 bytes).
    Removing libunwind.cpp.o(.ARM.exidx.text._ZN9libunwind12UnwindCursorINS_17LocalAddressSpaceENS_13Registers_armEE13stepWithEHABIEv), (8 bytes).
    Removing libunwind.cpp.o(.text._ZN9libunwind13Registers_arm26restoreSavedFloatRegistersEv), (50 bytes).
    Removing libunwind.cpp.o(.ARM.exidx.text._ZN9libunwind13Registers_arm26restoreSavedFloatRegistersEv), (8 bytes).
    Removing libunwind.cpp.o(.text._ZN9libunwind12UnwindCursorINS_17LocalAddressSpaceENS_13Registers_armEE23getInfoFromEHABISectionEjRKNS_18UnwindInfoSectionsE), (400 bytes).
    Removing libunwind.cpp.o(.ARM.exidx.text._ZN9libunwind12UnwindCursorINS_17LocalAddressSpaceENS_13Registers_armEE23getInfoFromEHABISectionEjRKNS_18UnwindInfoSectionsE), (8 bytes).
    Removing libunwind.cpp.o(.text._ZNSt3__113__upper_boundIRNS_6__lessIjjEEN9libunwind20EHABISectionIteratorINS4_17LocalAddressSpaceEEEjEET0_S8_S8_RKT1_T_), (90 bytes).
    Removing libunwind.cpp.o(.ARM.exidx.text._ZNSt3__113__upper_boundIRNS_6__lessIjjEEN9libunwind20EHABISectionIteratorINS4_17LocalAddressSpaceEEEjEET0_S8_S8_RKT1_T_), (8 bytes).
    Removing libunwind.cpp.o(.text._ZN9libunwind13Registers_arm15getRegisterNameEi), (916 bytes).
    Removing libunwind.cpp.o(.ARM.exidx.text._ZN9libunwind13Registers_arm15getRegisterNameEi), (8 bytes).
    Removing libunwind.cpp.o(.rodata._ZTVN9libunwind12UnwindCursorINS_17LocalAddressSpaceENS_13Registers_armEEE), (72 bytes).

158 unused section(s) (total 16418 bytes) removed from the image.

==============================================================================

Image Symbol Table

    Local Symbols

    Symbol Name                              Value     Ov Type        Size  Object(Section)

    ../clib/angel/boardlib.s                 0x00000000   Number         0  boardinit2.o ABSOLUTE
    ../clib/angel/boardlib.s                 0x00000000   Number         0  boardinit3.o ABSOLUTE
    ../clib/angel/boardlib.s                 0x00000000   Number         0  boardinit1.o ABSOLUTE
    ../clib/angel/boardlib.s                 0x00000000   Number         0  boardshut.o ABSOLUTE
    ../clib/angel/handlers.s                 0x00000000   Number         0  __scatter_copy.o ABSOLUTE
    ../clib/angel/handlers.s                 0x00000000   Number         0  __scatter_zi.o ABSOLUTE
    ../clib/angel/kernel.s                   0x00000000   Number         0  __rtentry.o ABSOLUTE
    ../clib/angel/kernel.s                   0x00000000   Number         0  rtexit.o ABSOLUTE
    ../clib/angel/kernel.s                   0x00000000   Number         0  rtexit2.o ABSOLUTE
    ../clib/angel/kernel.s                   0x00000000   Number         0  __rtentry4.o ABSOLUTE
    ../clib/angel/kernel.s                   0x00000000   Number         0  __rtentry2.o ABSOLUTE
    ../clib/angel/rt.s                       0x00000000   Number         0  rt_raise.o ABSOLUTE
    ../clib/angel/scatter.s                  0x00000000   Number         0  __scatter.o ABSOLUTE
    ../clib/angel/startup.s                  0x00000000   Number         0  __main.o ABSOLUTE
    ../clib/angel/sys.s                      0x00000000   Number         0  libspace.o ABSOLUTE
    ../clib/angel/sys.s                      0x00000000   Number         0  use_no_semi.o ABSOLUTE
    ../clib/angel/sys.s                      0x00000000   Number         0  indicate_semi.o ABSOLUTE
    ../clib/angel/sys.s                      0x00000000   Number         0  sys_stackheap_outer.o ABSOLUTE
    ../clib/angel/sysapp.c                   0x00000000   Number         0  sys_wrch_hlt.o ABSOLUTE
    ../clib/angel/sysapp.c                   0x00000000   Number         0  sys_wrch.o ABSOLUTE
    ../clib/angel/sysapp.c                   0x00000000   Number         0  sys_exit_hlt.o ABSOLUTE
    ../clib/angel/sysapp.c                   0x00000000   Number         0  sys_command_hlt.o ABSOLUTE
    ../clib/angel/sysapp.c                   0x00000000   Number         0  sys_command.o ABSOLUTE
    ../clib/angel/sysapp.c                   0x00000000   Number         0  sys_exit.o ABSOLUTE
    ../clib/armsys.c                         0x00000000   Number         0  argv_veneer.o ABSOLUTE
    ../clib/armsys.c                         0x00000000   Number         0  argv_veneer.o ABSOLUTE
    ../clib/armsys.c                         0x00000000   Number         0  no_argv.o ABSOLUTE
    ../clib/armsys.c                         0x00000000   Number         0  _get_argv_nomalloc.o ABSOLUTE
    ../clib/heapalloc.c                      0x00000000   Number         0  hrguard.o ABSOLUTE
    ../clib/heapaux.c                        0x00000000   Number         0  heapauxi.o ABSOLUTE
    ../clib/libinit.s                        0x00000000   Number         0  libinit.o ABSOLUTE
    ../clib/libinit.s                        0x00000000   Number         0  libinit2.o ABSOLUTE
    ../clib/libinit.s                        0x00000000   Number         0  libshutdown2.o ABSOLUTE
    ../clib/libinit.s                        0x00000000   Number         0  libshutdown.o ABSOLUTE
    ../clib/memcpset.s                       0x00000000   Number         0  rt_memclr_w.o ABSOLUTE
    ../clib/memcpset.s                       0x00000000   Number         0  rt_memclr.o ABSOLUTE
    ../clib/memcpset.s                       0x00000000   Number         0  rt_memcpy_v6.o ABSOLUTE
    ../clib/memcpset.s                       0x00000000   Number         0  rt_memcpy_w.o ABSOLUTE
    ../clib/signal.c                         0x00000000   Number         0  defsig_rtmem_formal.o ABSOLUTE
    ../clib/signal.c                         0x00000000   Number         0  defsig_rtmem_inner.o ABSOLUTE
    ../clib/signal.c                         0x00000000   Number         0  defsig_fpe_inner.o ABSOLUTE
    ../clib/signal.c                         0x00000000   Number         0  defsig_abrt_outer.o ABSOLUTE
    ../clib/signal.c                         0x00000000   Number         0  defsig_rtred_inner.o ABSOLUTE
    ../clib/signal.c                         0x00000000   Number         0  defsig_general.o ABSOLUTE
    ../clib/signal.c                         0x00000000   Number         0  __raise.o ABSOLUTE
    ../clib/signal.c                         0x00000000   Number         0  defsig_abrt_inner.o ABSOLUTE
    ../clib/signal.c                         0x00000000   Number         0  defsig_exit.o ABSOLUTE
    ../clib/signal.c                         0x00000000   Number         0  defsig_abrt_formal.o ABSOLUTE
    ../clib/signal.c                         0x00000000   Number         0  defsig_other.o ABSOLUTE
    ../clib/signal.c                         0x00000000   Number         0  defsig_rtmem_outer.o ABSOLUTE
    ../clib/signal.c                         0x00000000   Number         0  defsig_segv_inner.o ABSOLUTE
    ../clib/signal.c                         0x00000000   Number         0  defsig_cppl_inner.o ABSOLUTE
    ../clib/signal.c                         0x00000000   Number         0  defsig_pvfn_inner.o ABSOLUTE
    ../clib/signal.c                         0x00000000   Number         0  defsig_stak_inner.o ABSOLUTE
    ../clib/signal.s                         0x00000000   Number         0  defsig.o ABSOLUTE
    ../clib/stdlib.c                         0x00000000   Number         0  abort.o ABSOLUTE
    ../clib/stdlib.c                         0x00000000   Number         0  exit.o ABSOLUTE
    ../fplib/d2f.s                           0x00000000   Number         0  d2f.o ABSOLUTE
    ../fplib/daddsub.s                       0x00000000   Number         0  daddsub_clz.o ABSOLUTE
    ../fplib/dflt.s                          0x00000000   Number         0  dflt_clz.o ABSOLUTE
    ../fplib/dmul.s                          0x00000000   Number         0  dmul.o ABSOLUTE
    ../fplib/dnaninf.s                       0x00000000   Number         0  dnaninf.o ABSOLUTE
    ../fplib/dretinf.s                       0x00000000   Number         0  dretinf.o ABSOLUTE
    ../fplib/f2d.s                           0x00000000   Number         0  f2d.o ABSOLUTE
    ../fplib/fflt.s                          0x00000000   Number         0  fflt_clz.o ABSOLUTE
    ../fplib/fnaninf.s                       0x00000000   Number         0  fnaninf.o ABSOLUTE
    ../fplib/fpinit.s                        0x00000000   Number         0  fpinit.o ABSOLUTE
    ../fplib/fretinf.s                       0x00000000   Number         0  fretinf.o ABSOLUTE
    ../fplib/usenofp.s                       0x00000000   Number         0  usenofp.o ABSOLUTE
    ..\UCOSII\PORT\os_cpu_a.S                0x00000000   Number         0  os_cpu_a.o ABSOLUTE
    RTE\Device\STM32F103C8\startup_stm32f10x_md.s 0x00000000   Number         0  startup_stm32f10x_md.o ABSOLUTE
    Unwind-EHABI.cpp                         0x00000000   Number         0  Unwind-EHABI.cpp.o ABSOLUTE
    bitBand.cpp                              0x00000000   Number         0  bitband.o ABSOLUTE
    bsp.cpp                                  0x00000000   Number         0  bsp.o ABSOLUTE
    dc.s                                     0x00000000   Number         0  dc.o ABSOLUTE
    debug.cpp                                0x00000000   Number         0  debug.o ABSOLUTE
    delay.cpp                                0x00000000   Number         0  delay.o ABSOLUTE
    dht11.cpp                                0x00000000   Number         0  dht11.o ABSOLUTE
    led.cpp                                  0x00000000   Number         0  led.o ABSOLUTE
    libunwind.cpp                            0x00000000   Number         0  libunwind.cpp.o ABSOLUTE
    main.cpp                                 0x00000000   Number         0  main.o ABSOLUTE
    method.cpp                               0x00000000   Number         0  method.o ABSOLUTE
    misc.c                                   0x00000000   Number         0  misc.o ABSOLUTE
    os_core.c                                0x00000000   Number         0  os_core.o ABSOLUTE
    os_cpu_c.c                               0x00000000   Number         0  os_cpu_c.o ABSOLUTE
    os_dbg.c                                 0x00000000   Number         0  os_dbg.o ABSOLUTE
    os_flag.c                                0x00000000   Number         0  os_flag.o ABSOLUTE
    os_mbox.c                                0x00000000   Number         0  os_mbox.o ABSOLUTE
    os_mem.c                                 0x00000000   Number         0  os_mem.o ABSOLUTE
    os_mutex.c                               0x00000000   Number         0  os_mutex.o ABSOLUTE
    os_q.c                                   0x00000000   Number         0  os_q.o ABSOLUTE
    os_sem.c                                 0x00000000   Number         0  os_sem.o ABSOLUTE
    os_task.c                                0x00000000   Number         0  os_task.o ABSOLUTE
    os_time.c                                0x00000000   Number         0  os_time.o ABSOLUTE
    os_tmr.c                                 0x00000000   Number         0  os_tmr.o ABSOLUTE
    stm32f10x_adc.c                          0x00000000   Number         0  stm32f10x_adc.o ABSOLUTE
    stm32f10x_exti.c                         0x00000000   Number         0  stm32f10x_exti.o ABSOLUTE
    stm32f10x_gpio.c                         0x00000000   Number         0  stm32f10x_gpio.o ABSOLUTE
    stm32f10x_i2c.c                          0x00000000   Number         0  stm32f10x_i2c.o ABSOLUTE
    stm32f10x_it.cpp                         0x00000000   Number         0  stm32f10x_it.o ABSOLUTE
    stm32f10x_rcc.c                          0x00000000   Number         0  stm32f10x_rcc.o ABSOLUTE
    stm32f10x_spi.c                          0x00000000   Number         0  stm32f10x_spi.o ABSOLUTE
    stm32f10x_tim.c                          0x00000000   Number         0  stm32f10x_tim.o ABSOLUTE
    stm32f10x_usart.c                        0x00000000   Number         0  stm32f10x_usart.o ABSOLUTE
    system_stm32f10x.c                       0x00000000   Number         0  system_stm32f10x.o ABSOLUTE
    task.cpp                                 0x00000000   Number         0  task.o ABSOLUTE
    transportLayer.cpp                       0x00000000   Number         0  transportlayer.o ABSOLUTE
    usart.cpp                                0x00000000   Number         0  usart.o ABSOLUTE
    RESET                                    0x08000000   Section      236  startup_stm32f10x_md.o(RESET)
    !!!main                                  0x080000ec   Section        8  __main.o(!!!main)
    !!!scatter                               0x080000f4   Section       52  __scatter.o(!!!scatter)
    !!handler_copy                           0x08000128   Section       26  __scatter_copy.o(!!handler_copy)
    !!handler_zi                             0x08000144   Section       28  __scatter_zi.o(!!handler_zi)
    .ARM.Collect$$libinit$$00000000          0x08000160   Section        2  libinit.o(.ARM.Collect$$libinit$$00000000)
    .ARM.Collect$$libinit$$00000002          0x08000162   Section        0  libinit2.o(.ARM.Collect$$libinit$$00000002)
    .ARM.Collect$$libinit$$00000004          0x08000162   Section        0  libinit2.o(.ARM.Collect$$libinit$$00000004)
    .ARM.Collect$$libinit$$0000000A          0x08000162   Section        0  libinit2.o(.ARM.Collect$$libinit$$0000000A)
    .ARM.Collect$$libinit$$0000000C          0x08000162   Section        0  libinit2.o(.ARM.Collect$$libinit$$0000000C)
    .ARM.Collect$$libinit$$0000000E          0x08000162   Section        0  libinit2.o(.ARM.Collect$$libinit$$0000000E)
    .ARM.Collect$$libinit$$00000011          0x08000162   Section        0  libinit2.o(.ARM.Collect$$libinit$$00000011)
    .ARM.Collect$$libinit$$00000013          0x08000162   Section        0  libinit2.o(.ARM.Collect$$libinit$$00000013)
    .ARM.Collect$$libinit$$00000015          0x08000162   Section        0  libinit2.o(.ARM.Collect$$libinit$$00000015)
    .ARM.Collect$$libinit$$00000017          0x08000162   Section        0  libinit2.o(.ARM.Collect$$libinit$$00000017)
    .ARM.Collect$$libinit$$00000019          0x08000162   Section        0  libinit2.o(.ARM.Collect$$libinit$$00000019)
    .ARM.Collect$$libinit$$0000001B          0x08000162   Section        0  libinit2.o(.ARM.Collect$$libinit$$0000001B)
    .ARM.Collect$$libinit$$0000001D          0x08000162   Section        0  libinit2.o(.ARM.Collect$$libinit$$0000001D)
    .ARM.Collect$$libinit$$0000001F          0x08000162   Section        0  libinit2.o(.ARM.Collect$$libinit$$0000001F)
    .ARM.Collect$$libinit$$00000021          0x08000162   Section        0  libinit2.o(.ARM.Collect$$libinit$$00000021)
    .ARM.Collect$$libinit$$00000023          0x08000162   Section        0  libinit2.o(.ARM.Collect$$libinit$$00000023)
    .ARM.Collect$$libinit$$00000025          0x08000162   Section        0  libinit2.o(.ARM.Collect$$libinit$$00000025)
    .ARM.Collect$$libinit$$0000002C          0x08000162   Section        0  libinit2.o(.ARM.Collect$$libinit$$0000002C)
    .ARM.Collect$$libinit$$0000002E          0x08000162   Section        0  libinit2.o(.ARM.Collect$$libinit$$0000002E)
    .ARM.Collect$$libinit$$00000030          0x08000162   Section        0  libinit2.o(.ARM.Collect$$libinit$$00000030)
    .ARM.Collect$$libinit$$00000032          0x08000162   Section        0  libinit2.o(.ARM.Collect$$libinit$$00000032)
    .ARM.Collect$$libinit$$00000033          0x08000162   Section        2  libinit2.o(.ARM.Collect$$libinit$$00000033)
    .ARM.Collect$$libshutdown$$00000000      0x08000164   Section        2  libshutdown.o(.ARM.Collect$$libshutdown$$00000000)
    .ARM.Collect$$libshutdown$$00000002      0x08000166   Section        0  libshutdown2.o(.ARM.Collect$$libshutdown$$00000002)
    .ARM.Collect$$libshutdown$$00000004      0x08000166   Section        0  libshutdown2.o(.ARM.Collect$$libshutdown$$00000004)
    .ARM.Collect$$libshutdown$$00000007      0x08000166   Section        0  libshutdown2.o(.ARM.Collect$$libshutdown$$00000007)
    .ARM.Collect$$libshutdown$$0000000A      0x08000166   Section        0  libshutdown2.o(.ARM.Collect$$libshutdown$$0000000A)
    .ARM.Collect$$libshutdown$$0000000C      0x08000166   Section        0  libshutdown2.o(.ARM.Collect$$libshutdown$$0000000C)
    .ARM.Collect$$libshutdown$$0000000F      0x08000166   Section        0  libshutdown2.o(.ARM.Collect$$libshutdown$$0000000F)
    .ARM.Collect$$libshutdown$$00000010      0x08000166   Section        2  libshutdown2.o(.ARM.Collect$$libshutdown$$00000010)
    .ARM.Collect$$rtentry$$00000000          0x08000168   Section        0  __rtentry.o(.ARM.Collect$$rtentry$$00000000)
    .ARM.Collect$$rtentry$$00000002          0x08000168   Section        0  __rtentry2.o(.ARM.Collect$$rtentry$$00000002)
    .ARM.Collect$$rtentry$$00000004          0x08000168   Section        6  __rtentry4.o(.ARM.Collect$$rtentry$$00000004)
    .ARM.Collect$$rtentry$$00000009          0x0800016e   Section        0  __rtentry2.o(.ARM.Collect$$rtentry$$00000009)
    .ARM.Collect$$rtentry$$0000000A          0x0800016e   Section        4  __rtentry2.o(.ARM.Collect$$rtentry$$0000000A)
    .ARM.Collect$$rtentry$$0000000C          0x08000172   Section        0  __rtentry2.o(.ARM.Collect$$rtentry$$0000000C)
    .ARM.Collect$$rtentry$$0000000D          0x08000172   Section        8  __rtentry2.o(.ARM.Collect$$rtentry$$0000000D)
    .ARM.Collect$$rtexit$$00000000           0x0800017a   Section        2  rtexit.o(.ARM.Collect$$rtexit$$00000000)
    .ARM.Collect$$rtexit$$00000002           0x0800017c   Section        0  rtexit2.o(.ARM.Collect$$rtexit$$00000002)
    .ARM.Collect$$rtexit$$00000003           0x0800017c   Section        4  rtexit2.o(.ARM.Collect$$rtexit$$00000003)
    .ARM.Collect$$rtexit$$00000004           0x08000180   Section        6  rtexit2.o(.ARM.Collect$$rtexit$$00000004)
    [Anonymous Symbol]                       0x08000188   Section        0  os_core.o(.text)
    OS_InitMisc                              0x080001b9   Thumb Code    74  os_core.o(.text)
    OS_InitRdyList                           0x08000205   Thumb Code    66  os_core.o(.text)
    OS_InitTCBList                           0x08000249   Thumb Code    98  os_core.o(.text)
    OS_InitEventList                         0x080002ad   Thumb Code    64  os_core.o(.text)
    OS_InitTaskIdle                          0x080002ed   Thumb Code    84  os_core.o(.text)
    OS_SchedNew                              0x08000401   Thumb Code    48  os_core.o(.text)
    [Anonymous Symbol]                       0x08000928   Section        0  os_flag.o(.text)
    OS_FlagTaskRdy                           0x08000b29   Thumb Code    78  os_flag.o(.text)
    OS_FlagBlock                             0x08000dc9   Thumb Code   128  os_flag.o(.text)
    [Anonymous Symbol]                       0x08000fcc   Section        0  os_q.o(.text)
    [Anonymous Symbol]                       0x080014f4   Section        0  os_sem.o(.text)
    [Anonymous Symbol]                       0x08001810   Section        0  os_task.o(.text)
    [Anonymous Symbol]                       0x08001fdc   Section        0  os_time.o(.text)
    [Anonymous Symbol]                       0x08002198   Section        0  os_tmr.o(.text)
    OSTmr_Alloc                              0x08002201   Thumb Code    58  os_tmr.o(.text)
    OSTmr_Unlink                             0x080022a9   Thumb Code    74  os_tmr.o(.text)
    OSTmr_Free                               0x080022f5   Thumb Code    68  os_tmr.o(.text)
    OSTmr_Link                               0x080024dd   Thumb Code    92  os_tmr.o(.text)
    OSTmr_InitTask                           0x08002695   Thumb Code    84  os_tmr.o(.text)
    OSTmr_Task                               0x080026e9   Thumb Code   136  os_tmr.o(.text)
    [Anonymous Symbol]                       0x08002770   Section        0  os_cpu_c.o(.text)
    .text                                    0x08002844   Section      180  os_cpu_a.o(.text)
    [Anonymous Symbol]                       0x080028f8   Section        0  bsp.o(.text)
    [Anonymous Symbol]                       0x08002930   Section        0  led.o(.text)
    [Anonymous Symbol]                       0x0800299c   Section        0  usart.o(.text)
    _ZL12USART1IOInitv                       0x080029e5   Thumb Code    62  usart.o(.text)
    _ZL10USART1Initv                         0x08002a25   Thumb Code    88  usart.o(.text)
    _ZL12USART2IOInitv                       0x08002a7d   Thumb Code    58  usart.o(.text)
    _ZL10USART2Initv                         0x08002ab9   Thumb Code    88  usart.o(.text)
    _ZL12USART3IOInitv                       0x08002b11   Thumb Code    62  usart.o(.text)
    _ZL10USART3Initv                         0x08002b51   Thumb Code    88  usart.o(.text)
    [Anonymous Symbol]                       0x08002c04   Section        0  delay.o(.text)
    [Anonymous Symbol]                       0x08002d10   Section        0  dht11.o(.text)
    [Anonymous Symbol]                       0x08002f28   Section        0  main.o(.text)
    [Anonymous Symbol]                       0x08002f80   Section        0  task.o(.text)
    [Anonymous Symbol]                       0x0800303c   Section        0  method.o(.text)
    [Anonymous Symbol]                       0x08003148   Section        0  stm32f10x_it.o(.text)
    [Anonymous Symbol]                       0x08003210   Section        0  transportlayer.o(.text)
    [Anonymous Symbol]                       0x08003284   Section        0  misc.o(.text)
    [Anonymous Symbol]                       0x08003344   Section        0  stm32f10x_gpio.o(.text)
    [Anonymous Symbol]                       0x080035c4   Section        0  stm32f10x_rcc.o(.text)
    [Anonymous Symbol]                       0x08003944   Section        0  stm32f10x_usart.o(.text)
    .text                                    0x08003ca8   Section       64  startup_stm32f10x_md.o(.text)
    [Anonymous Symbol]                       0x08003ce8   Section        0  system_stm32f10x.o(.text)
    SetSysClock                              0x08003d41   Thumb Code     2  system_stm32f10x.o(.text)
    SetSysClockTo72                          0x08003db5   Thumb Code   202  system_stm32f10x.o(.text)
    .text                                    0x08003e7e   Section       68  rt_memclr.o(.text)
    .text                                    0x08003ec2   Section       78  rt_memclr_w.o(.text)
    .text                                    0x08003f10   Section        0  heapauxi.o(.text)
    .text                                    0x08003f18   Section        0  sys_exit.o(.text)
    .text                                    0x08003f24   Section        2  use_no_semi.o(.text)
    .text                                    0x08003f26   Section        0  indicate_semi.o(.text)
    .text                                    0x08003f26   Section       74  sys_stackheap_outer.o(.text)
    .text                                    0x08003f70   Section        0  exit.o(.text)
    .text                                    0x08003f84   Section        8  libspace.o(.text)
    [Anonymous Symbol]                       0x08003f8c   Section        0  task.o(.text._ZN3LEDC2EP12GPIO_TypeDeftiNS_6statusE)
    [Anonymous Symbol]                       0x08003fa4   Section        0  task.o(.text._ZN5USARTC2EP13USART_TypeDef)
    x$fpl$d2f                                0x08003fa8   Section       98  d2f.o(x$fpl$d2f)
    x$fpl$dadd                               0x0800400c   Section      336  daddsub_clz.o(x$fpl$dadd)
    _dadd1                                   0x0800401d   Thumb Code     0  daddsub_clz.o(x$fpl$dadd)
    x$fpl$dfltu                              0x0800415c   Section       38  dflt_clz.o(x$fpl$dfltu)
    x$fpl$dmul                               0x08004184   Section      340  dmul.o(x$fpl$dmul)
    x$fpl$dnaninf                            0x080042d8   Section      156  dnaninf.o(x$fpl$dnaninf)
    x$fpl$dretinf                            0x08004374   Section       12  dretinf.o(x$fpl$dretinf)
    x$fpl$dsub                               0x08004380   Section      468  daddsub_clz.o(x$fpl$dsub)
    _dsub1                                   0x08004391   Thumb Code     0  daddsub_clz.o(x$fpl$dsub)
    x$fpl$f2d                                0x08004554   Section       86  f2d.o(x$fpl$f2d)
    x$fpl$ffltu                              0x080045ac   Section       38  fflt_clz.o(x$fpl$ffltu)
    x$fpl$fnaninf                            0x080045d2   Section      140  fnaninf.o(x$fpl$fnaninf)
    x$fpl$fretinf                            0x0800465e   Section       10  fretinf.o(x$fpl$fretinf)
    [Anonymous Symbol]                       0x08004668   Section        0  stm32f10x_rcc.o(.rodata.ADCPrescTable)
    x$fpl$usenofp                            0x08004668   Section        0  usenofp.o(x$fpl$usenofp)
    ADCPrescTable                            0x08004668   Data           4  stm32f10x_rcc.o(.rodata.ADCPrescTable)
    [Anonymous Symbol]                       0x0800467c   Section        0  stm32f10x_rcc.o(.rodata.APBAHBPrescTable)
    APBAHBPrescTable                         0x0800467c   Data          16  stm32f10x_rcc.o(.rodata.APBAHBPrescTable)
    [Anonymous Symbol]                       0x0800478c   Section        0  os_core.o(.rodata.str1.1)
    .L.str                                   0x0800478c   Data           2  os_core.o(.rodata.str1.1)
    .L.str                                   0x0800478c   Data           2  os_core.o(.rodata.str1.1)
    .L.str                                   0x0800478c   Data           2  os_core.o(.rodata.str1.1)
    .bss                                     0x20000008   Section       96  libspace.o(.bss)
    [Anonymous Symbol]                       0x20000368   Section        0  task.o(.bss.NodeData)
    NodeData                                 0x20000368   Data          16  task.o(.bss.NodeData)
    [Anonymous Symbol]                       0x20000cb4   Section        0  os_cpu_c.o(.bss.OSTmrCtr)
    OSTmrCtr                                 0x20000cb4   Data           2  os_cpu_c.o(.bss.OSTmrCtr)
    [Anonymous Symbol]                       0x2000118c   Section        0  delay.o(.bss._ZL6fac_ms)
    _ZL6fac_ms                               0x2000118c   Data           1  delay.o(.bss._ZL6fac_ms)
    [Anonymous Symbol]                       0x2000118d   Section        0  delay.o(.bss._ZL6fac_us)
    _ZL6fac_us                               0x2000118d   Data           1  delay.o(.bss._ZL6fac_us)
    HEAP                                     0x20001190   Section      512  startup_stm32f10x_md.o(HEAP)
    Heap_Mem                                 0x20001190   Data         512  startup_stm32f10x_md.o(HEAP)
    STACK                                    0x20001390   Section     1024  startup_stm32f10x_md.o(STACK)
    Stack_Mem                                0x20001390   Data        1024  startup_stm32f10x_md.o(STACK)
    __initial_sp                             0x20001790   Data           0  startup_stm32f10x_md.o(STACK)

    Global Symbols

    Symbol Name                              Value     Ov Type        Size  Object(Section)

    BuildAttributes$$THM_ISAv4$P$D$K$B$S$PE$A:L22UL41UL21$X:L11$S22US41US21$IEEE1$IW$~IW$USESV6$~STKCKD$USESV7$~SHL$OTIME$ROPI$EBA8$UX$STANDARDLIB$REQ8$EABIv2 0x00000000   Number         0  anon$$obj.o ABSOLUTE
    SHT$$ARM_EXIDX$$Base                      - Undefined Reference
    SHT$$ARM_EXIDX$$Limit                     - Undefined Reference
    __ARM_exceptions_init                     - Undefined Weak Reference
    __alloca_initialize                       - Undefined Weak Reference
    __arm_preinit_                            - Undefined Weak Reference
    __cpp_initialize__aeabi_                  - Undefined Weak Reference
    __cxa_finalize                            - Undefined Weak Reference
    __rt_locale                               - Undefined Weak Reference
    __sigvec_lookup                           - Undefined Weak Reference
    _atexit_init                              - Undefined Weak Reference
    _call_atexit_fns                          - Undefined Weak Reference
    _clock_init                               - Undefined Weak Reference
    _fp_trap_init                             - Undefined Weak Reference
    _fp_trap_shutdown                         - Undefined Weak Reference
    _get_lc_collate                           - Undefined Weak Reference
    _get_lc_ctype                             - Undefined Weak Reference
    _get_lc_monetary                          - Undefined Weak Reference
    _get_lc_numeric                           - Undefined Weak Reference
    _get_lc_time                              - Undefined Weak Reference
    _getenv_init                              - Undefined Weak Reference
    _handle_redirection                       - Undefined Weak Reference
    _init_alloc                               - Undefined Weak Reference
    _init_user_alloc                          - Undefined Weak Reference
    _initio                                   - Undefined Weak Reference
    _rand_init                                - Undefined Weak Reference
    _signal_finish                            - Undefined Weak Reference
    _signal_init                              - Undefined Weak Reference
    _terminate_alloc                          - Undefined Weak Reference
    _terminate_user_alloc                     - Undefined Weak Reference
    _terminateio                              - Undefined Weak Reference
    __Vectors_Size                           0x000000ec   Number         0  startup_stm32f10x_md.o ABSOLUTE
    __Vectors                                0x08000000   Data           4  startup_stm32f10x_md.o(RESET)
    __Vectors_End                            0x080000ec   Data           0  startup_stm32f10x_md.o(RESET)
    __main                                   0x080000ed   Thumb Code     8  __main.o(!!!main)
    __scatterload                            0x080000f5   Thumb Code     0  __scatter.o(!!!scatter)
    __scatterload_rt2                        0x080000f5   Thumb Code    44  __scatter.o(!!!scatter)
    __scatterload_rt2_thumb_only             0x080000f5   Thumb Code     0  __scatter.o(!!!scatter)
    __scatterload_null                       0x08000103   Thumb Code     0  __scatter.o(!!!scatter)
    __scatterload_copy                       0x08000129   Thumb Code    26  __scatter_copy.o(!!handler_copy)
    __scatterload_zeroinit                   0x08000145   Thumb Code    28  __scatter_zi.o(!!handler_zi)
    __rt_lib_init                            0x08000161   Thumb Code     0  libinit.o(.ARM.Collect$$libinit$$00000000)
    __rt_lib_init_alloca_1                   0x08000163   Thumb Code     0  libinit2.o(.ARM.Collect$$libinit$$0000002E)
    __rt_lib_init_argv_1                     0x08000163   Thumb Code     0  libinit2.o(.ARM.Collect$$libinit$$0000002C)
    __rt_lib_init_atexit_1                   0x08000163   Thumb Code     0  libinit2.o(.ARM.Collect$$libinit$$0000001B)
    __rt_lib_init_clock_1                    0x08000163   Thumb Code     0  libinit2.o(.ARM.Collect$$libinit$$00000021)
    __rt_lib_init_cpp_1                      0x08000163   Thumb Code     0  libinit2.o(.ARM.Collect$$libinit$$00000032)
    __rt_lib_init_exceptions_1               0x08000163   Thumb Code     0  libinit2.o(.ARM.Collect$$libinit$$00000030)
    __rt_lib_init_fp_1                       0x08000163   Thumb Code     0  libinit2.o(.ARM.Collect$$libinit$$00000002)
    __rt_lib_init_fp_trap_1                  0x08000163   Thumb Code     0  libinit2.o(.ARM.Collect$$libinit$$0000001F)
    __rt_lib_init_getenv_1                   0x08000163   Thumb Code     0  libinit2.o(.ARM.Collect$$libinit$$00000023)
    __rt_lib_init_heap_1                     0x08000163   Thumb Code     0  libinit2.o(.ARM.Collect$$libinit$$0000000A)
    __rt_lib_init_lc_collate_1               0x08000163   Thumb Code     0  libinit2.o(.ARM.Collect$$libinit$$00000011)
    __rt_lib_init_lc_ctype_1                 0x08000163   Thumb Code     0  libinit2.o(.ARM.Collect$$libinit$$00000013)
    __rt_lib_init_lc_monetary_1              0x08000163   Thumb Code     0  libinit2.o(.ARM.Collect$$libinit$$00000015)
    __rt_lib_init_lc_numeric_1               0x08000163   Thumb Code     0  libinit2.o(.ARM.Collect$$libinit$$00000017)
    __rt_lib_init_lc_time_1                  0x08000163   Thumb Code     0  libinit2.o(.ARM.Collect$$libinit$$00000019)
    __rt_lib_init_preinit_1                  0x08000163   Thumb Code     0  libinit2.o(.ARM.Collect$$libinit$$00000004)
    __rt_lib_init_rand_1                     0x08000163   Thumb Code     0  libinit2.o(.ARM.Collect$$libinit$$0000000E)
    __rt_lib_init_return                     0x08000163   Thumb Code     0  libinit2.o(.ARM.Collect$$libinit$$00000033)
    __rt_lib_init_signal_1                   0x08000163   Thumb Code     0  libinit2.o(.ARM.Collect$$libinit$$0000001D)
    __rt_lib_init_stdio_1                    0x08000163   Thumb Code     0  libinit2.o(.ARM.Collect$$libinit$$00000025)
    __rt_lib_init_user_alloc_1               0x08000163   Thumb Code     0  libinit2.o(.ARM.Collect$$libinit$$0000000C)
    __rt_lib_shutdown                        0x08000165   Thumb Code     0  libshutdown.o(.ARM.Collect$$libshutdown$$00000000)
    __rt_lib_shutdown_cpp_1                  0x08000167   Thumb Code     0  libshutdown2.o(.ARM.Collect$$libshutdown$$00000002)
    __rt_lib_shutdown_fp_trap_1              0x08000167   Thumb Code     0  libshutdown2.o(.ARM.Collect$$libshutdown$$00000007)
    __rt_lib_shutdown_heap_1                 0x08000167   Thumb Code     0  libshutdown2.o(.ARM.Collect$$libshutdown$$0000000F)
    __rt_lib_shutdown_return                 0x08000167   Thumb Code     0  libshutdown2.o(.ARM.Collect$$libshutdown$$00000010)
    __rt_lib_shutdown_signal_1               0x08000167   Thumb Code     0  libshutdown2.o(.ARM.Collect$$libshutdown$$0000000A)
    __rt_lib_shutdown_stdio_1                0x08000167   Thumb Code     0  libshutdown2.o(.ARM.Collect$$libshutdown$$00000004)
    __rt_lib_shutdown_user_alloc_1           0x08000167   Thumb Code     0  libshutdown2.o(.ARM.Collect$$libshutdown$$0000000C)
    __rt_entry                               0x08000169   Thumb Code     0  __rtentry.o(.ARM.Collect$$rtentry$$00000000)
    __rt_entry_presh_1                       0x08000169   Thumb Code     0  __rtentry2.o(.ARM.Collect$$rtentry$$00000002)
    __rt_entry_sh                            0x08000169   Thumb Code     0  __rtentry4.o(.ARM.Collect$$rtentry$$00000004)
    __rt_entry_li                            0x0800016f   Thumb Code     0  __rtentry2.o(.ARM.Collect$$rtentry$$0000000A)
    __rt_entry_postsh_1                      0x0800016f   Thumb Code     0  __rtentry2.o(.ARM.Collect$$rtentry$$00000009)
    __rt_entry_main                          0x08000173   Thumb Code     0  __rtentry2.o(.ARM.Collect$$rtentry$$0000000D)
    __rt_entry_postli_1                      0x08000173   Thumb Code     0  __rtentry2.o(.ARM.Collect$$rtentry$$0000000C)
    __rt_exit                                0x0800017b   Thumb Code     0  rtexit.o(.ARM.Collect$$rtexit$$00000000)
    __rt_exit_ls                             0x0800017d   Thumb Code     0  rtexit2.o(.ARM.Collect$$rtexit$$00000003)
    __rt_exit_prels_1                        0x0800017d   Thumb Code     0  rtexit2.o(.ARM.Collect$$rtexit$$00000002)
    __rt_exit_exit                           0x08000181   Thumb Code     0  rtexit2.o(.ARM.Collect$$rtexit$$00000004)
    OSInit                                   0x08000189   Thumb Code    46  os_core.o(.text)
    OSIntEnter                               0x08000341   Thumb Code    36  os_core.o(.text)
    OSIntExit                                0x08000365   Thumb Code   154  os_core.o(.text)
    OSSchedLock                              0x08000431   Thumb Code    66  os_core.o(.text)
    OSSchedUnlock                            0x08000475   Thumb Code    78  os_core.o(.text)
    OS_Sched                                 0x080004c5   Thumb Code   116  os_core.o(.text)
    OSStart                                  0x08000539   Thumb Code    82  os_core.o(.text)
    OSTimeTick                               0x0800058d   Thumb Code   192  os_core.o(.text)
    OSVersion                                0x0800064d   Thumb Code     6  os_core.o(.text)
    OS_Dummy                                 0x08000655   Thumb Code     2  os_core.o(.text)
    OS_EventTaskRdy                          0x08000659   Thumb Code   112  os_core.o(.text)
    OS_EventTaskRemove                       0x080006c9   Thumb Code    40  os_core.o(.text)
    OS_EventTaskWait                         0x080006f1   Thumb Code    98  os_core.o(.text)
    OS_EventWaitListInit                     0x08000755   Thumb Code    14  os_core.o(.text)
    OS_MemClr                                0x08000765   Thumb Code    18  os_core.o(.text)
    OS_MemCopy                               0x08000779   Thumb Code    30  os_core.o(.text)
    OS_StrLen                                0x08000799   Thumb Code    28  os_core.o(.text)
    OS_TaskIdle                              0x080007b5   Thumb Code    32  os_core.o(.text)
    OS_TaskStatStkChk                        0x080007d5   Thumb Code    66  os_core.o(.text)
    OS_TCBInit                               0x08000819   Thumb Code   272  os_core.o(.text)
    OSFlagAccept                             0x08000929   Thumb Code   234  os_flag.o(.text)
    OSFlagCreate                             0x08000a15   Thumb Code    84  os_flag.o(.text)
    OSFlagDel                                0x08000a69   Thumb Code   190  os_flag.o(.text)
    OSFlagNameGet                            0x08000b79   Thumb Code    78  os_flag.o(.text)
    OSFlagNameSet                            0x08000bc9   Thumb Code    60  os_flag.o(.text)
    OSFlagPend                               0x08000c05   Thumb Code   450  os_flag.o(.text)
    OS_FlagUnlink                            0x08000e49   Thumb Code    36  os_flag.o(.text)
    OSFlagPendGetFlagsRdy                    0x08000e6d   Thumb Code    26  os_flag.o(.text)
    OSFlagPost                               0x08000e89   Thumb Code   210  os_flag.o(.text)
    OSFlagQuery                              0x08000f5d   Thumb Code    36  os_flag.o(.text)
    OS_FlagInit                              0x08000f81   Thumb Code    76  os_flag.o(.text)
    OSQAccept                                0x08000fcd   Thumb Code    74  os_q.o(.text)
    OSQCreate                                0x08001019   Thumb Code   132  os_q.o(.text)
    OSQDel                                   0x0800109d   Thumb Code   204  os_q.o(.text)
    OSQFlush                                 0x08001169   Thumb Code    28  os_q.o(.text)
    OSQPend                                  0x08001185   Thumb Code   236  os_q.o(.text)
    OSQPendAbort                             0x08001271   Thumb Code   106  os_q.o(.text)
    OSQPost                                  0x080012dd   Thumb Code   112  os_q.o(.text)
    OSQPostFront                             0x0800134d   Thumb Code   114  os_q.o(.text)
    OSQPostOpt                               0x080013c1   Thumb Code   174  os_q.o(.text)
    OSQQuery                                 0x08001471   Thumb Code    82  os_q.o(.text)
    OS_QInit                                 0x080014c5   Thumb Code    48  os_q.o(.text)
    OSSemAccept                              0x080014f5   Thumb Code    38  os_sem.o(.text)
    OSSemCreate                              0x0800151d   Thumb Code    72  os_sem.o(.text)
    OSSemDel                                 0x08001565   Thumb Code   172  os_sem.o(.text)
    OSSemPend                                0x08001611   Thumb Code   192  os_sem.o(.text)
    OSSemPendAbort                           0x080016d1   Thumb Code   106  os_sem.o(.text)
    OSSemPost                                0x0800173d   Thumb Code    92  os_sem.o(.text)
    OSSemQuery                               0x08001799   Thumb Code    60  os_sem.o(.text)
    OSSemSet                                 0x080017d5   Thumb Code    60  os_sem.o(.text)
    OSTaskChangePrio                         0x08001811   Thumb Code   292  os_task.o(.text)
    OSTaskCreate                             0x08001935   Thumb Code   156  os_task.o(.text)
    OSTaskCreateExt                          0x080019d1   Thumb Code   176  os_task.o(.text)
    OS_TaskStkClr                            0x08001a81   Thumb Code    28  os_task.o(.text)
    OSTaskDel                                0x08001a9d   Thumb Code   344  os_task.o(.text)
    OSTaskDelReq                             0x08001bf5   Thumb Code    98  os_task.o(.text)
    OSTaskNameGet                            0x08001c59   Thumb Code   120  os_task.o(.text)
    OSTaskNameSet                            0x08001cd1   Thumb Code    90  os_task.o(.text)
    OSTaskResume                             0x08001d2d   Thumb Code   154  os_task.o(.text)
    OSTaskStkChk                             0x08001dc9   Thumb Code   126  os_task.o(.text)
    OSTaskSuspend                            0x08001e49   Thumb Code   170  os_task.o(.text)
    OSTaskQuery                              0x08001ef5   Thumb Code    92  os_task.o(.text)
    OSTaskRegGet                             0x08001f51   Thumb Code    54  os_task.o(.text)
    OSTaskRegSet                             0x08001f89   Thumb Code    58  os_task.o(.text)
    OS_TaskReturn                            0x08001fc5   Thumb Code    24  os_task.o(.text)
    OSTimeDly                                0x08001fdd   Thumb Code   122  os_time.o(.text)
    OSTimeDlyHMSM                            0x08002059   Thumb Code   112  os_time.o(.text)
    OSTimeDlyResume                          0x080020c9   Thumb Code   156  os_time.o(.text)
    OSTimeGet                                0x08002165   Thumb Code    24  os_time.o(.text)
    OSTimeSet                                0x0800217d   Thumb Code    26  os_time.o(.text)
    OSTmrCreate                              0x08002199   Thumb Code   102  os_tmr.o(.text)
    OSTmrDel                                 0x0800223d   Thumb Code   108  os_tmr.o(.text)
    OSTmrNameGet                             0x08002339   Thumb Code    96  os_tmr.o(.text)
    OSTmrRemainGet                           0x08002399   Thumb Code   144  os_tmr.o(.text)
    OSTmrStateGet                            0x08002429   Thumb Code    66  os_tmr.o(.text)
    OSTmrStart                               0x0800246d   Thumb Code   110  os_tmr.o(.text)
    OSTmrStop                                0x08002539   Thumb Code   152  os_tmr.o(.text)
    OSTmrSignal                              0x080025d1   Thumb Code    14  os_tmr.o(.text)
    OSTmr_Init                               0x080025e1   Thumb Code   178  os_tmr.o(.text)
    OSInitHookBegin                          0x08002771   Thumb Code    14  os_cpu_c.o(.text)
    OSInitHookEnd                            0x08002781   Thumb Code     2  os_cpu_c.o(.text)
    OSTaskCreateHook                         0x08002785   Thumb Code     2  os_cpu_c.o(.text)
    OSTaskDelHook                            0x08002789   Thumb Code     2  os_cpu_c.o(.text)
    OSTaskIdleHook                           0x0800278d   Thumb Code     2  os_cpu_c.o(.text)
    OSTaskStatHook                           0x08002791   Thumb Code     2  os_cpu_c.o(.text)
    OSTaskStkInit                            0x08002795   Thumb Code   122  os_cpu_c.o(.text)
    OSTaskSwHook                             0x08002811   Thumb Code     2  os_cpu_c.o(.text)
    OSTCBInitHook                            0x08002815   Thumb Code     2  os_cpu_c.o(.text)
    OSTimeTickHook                           0x08002819   Thumb Code    38  os_cpu_c.o(.text)
    OSTaskReturnHook                         0x08002841   Thumb Code     2  os_cpu_c.o(.text)
    OS_CPU_SR_Save                           0x08002845   Thumb Code     0  os_cpu_a.o(.text)
    OS_CPU_SR_Restore                        0x0800284d   Thumb Code     0  os_cpu_a.o(.text)
    OSStartHighRdy                           0x08002853   Thumb Code     0  os_cpu_a.o(.text)
    OSCtxSw                                  0x08002875   Thumb Code     0  os_cpu_a.o(.text)
    OSIntCtxSw                               0x08002883   Thumb Code     0  os_cpu_a.o(.text)
    PendSV_Handler                           0x08002893   Thumb Code     0  os_cpu_a.o(.text)
    BSPInit()                                0x080028f9   Thumb Code    56  bsp.o(.text)
    LED::BSPInit(GPIO_TypeDef*, unsigned short) 0x08002931   Thumb Code    48  led.o(.text)
    LED::__ChangeToStatus()                  0x08002961   Thumb Code    10  led.o(.text)
    LED::TurnOn()                            0x0800296d   Thumb Code     8  led.o(.text)
    LED::TurnOff()                           0x08002975   Thumb Code     8  led.o(.text)
    LED::Toggle()                            0x0800297d   Thumb Code    32  led.o(.text)
    USART::BSPInit(USART_TypeDef*)           0x0800299d   Thumb Code    70  usart.o(.text)
    USART::SendByte(unsigned char) const     0x08002ba9   Thumb Code    14  usart.o(.text)
    USART::SendArray(unsigned char*, int) const 0x08002bb9   Thumb Code    36  usart.o(.text)
    USART::SendString(const char*)           0x08002bdd   Thumb Code    40  usart.o(.text)
    delay_osschedlock()                      0x08002c05   Thumb Code     4  delay.o(.text)
    delay_osschedunlock()                    0x08002c09   Thumb Code     4  delay.o(.text)
    delay_ostimedly(unsigned)                0x08002c0d   Thumb Code     4  delay.o(.text)
    delay_init()                             0x08002c11   Thumb Code    90  delay.o(.text)
    delay_us(unsigned)                       0x08002c6d   Thumb Code    64  delay.o(.text)
    delay_ms(unsigned short)                 0x08002cad   Thumb Code   100  delay.o(.text)
    DHT11_Rst()                              0x08002d11   Thumb Code    58  dht11.o(.text)
    DHT11_Check()                            0x08002d4d   Thumb Code   118  dht11.o(.text)
    DHT11_Read_Bit()                         0x08002dc5   Thumb Code    80  dht11.o(.text)
    DHT11_Read_Byte()                        0x08002e15   Thumb Code    28  dht11.o(.text)
    DHT11_Read_Data(float*, float*)          0x08002e31   Thumb Code   186  dht11.o(.text)
    DHT11_Init()                             0x08002eed   Thumb Code    60  dht11.o(.text)
    fputc                                    0x08002f29   Thumb Code    38  main.o(.text)
    main                                     0x08002f51   Thumb Code    46  main.o(.text)
    GuardianTask(void*)                      0x08002f81   Thumb Code    52  task.o(.text)
    MainTask(void*)                          0x08002fb5   Thumb Code   134  task.o(.text)
    Method::ClearStringBuff(unsigned char*, int) 0x0800303d   Thumb Code    30  method.o(.text)
    Method::ClearStringBuff(char*, int)      0x0800305d   Thumb Code    30  method.o(.text)
    Method::U8ToInt(unsigned char*)          0x0800307d   Thumb Code    26  method.o(.text)
    Method::U8ToFloat(unsigned char*)        0x08003099   Thumb Code    26  method.o(.text)
    Method::FloatToU8(float, unsigned char*) 0x080030b5   Thumb Code     4  method.o(.text)
    Method::U8ToU16(unsigned char*)          0x080030b9   Thumb Code     4  method.o(.text)
    Method::U16ToU8(unsigned short, unsigned char*) 0x080030bd   Thumb Code     8  method.o(.text)
    Method::DelayUs(unsigned)                0x080030c5   Thumb Code    30  method.o(.text)
    Method::DelayMs(unsigned)                0x080030e5   Thumb Code    26  method.o(.text)
    Method::ModbusCRC16(unsigned char*, unsigned char) 0x08003101   Thumb Code    72  method.o(.text)
    NMI_Handler                              0x08003149   Thumb Code     2  stm32f10x_it.o(.text)
    HardFault_Handler                        0x0800314d   Thumb Code     2  stm32f10x_it.o(.text)
    MemManage_Handler                        0x08003151   Thumb Code     2  stm32f10x_it.o(.text)
    BusFault_Handler                         0x08003155   Thumb Code     2  stm32f10x_it.o(.text)
    UsageFault_Handler                       0x08003159   Thumb Code     2  stm32f10x_it.o(.text)
    SVC_Handler                              0x0800315d   Thumb Code     2  stm32f10x_it.o(.text)
    DebugMon_Handler                         0x08003161   Thumb Code     2  stm32f10x_it.o(.text)
    SysTick_Handler                          0x08003165   Thumb Code    30  stm32f10x_it.o(.text)
    USART1_IRQHandler                        0x08003185   Thumb Code    72  stm32f10x_it.o(.text)
    USART2_IRQHandler                        0x080031cd   Thumb Code    54  stm32f10x_it.o(.text)
    EXTI3_IRQHandler                         0x08003205   Thumb Code     2  stm32f10x_it.o(.text)
    EXTI4_IRQHandler                         0x08003209   Thumb Code     2  stm32f10x_it.o(.text)
    EXTI15_10_IRQHandler                     0x0800320d   Thumb Code     2  stm32f10x_it.o(.text)
    SendDataPackage(USART_TypeDef*, unsigned short, unsigned char*, unsigned char) 0x08003211   Thumb Code   114  transportlayer.o(.text)
    NVIC_PriorityGroupConfig                 0x08003285   Thumb Code    20  misc.o(.text)
    NVIC_Init                                0x08003299   Thumb Code    96  misc.o(.text)
    NVIC_SetVectorTable                      0x080032f9   Thumb Code    24  misc.o(.text)
    NVIC_SystemLPConfig                      0x08003311   Thumb Code    24  misc.o(.text)
    SysTick_CLKSourceConfig                  0x08003329   Thumb Code    26  misc.o(.text)
    GPIO_DeInit                              0x08003345   Thumb Code   128  stm32f10x_gpio.o(.text)
    GPIO_AFIODeInit                          0x080033c5   Thumb Code    22  stm32f10x_gpio.o(.text)
    GPIO_Init                                0x080033dd   Thumb Code   182  stm32f10x_gpio.o(.text)
    GPIO_StructInit                          0x08003495   Thumb Code    12  stm32f10x_gpio.o(.text)
    GPIO_ReadInputDataBit                    0x080034a1   Thumb Code    10  stm32f10x_gpio.o(.text)
    GPIO_ReadInputData                       0x080034ad   Thumb Code     6  stm32f10x_gpio.o(.text)
    GPIO_ReadOutputDataBit                   0x080034b5   Thumb Code    10  stm32f10x_gpio.o(.text)
    GPIO_ReadOutputData                      0x080034c1   Thumb Code     6  stm32f10x_gpio.o(.text)
    GPIO_SetBits                             0x080034c9   Thumb Code     4  stm32f10x_gpio.o(.text)
    GPIO_ResetBits                           0x080034cd   Thumb Code     4  stm32f10x_gpio.o(.text)
    GPIO_WriteBit                            0x080034d1   Thumb Code    12  stm32f10x_gpio.o(.text)
    GPIO_Write                               0x080034dd   Thumb Code     4  stm32f10x_gpio.o(.text)
    GPIO_PinLockConfig                       0x080034e1   Thumb Code    16  stm32f10x_gpio.o(.text)
    GPIO_EventOutputConfig                   0x080034f1   Thumb Code    24  stm32f10x_gpio.o(.text)
    GPIO_EventOutputCmd                      0x08003509   Thumb Code    10  stm32f10x_gpio.o(.text)
    GPIO_PinRemapConfig                      0x08003515   Thumb Code   110  stm32f10x_gpio.o(.text)
    GPIO_EXTILineConfig                      0x08003585   Thumb Code    52  stm32f10x_gpio.o(.text)
    GPIO_ETH_MediaInterfaceConfig            0x080035b9   Thumb Code    10  stm32f10x_gpio.o(.text)
    RCC_DeInit                               0x080035c5   Thumb Code    66  stm32f10x_rcc.o(.text)
    RCC_HSEConfig                            0x08003609   Thumb Code    50  stm32f10x_rcc.o(.text)
    RCC_WaitForHSEStartUp                    0x0800363d   Thumb Code    46  stm32f10x_rcc.o(.text)
    RCC_GetFlagStatus                        0x0800366d   Thumb Code    44  stm32f10x_rcc.o(.text)
    RCC_AdjustHSICalibrationValue            0x08003699   Thumb Code    22  stm32f10x_rcc.o(.text)
    RCC_HSICmd                               0x080036b1   Thumb Code    10  stm32f10x_rcc.o(.text)
    RCC_PLLConfig                            0x080036bd   Thumb Code    22  stm32f10x_rcc.o(.text)
    RCC_PLLCmd                               0x080036d5   Thumb Code    10  stm32f10x_rcc.o(.text)
    RCC_SYSCLKConfig                         0x080036e1   Thumb Code    20  stm32f10x_rcc.o(.text)
    RCC_GetSYSCLKSource                      0x080036f5   Thumb Code    16  stm32f10x_rcc.o(.text)
    RCC_HCLKConfig                           0x08003705   Thumb Code    20  stm32f10x_rcc.o(.text)
    RCC_PCLK1Config                          0x08003719   Thumb Code    20  stm32f10x_rcc.o(.text)
    RCC_PCLK2Config                          0x0800372d   Thumb Code    22  stm32f10x_rcc.o(.text)
    RCC_ITConfig                             0x08003745   Thumb Code    24  stm32f10x_rcc.o(.text)
    RCC_USBCLKConfig                         0x0800375d   Thumb Code    10  stm32f10x_rcc.o(.text)
    RCC_ADCCLKConfig                         0x08003769   Thumb Code    20  stm32f10x_rcc.o(.text)
    RCC_LSEConfig                            0x0800377d   Thumb Code    30  stm32f10x_rcc.o(.text)
    RCC_LSICmd                               0x0800379d   Thumb Code    12  stm32f10x_rcc.o(.text)
    RCC_RTCCLKConfig                         0x080037a9   Thumb Code    16  stm32f10x_rcc.o(.text)
    RCC_RTCCLKCmd                            0x080037b9   Thumb Code    12  stm32f10x_rcc.o(.text)
    RCC_GetClocksFreq                        0x080037c5   Thumb Code   176  stm32f10x_rcc.o(.text)
    RCC_AHBPeriphClockCmd                    0x08003875   Thumb Code    24  stm32f10x_rcc.o(.text)
    RCC_APB2PeriphClockCmd                   0x0800388d   Thumb Code    24  stm32f10x_rcc.o(.text)
    RCC_APB1PeriphClockCmd                   0x080038a5   Thumb Code    24  stm32f10x_rcc.o(.text)
    RCC_APB2PeriphResetCmd                   0x080038bd   Thumb Code    24  stm32f10x_rcc.o(.text)
    RCC_APB1PeriphResetCmd                   0x080038d5   Thumb Code    24  stm32f10x_rcc.o(.text)
    RCC_BackupResetCmd                       0x080038ed   Thumb Code    12  stm32f10x_rcc.o(.text)
    RCC_ClockSecuritySystemCmd               0x080038f9   Thumb Code    10  stm32f10x_rcc.o(.text)
    RCC_MCOConfig                            0x08003905   Thumb Code    12  stm32f10x_rcc.o(.text)
    RCC_ClearFlag                            0x08003911   Thumb Code    18  stm32f10x_rcc.o(.text)
    RCC_GetITStatus                          0x08003925   Thumb Code    18  stm32f10x_rcc.o(.text)
    RCC_ClearITPendingBit                    0x08003939   Thumb Code    12  stm32f10x_rcc.o(.text)
    USART_DeInit                             0x08003945   Thumb Code   174  stm32f10x_usart.o(.text)
    USART_Init                               0x080039f5   Thumb Code   168  stm32f10x_usart.o(.text)
    USART_StructInit                         0x08003a9d   Thumb Code    20  stm32f10x_usart.o(.text)
    USART_ClockInit                          0x08003ab1   Thumb Code    26  stm32f10x_usart.o(.text)
    USART_ClockStructInit                    0x08003acd   Thumb Code     8  stm32f10x_usart.o(.text)
    USART_Cmd                                0x08003ad5   Thumb Code    18  stm32f10x_usart.o(.text)
    USART_ITConfig                           0x08003ae9   Thumb Code    46  stm32f10x_usart.o(.text)
    USART_DMACmd                             0x08003b19   Thumb Code    16  stm32f10x_usart.o(.text)
    USART_SetAddress                         0x08003b29   Thumb Code    16  stm32f10x_usart.o(.text)
    USART_WakeUpConfig                       0x08003b39   Thumb Code    16  stm32f10x_usart.o(.text)
    USART_ReceiverWakeUpCmd                  0x08003b49   Thumb Code    18  stm32f10x_usart.o(.text)
    USART_LINBreakDetectLengthConfig         0x08003b5d   Thumb Code    16  stm32f10x_usart.o(.text)
    USART_LINCmd                             0x08003b6d   Thumb Code    18  stm32f10x_usart.o(.text)
    USART_SendData                           0x08003b81   Thumb Code     8  stm32f10x_usart.o(.text)
    USART_ReceiveData                        0x08003b89   Thumb Code     8  stm32f10x_usart.o(.text)
    USART_SendBreak                          0x08003b91   Thumb Code    10  stm32f10x_usart.o(.text)
    USART_SetGuardTime                       0x08003b9d   Thumb Code    16  stm32f10x_usart.o(.text)
    USART_SetPrescaler                       0x08003bad   Thumb Code    16  stm32f10x_usart.o(.text)
    USART_SmartCardCmd                       0x08003bbd   Thumb Code    18  stm32f10x_usart.o(.text)
    USART_SmartCardNACKCmd                   0x08003bd1   Thumb Code    18  stm32f10x_usart.o(.text)
    USART_HalfDuplexCmd                      0x08003be5   Thumb Code    18  stm32f10x_usart.o(.text)
    USART_OverSampling8Cmd                   0x08003bf9   Thumb Code    20  stm32f10x_usart.o(.text)
    USART_OneBitMethodCmd                    0x08003c0d   Thumb Code    18  stm32f10x_usart.o(.text)
    USART_IrDAConfig                         0x08003c21   Thumb Code    16  stm32f10x_usart.o(.text)
    USART_IrDACmd                            0x08003c31   Thumb Code    18  stm32f10x_usart.o(.text)
    USART_GetFlagStatus                      0x08003c45   Thumb Code    10  stm32f10x_usart.o(.text)
    USART_ClearFlag                          0x08003c51   Thumb Code     6  stm32f10x_usart.o(.text)
    USART_GetITStatus                        0x08003c59   Thumb Code    64  stm32f10x_usart.o(.text)
    USART_ClearITPendingBit                  0x08003c99   Thumb Code    14  stm32f10x_usart.o(.text)
    Reset_Handler                            0x08003ca9   Thumb Code     8  startup_stm32f10x_md.o(.text)
    ADC1_2_IRQHandler                        0x08003cc3   Thumb Code     0  startup_stm32f10x_md.o(.text)
    CAN1_RX1_IRQHandler                      0x08003cc3   Thumb Code     0  startup_stm32f10x_md.o(.text)
    CAN1_SCE_IRQHandler                      0x08003cc3   Thumb Code     0  startup_stm32f10x_md.o(.text)
    DMA1_Channel1_IRQHandler                 0x08003cc3   Thumb Code     0  startup_stm32f10x_md.o(.text)
    DMA1_Channel2_IRQHandler                 0x08003cc3   Thumb Code     0  startup_stm32f10x_md.o(.text)
    DMA1_Channel3_IRQHandler                 0x08003cc3   Thumb Code     0  startup_stm32f10x_md.o(.text)
    DMA1_Channel4_IRQHandler                 0x08003cc3   Thumb Code     0  startup_stm32f10x_md.o(.text)
    DMA1_Channel5_IRQHandler                 0x08003cc3   Thumb Code     0  startup_stm32f10x_md.o(.text)
    DMA1_Channel6_IRQHandler                 0x08003cc3   Thumb Code     0  startup_stm32f10x_md.o(.text)
    DMA1_Channel7_IRQHandler                 0x08003cc3   Thumb Code     0  startup_stm32f10x_md.o(.text)
    EXTI0_IRQHandler                         0x08003cc3   Thumb Code     0  startup_stm32f10x_md.o(.text)
    EXTI1_IRQHandler                         0x08003cc3   Thumb Code     0  startup_stm32f10x_md.o(.text)
    EXTI2_IRQHandler                         0x08003cc3   Thumb Code     0  startup_stm32f10x_md.o(.text)
    EXTI9_5_IRQHandler                       0x08003cc3   Thumb Code     0  startup_stm32f10x_md.o(.text)
    FLASH_IRQHandler                         0x08003cc3   Thumb Code     0  startup_stm32f10x_md.o(.text)
    I2C1_ER_IRQHandler                       0x08003cc3   Thumb Code     0  startup_stm32f10x_md.o(.text)
    I2C1_EV_IRQHandler                       0x08003cc3   Thumb Code     0  startup_stm32f10x_md.o(.text)
    I2C2_ER_IRQHandler                       0x08003cc3   Thumb Code     0  startup_stm32f10x_md.o(.text)
    I2C2_EV_IRQHandler                       0x08003cc3   Thumb Code     0  startup_stm32f10x_md.o(.text)
    PVD_IRQHandler                           0x08003cc3   Thumb Code     0  startup_stm32f10x_md.o(.text)
    RCC_IRQHandler                           0x08003cc3   Thumb Code     0  startup_stm32f10x_md.o(.text)
    RTCAlarm_IRQHandler                      0x08003cc3   Thumb Code     0  startup_stm32f10x_md.o(.text)
    RTC_IRQHandler                           0x08003cc3   Thumb Code     0  startup_stm32f10x_md.o(.text)
    SPI1_IRQHandler                          0x08003cc3   Thumb Code     0  startup_stm32f10x_md.o(.text)
    SPI2_IRQHandler                          0x08003cc3   Thumb Code     0  startup_stm32f10x_md.o(.text)
    TAMPER_IRQHandler                        0x08003cc3   Thumb Code     0  startup_stm32f10x_md.o(.text)
    TIM1_BRK_IRQHandler                      0x08003cc3   Thumb Code     0  startup_stm32f10x_md.o(.text)
    TIM1_CC_IRQHandler                       0x08003cc3   Thumb Code     0  startup_stm32f10x_md.o(.text)
    TIM1_TRG_COM_IRQHandler                  0x08003cc3   Thumb Code     0  startup_stm32f10x_md.o(.text)
    TIM1_UP_IRQHandler                       0x08003cc3   Thumb Code     0  startup_stm32f10x_md.o(.text)
    TIM2_IRQHandler                          0x08003cc3   Thumb Code     0  startup_stm32f10x_md.o(.text)
    TIM3_IRQHandler                          0x08003cc3   Thumb Code     0  startup_stm32f10x_md.o(.text)
    TIM4_IRQHandler                          0x08003cc3   Thumb Code     0  startup_stm32f10x_md.o(.text)
    USART3_IRQHandler                        0x08003cc3   Thumb Code     0  startup_stm32f10x_md.o(.text)
    USBWakeUp_IRQHandler                     0x08003cc3   Thumb Code     0  startup_stm32f10x_md.o(.text)
    USB_HP_CAN1_TX_IRQHandler                0x08003cc3   Thumb Code     0  startup_stm32f10x_md.o(.text)
    USB_LP_CAN1_RX0_IRQHandler               0x08003cc3   Thumb Code     0  startup_stm32f10x_md.o(.text)
    WWDG_IRQHandler                          0x08003cc3   Thumb Code     0  startup_stm32f10x_md.o(.text)
    __user_initial_stackheap                 0x08003cc5   Thumb Code     0  startup_stm32f10x_md.o(.text)
    SystemInit                               0x08003ce9   Thumb Code    86  system_stm32f10x.o(.text)
    SystemCoreClockUpdate                    0x08003d45   Thumb Code   112  system_stm32f10x.o(.text)
    __aeabi_memclr                           0x08003e7f   Thumb Code     0  rt_memclr.o(.text)
    __rt_memclr                              0x08003e7f   Thumb Code    68  rt_memclr.o(.text)
    _memset                                  0x08003e83   Thumb Code     0  rt_memclr.o(.text)
    __aeabi_memclr4                          0x08003ec3   Thumb Code     0  rt_memclr_w.o(.text)
    __aeabi_memclr8                          0x08003ec3   Thumb Code     0  rt_memclr_w.o(.text)
    __rt_memclr_w                            0x08003ec3   Thumb Code    78  rt_memclr_w.o(.text)
    _memset_w                                0x08003ec7   Thumb Code     0  rt_memclr_w.o(.text)
    __use_two_region_memory                  0x08003f11   Thumb Code     2  heapauxi.o(.text)
    __rt_heap_escrow$2region                 0x08003f13   Thumb Code     2  heapauxi.o(.text)
    __rt_heap_expand$2region                 0x08003f15   Thumb Code     2  heapauxi.o(.text)
    _sys_exit                                0x08003f19   Thumb Code     8  sys_exit.o(.text)
    __I$use$semihosting                      0x08003f25   Thumb Code     0  use_no_semi.o(.text)
    __use_no_semihosting_swi                 0x08003f25   Thumb Code     2  use_no_semi.o(.text)
    __semihosting_library_function           0x08003f27   Thumb Code     0  indicate_semi.o(.text)
    __user_setup_stackheap                   0x08003f27   Thumb Code    74  sys_stackheap_outer.o(.text)
    exit                                     0x08003f71   Thumb Code    18  exit.o(.text)
    __user_libspace                          0x08003f85   Thumb Code     8  libspace.o(.text)
    __user_perproc_libspace                  0x08003f85   Thumb Code     0  libspace.o(.text)
    __user_perthread_libspace                0x08003f85   Thumb Code     0  libspace.o(.text)
    LED::LED__sub_object(GPIO_TypeDef*, unsigned short, int, LED::status) 0x08003f8d   Thumb Code    24  task.o(.text._ZN3LEDC2EP12GPIO_TypeDeftiNS_6statusE)
    USART::USART__sub_object(USART_TypeDef*) 0x08003fa5   Thumb Code     4  task.o(.text._ZN5USARTC2EP13USART_TypeDef)
    __aeabi_d2f                              0x08003fa9   Thumb Code     0  d2f.o(x$fpl$d2f)
    _d2f                                     0x08003fa9   Thumb Code    98  d2f.o(x$fpl$d2f)
    __aeabi_dadd                             0x0800400d   Thumb Code     0  daddsub_clz.o(x$fpl$dadd)
    _dadd                                    0x0800400d   Thumb Code   332  daddsub_clz.o(x$fpl$dadd)
    __aeabi_ui2d                             0x0800415d   Thumb Code     0  dflt_clz.o(x$fpl$dfltu)
    _dfltu                                   0x0800415d   Thumb Code    38  dflt_clz.o(x$fpl$dfltu)
    __aeabi_dmul                             0x08004185   Thumb Code     0  dmul.o(x$fpl$dmul)
    _dmul                                    0x08004185   Thumb Code   332  dmul.o(x$fpl$dmul)
    __fpl_dnaninf                            0x080042d9   Thumb Code   156  dnaninf.o(x$fpl$dnaninf)
    __fpl_dretinf                            0x08004375   Thumb Code    12  dretinf.o(x$fpl$dretinf)
    __aeabi_dsub                             0x08004381   Thumb Code     0  daddsub_clz.o(x$fpl$dsub)
    _dsub                                    0x08004381   Thumb Code   464  daddsub_clz.o(x$fpl$dsub)
    __aeabi_f2d                              0x08004555   Thumb Code     0  f2d.o(x$fpl$f2d)
    _f2d                                     0x08004555   Thumb Code    86  f2d.o(x$fpl$f2d)
    __aeabi_ui2f                             0x080045ad   Thumb Code     0  fflt_clz.o(x$fpl$ffltu)
    _ffltu                                   0x080045ad   Thumb Code    38  fflt_clz.o(x$fpl$ffltu)
    __fpl_fnaninf                            0x080045d3   Thumb Code   140  fnaninf.o(x$fpl$fnaninf)
    __fpl_fretinf                            0x0800465f   Thumb Code    10  fretinf.o(x$fpl$fretinf)
    __I$use$fp                               0x08004668   Number         0  usenofp.o(x$fpl$usenofp)
    AHBPrescTable                            0x0800466c   Data          16  system_stm32f10x.o(.rodata.AHBPrescTable)
    OSUnMapTbl                               0x0800468c   Data         256  os_core.o(.rodata.OSUnMapTbl)
    Region$$Table$$Base                      0x08004790   Number         0  anon$$obj.o(Region$$Table)
    Region$$Table$$Limit                     0x080047b0   Number         0  anon$$obj.o(Region$$Table)
    SystemCoreClock                          0x20000000   Data           4  system_stm32f10x.o(.data.SystemCoreClock)
    __libspace_start                         0x20000008   Data          96  libspace.o(.bss)
    GUARDIAN_TASK_STK                        0x20000068   Data         256  task.o(.bss.GUARDIAN_TASK_STK)
    __temporary_stack_top$libspace           0x20000068   Data           0  libspace.o(.bss)
    MAIN_TASK_STK                            0x20000168   Data         512  task.o(.bss.MAIN_TASK_STK)
    OSCtxSwCtr                               0x20000378   Data           4  os_core.o(.bss.OSCtxSwCtr)
    OSEventFreeList                          0x2000037c   Data           4  os_core.o(.bss.OSEventFreeList)
    OSEventTbl                               0x20000380   Data         400  os_core.o(.bss.OSEventTbl)
    OSFlagFreeList                           0x20000510   Data           4  os_core.o(.bss.OSFlagFreeList)
    OSFlagTbl                                0x20000514   Data          80  os_core.o(.bss.OSFlagTbl)
    OSIdleCtr                                0x20000564   Data           4  os_core.o(.bss.OSIdleCtr)
    OSIntNesting                             0x20000568   Data           1  os_core.o(.bss.OSIntNesting)
    OSLockNesting                            0x20000569   Data           1  os_core.o(.bss.OSLockNesting)
    OSPrioCur                                0x2000056a   Data           1  os_core.o(.bss.OSPrioCur)
    OSPrioHighRdy                            0x2000056b   Data           1  os_core.o(.bss.OSPrioHighRdy)
    OSQFreeList                              0x2000056c   Data           4  os_core.o(.bss.OSQFreeList)
    OSQTbl                                   0x20000570   Data         120  os_core.o(.bss.OSQTbl)
    OSRdyGrp                                 0x200005e8   Data           1  os_core.o(.bss.OSRdyGrp)
    OSRdyTbl                                 0x200005f0   Data           8  os_core.o(.bss.OSRdyTbl)
    OSRunning                                0x200005f8   Data           1  os_core.o(.bss.OSRunning)
    OSTCBCur                                 0x200005fc   Data           4  os_core.o(.bss.OSTCBCur)
    OSTCBFreeList                            0x20000600   Data           4  os_core.o(.bss.OSTCBFreeList)
    OSTCBHighRdy                             0x20000604   Data           4  os_core.o(.bss.OSTCBHighRdy)
    OSTCBList                                0x20000608   Data           4  os_core.o(.bss.OSTCBList)
    OSTCBPrioTbl                             0x2000060c   Data         256  os_core.o(.bss.OSTCBPrioTbl)
    OSTCBTbl                                 0x2000070c   Data         924  os_core.o(.bss.OSTCBTbl)
    OSTaskCtr                                0x20000aa8   Data           1  os_core.o(.bss.OSTaskCtr)
    OSTaskIdleStk                            0x20000aac   Data         512  os_core.o(.bss.OSTaskIdleStk)
    OSTickStepState                          0x20000cac   Data           1  os_core.o(.bss.OSTickStepState)
    OSTime                                   0x20000cb0   Data           4  os_core.o(.bss.OSTime)
    OSTmrFree                                0x20000cb6   Data           2  os_core.o(.bss.OSTmrFree)
    OSTmrFreeList                            0x20000cb8   Data           4  os_core.o(.bss.OSTmrFreeList)
    OSTmrSem                                 0x20000cbc   Data           4  os_core.o(.bss.OSTmrSem)
    OSTmrSemSignal                           0x20000cc0   Data           4  os_core.o(.bss.OSTmrSemSignal)
    OSTmrTaskStk                             0x20000cc4   Data         512  os_core.o(.bss.OSTmrTaskStk)
    OSTmrTbl                                 0x20000ec4   Data         640  os_core.o(.bss.OSTmrTbl)
    OSTmrTime                                0x20001144   Data           4  os_core.o(.bss.OSTmrTime)
    OSTmrUsed                                0x20001148   Data           2  os_core.o(.bss.OSTmrUsed)
    OSTmrWheelTbl                            0x2000114c   Data          64  os_core.o(.bss.OSTmrWheelTbl)



==============================================================================

Memory Map of the image

  Image Entry point : 0x080000ed

  Load Region LR_IROM1 (Base: 0x08000000, Size: 0x000047b8, Max: 0x00010000, ABSOLUTE)

    Execution Region ER_IROM1 (Exec base: 0x08000000, Load base: 0x08000000, Size: 0x000047b0, Max: 0x00010000, ABSOLUTE)

    Exec Addr    Load Addr    Size         Type   Attr      Idx    E Section Name        Object

    0x08000000   0x08000000   0x000000ec   Data   RO          440    RESET               startup_stm32f10x_md.o
    0x080000ec   0x080000ec   0x00000008   Code   RO          467  * !!!main             c_w.l(__main.o)
    0x080000f4   0x080000f4   0x00000034   Code   RO          783    !!!scatter          c_w.l(__scatter.o)
    0x08000128   0x08000128   0x0000001a   Code   RO          785    !!handler_copy      c_w.l(__scatter_copy.o)
    0x08000142   0x08000142   0x00000002   PAD
    0x08000144   0x08000144   0x0000001c   Code   RO          787    !!handler_zi        c_w.l(__scatter_zi.o)
    0x08000160   0x08000160   0x00000002   Code   RO          661    .ARM.Collect$$libinit$$00000000  c_w.l(libinit.o)
    0x08000162   0x08000162   0x00000000   Code   RO          672    .ARM.Collect$$libinit$$00000002  c_w.l(libinit2.o)
    0x08000162   0x08000162   0x00000000   Code   RO          674    .ARM.Collect$$libinit$$00000004  c_w.l(libinit2.o)
    0x08000162   0x08000162   0x00000000   Code   RO          677    .ARM.Collect$$libinit$$0000000A  c_w.l(libinit2.o)
    0x08000162   0x08000162   0x00000000   Code   RO          679    .ARM.Collect$$libinit$$0000000C  c_w.l(libinit2.o)
    0x08000162   0x08000162   0x00000000   Code   RO          681    .ARM.Collect$$libinit$$0000000E  c_w.l(libinit2.o)
    0x08000162   0x08000162   0x00000000   Code   RO          684    .ARM.Collect$$libinit$$00000011  c_w.l(libinit2.o)
    0x08000162   0x08000162   0x00000000   Code   RO          686    .ARM.Collect$$libinit$$00000013  c_w.l(libinit2.o)
    0x08000162   0x08000162   0x00000000   Code   RO          688    .ARM.Collect$$libinit$$00000015  c_w.l(libinit2.o)
    0x08000162   0x08000162   0x00000000   Code   RO          690    .ARM.Collect$$libinit$$00000017  c_w.l(libinit2.o)
    0x08000162   0x08000162   0x00000000   Code   RO          692    .ARM.Collect$$libinit$$00000019  c_w.l(libinit2.o)
    0x08000162   0x08000162   0x00000000   Code   RO          694    .ARM.Collect$$libinit$$0000001B  c_w.l(libinit2.o)
    0x08000162   0x08000162   0x00000000   Code   RO          696    .ARM.Collect$$libinit$$0000001D  c_w.l(libinit2.o)
    0x08000162   0x08000162   0x00000000   Code   RO          698    .ARM.Collect$$libinit$$0000001F  c_w.l(libinit2.o)
    0x08000162   0x08000162   0x00000000   Code   RO          700    .ARM.Collect$$libinit$$00000021  c_w.l(libinit2.o)
    0x08000162   0x08000162   0x00000000   Code   RO          702    .ARM.Collect$$libinit$$00000023  c_w.l(libinit2.o)
    0x08000162   0x08000162   0x00000000   Code   RO          704    .ARM.Collect$$libinit$$00000025  c_w.l(libinit2.o)
    0x08000162   0x08000162   0x00000000   Code   RO          708    .ARM.Collect$$libinit$$0000002C  c_w.l(libinit2.o)
    0x08000162   0x08000162   0x00000000   Code   RO          710    .ARM.Collect$$libinit$$0000002E  c_w.l(libinit2.o)
    0x08000162   0x08000162   0x00000000   Code   RO          712    .ARM.Collect$$libinit$$00000030  c_w.l(libinit2.o)
    0x08000162   0x08000162   0x00000000   Code   RO          714    .ARM.Collect$$libinit$$00000032  c_w.l(libinit2.o)
    0x08000162   0x08000162   0x00000002   Code   RO          715    .ARM.Collect$$libinit$$00000033  c_w.l(libinit2.o)
    0x08000164   0x08000164   0x00000002   Code   RO          755    .ARM.Collect$$libshutdown$$00000000  c_w.l(libshutdown.o)
    0x08000166   0x08000166   0x00000000   Code   RO          767    .ARM.Collect$$libshutdown$$00000002  c_w.l(libshutdown2.o)
    0x08000166   0x08000166   0x00000000   Code   RO          769    .ARM.Collect$$libshutdown$$00000004  c_w.l(libshutdown2.o)
    0x08000166   0x08000166   0x00000000   Code   RO          772    .ARM.Collect$$libshutdown$$00000007  c_w.l(libshutdown2.o)
    0x08000166   0x08000166   0x00000000   Code   RO          775    .ARM.Collect$$libshutdown$$0000000A  c_w.l(libshutdown2.o)
    0x08000166   0x08000166   0x00000000   Code   RO          777    .ARM.Collect$$libshutdown$$0000000C  c_w.l(libshutdown2.o)
    0x08000166   0x08000166   0x00000000   Code   RO          780    .ARM.Collect$$libshutdown$$0000000F  c_w.l(libshutdown2.o)
    0x08000166   0x08000166   0x00000002   Code   RO          781    .ARM.Collect$$libshutdown$$00000010  c_w.l(libshutdown2.o)
    0x08000168   0x08000168   0x00000000   Code   RO          529    .ARM.Collect$$rtentry$$00000000  c_w.l(__rtentry.o)
    0x08000168   0x08000168   0x00000000   Code   RO          620    .ARM.Collect$$rtentry$$00000002  c_w.l(__rtentry2.o)
    0x08000168   0x08000168   0x00000006   Code   RO          632    .ARM.Collect$$rtentry$$00000004  c_w.l(__rtentry4.o)
    0x0800016e   0x0800016e   0x00000000   Code   RO          622    .ARM.Collect$$rtentry$$00000009  c_w.l(__rtentry2.o)
    0x0800016e   0x0800016e   0x00000004   Code   RO          623    .ARM.Collect$$rtentry$$0000000A  c_w.l(__rtentry2.o)
    0x08000172   0x08000172   0x00000000   Code   RO          625    .ARM.Collect$$rtentry$$0000000C  c_w.l(__rtentry2.o)
    0x08000172   0x08000172   0x00000008   Code   RO          626    .ARM.Collect$$rtentry$$0000000D  c_w.l(__rtentry2.o)
    0x0800017a   0x0800017a   0x00000002   Code   RO          665    .ARM.Collect$$rtexit$$00000000  c_w.l(rtexit.o)
    0x0800017c   0x0800017c   0x00000000   Code   RO          721    .ARM.Collect$$rtexit$$00000002  c_w.l(rtexit2.o)
    0x0800017c   0x0800017c   0x00000004   Code   RO          722    .ARM.Collect$$rtexit$$00000003  c_w.l(rtexit2.o)
    0x08000180   0x08000180   0x00000006   Code   RO          723    .ARM.Collect$$rtexit$$00000004  c_w.l(rtexit2.o)
    0x08000186   0x08000186   0x00000002   PAD
    0x08000188   0x08000188   0x000007a0   Code   RO            1    .text               os_core.o
    0x08000928   0x08000928   0x000006a4   Code   RO           61    .text               os_flag.o
    0x08000fcc   0x08000fcc   0x00000528   Code   RO           87    .text               os_q.o
    0x080014f4   0x080014f4   0x0000031c   Code   RO           99    .text               os_sem.o
    0x08001810   0x08001810   0x000007cc   Code   RO          111    .text               os_task.o
    0x08001fdc   0x08001fdc   0x000001ba   Code   RO          123    .text               os_time.o
    0x08002196   0x08002196   0x00000002   PAD
    0x08002198   0x08002198   0x000005d8   Code   RO          135    .text               os_tmr.o
    0x08002770   0x08002770   0x000000d2   Code   RO          148    .text               os_cpu_c.o
    0x08002842   0x08002842   0x00000002   PAD
    0x08002844   0x08002844   0x000000b4   Code   RO          172    .text               os_cpu_a.o
    0x080028f8   0x080028f8   0x00000038   Code   RO          177    .text               bsp.o
    0x08002930   0x08002930   0x0000006c   Code   RO          188    .text               led.o
    0x0800299c   0x0800299c   0x00000268   Code   RO          200    .text               usart.o
    0x08002c04   0x08002c04   0x0000010c   Code   RO          212    .text               delay.o
    0x08002d10   0x08002d10   0x00000218   Code   RO          226    .text               dht11.o
    0x08002f28   0x08002f28   0x00000056   Code   RO          247    .text               main.o
    0x08002f7e   0x08002f7e   0x00000002   PAD
    0x08002f80   0x08002f80   0x000000ba   Code   RO          260    .text               task.o
    0x0800303a   0x0800303a   0x00000002   PAD
    0x0800303c   0x0800303c   0x0000010c   Code   RO          279    .text               method.o
    0x08003148   0x08003148   0x000000c6   Code   RO          291    .text               stm32f10x_it.o
    0x0800320e   0x0800320e   0x00000002   PAD
    0x08003210   0x08003210   0x00000072   Code   RO          316    .text               transportlayer.o
    0x08003282   0x08003282   0x00000002   PAD
    0x08003284   0x08003284   0x000000be   Code   RO          328    .text               misc.o
    0x08003342   0x08003342   0x00000002   PAD
    0x08003344   0x08003344   0x0000027e   Code   RO          364    .text               stm32f10x_gpio.o
    0x080035c2   0x080035c2   0x00000002   PAD
    0x080035c4   0x080035c4   0x00000380   Code   RO          388    .text               stm32f10x_rcc.o
    0x08003944   0x08003944   0x00000362   Code   RO          426    .text               stm32f10x_usart.o
    0x08003ca6   0x08003ca6   0x00000002   PAD
    0x08003ca8   0x08003ca8   0x00000040   Code   RO          441    .text               startup_stm32f10x_md.o
    0x08003ce8   0x08003ce8   0x00000196   Code   RO          445    .text               system_stm32f10x.o
    0x08003e7e   0x08003e7e   0x00000044   Code   RO          461    .text               c_w.l(rt_memclr.o)
    0x08003ec2   0x08003ec2   0x0000004e   Code   RO          463    .text               c_w.l(rt_memclr_w.o)
    0x08003f10   0x08003f10   0x00000006   Code   RO          465    .text               c_w.l(heapauxi.o)
    0x08003f16   0x08003f16   0x00000002   PAD
    0x08003f18   0x08003f18   0x0000000c   Code   RO          615    .text               c_w.l(sys_exit.o)
    0x08003f24   0x08003f24   0x00000002   Code   RO          641    .text               c_w.l(use_no_semi.o)
    0x08003f26   0x08003f26   0x00000000   Code   RO          643    .text               c_w.l(indicate_semi.o)
    0x08003f26   0x08003f26   0x0000004a   Code   RO          644    .text               c_w.l(sys_stackheap_outer.o)
    0x08003f70   0x08003f70   0x00000012   Code   RO          648    .text               c_w.l(exit.o)
    0x08003f82   0x08003f82   0x00000002   PAD
    0x08003f84   0x08003f84   0x00000008   Code   RO          662    .text               c_w.l(libspace.o)
    0x08003f8c   0x08003f8c   0x00000018   Code   RO          275    .text._ZN3LEDC2EP12GPIO_TypeDeftiNS_6statusE  task.o
    0x08003fa4   0x08003fa4   0x00000004   Code   RO          277    .text._ZN5USARTC2EP13USART_TypeDef  task.o
    0x08003fa8   0x08003fa8   0x00000062   Code   RO          469    x$fpl$d2f           fz_ws.l(d2f.o)
    0x0800400a   0x0800400a   0x00000002   PAD
    0x0800400c   0x0800400c   0x00000150   Code   RO          471    x$fpl$dadd          fz_ws.l(daddsub_clz.o)
    0x0800415c   0x0800415c   0x00000026   Code   RO          477    x$fpl$dfltu         fz_ws.l(dflt_clz.o)
    0x08004182   0x08004182   0x00000002   PAD
    0x08004184   0x08004184   0x00000154   Code   RO          483    x$fpl$dmul          fz_ws.l(dmul.o)
    0x080042d8   0x080042d8   0x0000009c   Code   RO          532    x$fpl$dnaninf       fz_ws.l(dnaninf.o)
    0x08004374   0x08004374   0x0000000c   Code   RO          534    x$fpl$dretinf       fz_ws.l(dretinf.o)
    0x08004380   0x08004380   0x000001d4   Code   RO          473    x$fpl$dsub          fz_ws.l(daddsub_clz.o)
    0x08004554   0x08004554   0x00000056   Code   RO          485    x$fpl$f2d           fz_ws.l(f2d.o)
    0x080045aa   0x080045aa   0x00000002   PAD
    0x080045ac   0x080045ac   0x00000026   Code   RO          487    x$fpl$ffltu         fz_ws.l(fflt_clz.o)
    0x080045d2   0x080045d2   0x0000008c   Code   RO          536    x$fpl$fnaninf       fz_ws.l(fnaninf.o)
    0x0800465e   0x0800465e   0x0000000a   Code   RO          538    x$fpl$fretinf       fz_ws.l(fretinf.o)
    0x08004668   0x08004668   0x00000000   Code   RO          540    x$fpl$usenofp       fz_ws.l(usenofp.o)
    0x08004668   0x08004668   0x00000004   Data   RO          391    .rodata.ADCPrescTable  stm32f10x_rcc.o
    0x0800466c   0x0800466c   0x00000010   Data   RO          448    .rodata.AHBPrescTable  system_stm32f10x.o
    0x0800467c   0x0800467c   0x00000010   Data   RO          390    .rodata.APBAHBPrescTable  stm32f10x_rcc.o
    0x0800468c   0x0800468c   0x00000100   Data   RO            3    .rodata.OSUnMapTbl  os_core.o
    0x0800478c   0x0800478c   0x00000002   Data   RO           20    .rodata.str1.1      os_core.o
    0x0800478e   0x0800478e   0x00000002   PAD
    0x08004790   0x08004790   0x00000020   Data   RO          782    Region$$Table       anon$$obj.o


    Execution Region RW_IRAM1 (Exec base: 0x20000000, Load base: 0x080047b0, Size: 0x00001790, Max: 0x00005000, ABSOLUTE)

    Exec Addr    Load Addr    Size         Type   Attr      Idx    E Section Name        Object

    0x20000000   0x080047b0   0x00000004   Data   RW          447    .data.SystemCoreClock  system_stm32f10x.o
    0x20000004   0x080047b4   0x00000004   PAD
    0x20000008        -       0x00000060   Zero   RW          663    .bss                c_w.l(libspace.o)
    0x20000068        -       0x00000100   Zero   RW          262    .bss.GUARDIAN_TASK_STK  task.o
    0x20000168        -       0x00000200   Zero   RW          263    .bss.MAIN_TASK_STK  task.o
    0x20000368        -       0x00000010   Zero   RW          264    .bss.NodeData       task.o
    0x20000378        -       0x00000004   Zero   RW           11    .bss.OSCtxSwCtr     os_core.o
    0x2000037c        -       0x00000004   Zero   RW           22    .bss.OSEventFreeList  os_core.o
    0x20000380        -       0x00000190   Zero   RW           23    .bss.OSEventTbl     os_core.o
    0x20000510        -       0x00000004   Zero   RW           25    .bss.OSFlagFreeList  os_core.o
    0x20000514        -       0x00000050   Zero   RW           24    .bss.OSFlagTbl      os_core.o
    0x20000564        -       0x00000004   Zero   RW           18    .bss.OSIdleCtr      os_core.o
    0x20000568        -       0x00000001   Zero   RW            5    .bss.OSIntNesting   os_core.o
    0x20000569        -       0x00000001   Zero   RW            6    .bss.OSLockNesting  os_core.o
    0x2000056a        -       0x00000001   Zero   RW           10    .bss.OSPrioCur      os_core.o
    0x2000056b        -       0x00000001   Zero   RW            8    .bss.OSPrioHighRdy  os_core.o
    0x2000056c        -       0x00000004   Zero   RW           28    .bss.OSQFreeList    os_core.o
    0x20000570        -       0x00000078   Zero   RW           29    .bss.OSQTbl         os_core.o
    0x200005e8        -       0x00000001   Zero   RW           16    .bss.OSRdyGrp       os_core.o
    0x200005e9   0x080047b4   0x00000007   PAD
    0x200005f0        -       0x00000008   Zero   RW           17    .bss.OSRdyTbl       os_core.o
    0x200005f8        -       0x00000001   Zero   RW            4    .bss.OSRunning      os_core.o
    0x200005f9   0x080047b4   0x00000003   PAD
    0x200005fc        -       0x00000004   Zero   RW           12    .bss.OSTCBCur       os_core.o
    0x20000600        -       0x00000004   Zero   RW           19    .bss.OSTCBFreeList  os_core.o
    0x20000604        -       0x00000004   Zero   RW            9    .bss.OSTCBHighRdy   os_core.o
    0x20000608        -       0x00000004   Zero   RW           15    .bss.OSTCBList      os_core.o
    0x2000060c        -       0x00000100   Zero   RW            7    .bss.OSTCBPrioTbl   os_core.o
    0x2000070c        -       0x0000039c   Zero   RW           27    .bss.OSTCBTbl       os_core.o
    0x20000aa8        -       0x00000001   Zero   RW           21    .bss.OSTaskCtr      os_core.o
    0x20000aa9   0x080047b4   0x00000003   PAD
    0x20000aac        -       0x00000200   Zero   RW           26    .bss.OSTaskIdleStk  os_core.o
    0x20000cac        -       0x00000001   Zero   RW           14    .bss.OSTickStepState  os_core.o
    0x20000cad   0x080047b4   0x00000003   PAD
    0x20000cb0        -       0x00000004   Zero   RW           13    .bss.OSTime         os_core.o
    0x20000cb4        -       0x00000002   Zero   RW          150    .bss.OSTmrCtr       os_cpu_c.o
    0x20000cb6        -       0x00000002   Zero   RW           30    .bss.OSTmrFree      os_core.o
    0x20000cb8        -       0x00000004   Zero   RW           36    .bss.OSTmrFreeList  os_core.o
    0x20000cbc        -       0x00000004   Zero   RW           33    .bss.OSTmrSem       os_core.o
    0x20000cc0        -       0x00000004   Zero   RW           34    .bss.OSTmrSemSignal  os_core.o
    0x20000cc4        -       0x00000200   Zero   RW           37    .bss.OSTmrTaskStk   os_core.o
    0x20000ec4        -       0x00000280   Zero   RW           35    .bss.OSTmrTbl       os_core.o
    0x20001144        -       0x00000004   Zero   RW           32    .bss.OSTmrTime      os_core.o
    0x20001148        -       0x00000002   Zero   RW           31    .bss.OSTmrUsed      os_core.o
    0x2000114a   0x080047b4   0x00000002   PAD
    0x2000114c        -       0x00000040   Zero   RW           38    .bss.OSTmrWheelTbl  os_core.o
    0x2000118c        -       0x00000001   Zero   RW          215    .bss._ZL6fac_ms     delay.o
    0x2000118d        -       0x00000001   Zero   RW          214    .bss._ZL6fac_us     delay.o
    0x2000118e   0x080047b4   0x00000002   PAD
    0x20001190        -       0x00000200   Zero   RW          439    HEAP                startup_stm32f10x_md.o
    0x20001390        -       0x00000400   Zero   RW          438    STACK               startup_stm32f10x_md.o


==============================================================================

Image component sizes


      Code (inc. data)   RO Data    RW Data    ZI Data      Debug   Object Name

        56          0          0          0          0      11522   bsp.o
       268          0          0          0          2      12933   delay.o
       536          0          0          0          0      13675   dht11.o
       108          0          0          0          0      13392   led.o
        86          0          0          0          0      11562   main.o
       268          0          0          0          0      14129   method.o
       190          0          0          0          0       3495   misc.o
      1952         16        258          0       3584      10283   os_core.o
       180         36          0          0          0        372   os_cpu_a.o
       210          0          0          0          2       3506   os_cpu_c.o
      1700         12          0          0          0       8367   os_flag.o
      1320          0          0          0          0       6285   os_q.o
       796          0          0          0          0       4309   os_sem.o
      1996          4          0          0          0       9037   os_task.o
       442          0          0          0          0       3620   os_time.o
      1496         20          0          0          0       7117   os_tmr.o
        64         26        236          0       1536        844   startup_stm32f10x_md.o
       638          8          0          0          0       5869   stm32f10x_gpio.o
       198          0          0          0          0      13600   stm32f10x_it.o
       896          0         20          0          0       7594   stm32f10x_rcc.o
       866          0          0          0          0       7605   stm32f10x_usart.o
       406          0         16          4          0       3055   system_stm32f10x.o
       214          0          0          0        784      14072   task.o
       114          0          0          0          0      12831   transportlayer.o
       616          0          0          0          0      16353   usart.o

    ----------------------------------------------------------------------
     15634        122        564          4       5932     215427   Object Totals
         0          0         32          0          0          0   (incl. Generated)
        18          0          2          0         24          0   (incl. Padding)

    ----------------------------------------------------------------------

      Code (inc. data)   RO Data    RW Data    ZI Data      Debug   Library Member Name

         8          0          0          0          0         68   __main.o
         0          0          0          0          0          0   __rtentry.o
        12          0          0          0          0          0   __rtentry2.o
         6          0          0          0          0          0   __rtentry4.o
        52          8          0          0          0          0   __scatter.o
        26          0          0          0          0          0   __scatter_copy.o
        28          0          0          0          0          0   __scatter_zi.o
        18          0          0          0          0         80   exit.o
         6          0          0          0          0        152   heapauxi.o
         0          0          0          0          0          0   indicate_semi.o
         2          0          0          0          0          0   libinit.o
         2          0          0          0          0          0   libinit2.o
         2          0          0          0          0          0   libshutdown.o
         2          0          0          0          0          0   libshutdown2.o
         8          4          0          0         96         68   libspace.o
        68          0          0          0          0         68   rt_memclr.o
        78          0          0          0          0         80   rt_memclr_w.o
         2          0          0          0          0          0   rtexit.o
        10          0          0          0          0          0   rtexit2.o
        12          4          0          0          0         68   sys_exit.o
        74          0          0          0          0         80   sys_stackheap_outer.o
         2          0          0          0          0         68   use_no_semi.o
        98          4          0          0          0         92   d2f.o
       804         16          0          0          0        280   daddsub_clz.o
        38          0          0          0          0         68   dflt_clz.o
       340         12          0          0          0        104   dmul.o
       156          4          0          0          0         92   dnaninf.o
        12          0          0          0          0         68   dretinf.o
        86          4          0          0          0         84   f2d.o
        38          0          0          0          0         68   fflt_clz.o
       140          4          0          0          0         84   fnaninf.o
        10          0          0          0          0         68   fretinf.o
         0          0          0          0          0          0   usenofp.o

    ----------------------------------------------------------------------
      2154         60          0          0         96       1740   Library Totals
        14          0          0          0          0          0   (incl. Padding)

    ----------------------------------------------------------------------

      Code (inc. data)   RO Data    RW Data    ZI Data      Debug   Library Name

       418         16          0          0         96        732   c_w.l
      1722         44          0          0          0       1008   fz_ws.l

    ----------------------------------------------------------------------
      2154         60          0          0         96       1740   Library Totals

    ----------------------------------------------------------------------

==============================================================================


      Code (inc. data)   RO Data    RW Data    ZI Data      Debug   

     17788        182        564          4       6028     217371   Grand Totals
     17788        182        564          4       6028     217371   ELF Image Totals
     17788        182        564          4          0          0   ROM Totals

==============================================================================

    Total RO  Size (Code + RO Data)                18352 (  17.92kB)
    Total RW  Size (RW Data + ZI Data)              6032 (   5.89kB)
    Total ROM Size (Code + RO Data + RW Data)      18356 (  17.93kB)

==============================================================================

